03-14 19:07:40.787  2185  2263 D PowerManagerService: userActivityNoUpdateLocked: groupId=0, eventTime=351906213, event=touch, flags=0x0, uid=1000
03-14 19:07:41.019  2185  2705 D CoreBackPreview: Window{3b9ad6a u0 NotificationShade}: Setting back callback null
03-14 19:07:41.042  2185  2705 D WindowManagerServiceExtImpl: extractConfigInfoAndRealFlags rotation=0, screenDp=708, residentWS:0, win=Window{3b9ad6a u0 NotificationShade}
03-14 19:07:41.043  2185  2705 V WindowManager: Relayout Window{3b9ad6a u0 NotificationShade}: viewVisibility=4, oldvis=0, req=1080x2400, vsysui=LIGHT_STATUS_BAR LIGHT_NAVIGATION_BAR, x=0, y=0
03-14 19:07:41.044  2185  2705 I WindowManager: Window{3b9ad6a u0 NotificationShade} state from HAS_DRAWN to NO_SURFACE; reason: destroySurface
03-14 19:07:41.044  2185  2234 I UserAwareMgr: handleFgAppChanged, pkgName: com.android.systemui, pid: 2725, isVisible: false, fgAppType: FG2
03-14 19:07:41.044  2185  2234 I UserAwareMgr: fg app status not changed, beforeVisible: true, currentVisible: true
03-14 19:07:41.049  2185  2705 D WindowManager: NFW_findFocusedWindowIfNeeded:Window{380bd71 u0 com.zhiliaoapp.musically/com.ss.android.ugc.aweme.splash.SplashActivity} mCurrentFocus:Window{3b9ad6a u0 NotificationShade}
03-14 19:07:41.049  2185  2705 V WindowManager: Changing focus from Window{3b9ad6a u0 NotificationShade} to Window{380bd71 u0 com.zhiliaoapp.musically/com.ss.android.ugc.aweme.splash.SplashActivity},diplayid=0
03-14 19:07:41.052  2185  2705 D WindowManager: setFrameRateStart invalid typeId return!
03-14 19:07:41.054  2185  2705 D WindowManager: setFrameRateStart invalid typeId return!
03-14 19:07:41.119  2185  2705 V AutofillInlineSuggestionsRequestSession: onInputMethodFinishInput() received
03-14 19:07:41.120  2185  2705 V AutofillInlineSuggestionsRequestSession: onInputMethodStartInput() received on 0
03-14 19:07:41.125  2185  2705 W PackageConfigPersister: App-specific configuration not found for packageName: com.zhiliaoapp.musically and userId: 0
03-14 19:07:42.161  2185  3297 I OplusStatusBarManagerServiceEnhance:  getTopIsFullscreen mTopIsFullscreen: false
03-14 19:07:42.161  2185  3297 W ActivityManager: Permission Denial: getTopApplicationInfo from pid=21836, uid=10293 requires oplus.permission.OPLUS_COMPONENT_SAFE
03-14 19:07:42.164  2185  2185 D NotificationService--OplusNotificationManagerServiceExtImpl: isForwardToAssistants: true, case : Is local notification
03-14 19:07:42.164  2185  2185 D NotificationService: This application enqueue notifications is need postDelayed mcsAssistantDelayTime: 200
03-14 19:07:42.227  2185  2705 I OplusStatusBarManagerServiceEnhance:  getTopIsFullscreen mTopIsFullscreen: false
03-14 19:07:42.228  2185  2705 W ActivityManager: Permission Denial: getTopApplicationInfo from pid=21836, uid=10293 requires oplus.permission.OPLUS_COMPONENT_SAFE
03-14 19:07:42.228  2185  2185 D NotificationService--OplusNotificationManagerServiceExtImpl: isForwardToAssistants: true, case : Is local notification
03-14 19:07:42.229  2185  2185 D NotificationService: This application enqueue notifications is need postDelayed mcsAssistantDelayTime: 200
03-14 19:07:42.353  2185  2705 I OplusStatusBarManagerServiceEnhance:  getTopIsFullscreen mTopIsFullscreen: false
03-14 19:07:42.353  2185  2705 W ActivityManager: Permission Denial: getTopApplicationInfo from pid=21836, uid=10293 requires oplus.permission.OPLUS_COMPONENT_SAFE
03-14 19:07:42.354  2185  2185 D NotificationService--OplusNotificationManagerServiceExtImpl: isForwardToAssistants: true, case : Is local notification
03-14 19:07:42.354  2185  2185 D NotificationService: This application enqueue notifications is need postDelayed mcsAssistantDelayTime: 200
03-14 19:07:44.036  2185  2234 I UserAwareMgr: handleAppChangedToBg, pkgName: com.android.systemui, pid: 2725
03-14 19:07:44.039  2185  2234 I UserAwareMgr: handleAppChangedToBg, pkgName: com.android.systemui, pid: 2725
03-14 19:07:44.040  2185  2234 W UserAwareMgr: app not not found or not visible: {pkgName='com.android.systemui', processName='com.android.systemui', pid=2725, uid=10207, flags='systemui|bg', renderTid=3000, hwuiTids=[3851, 3852], glTids=null, threadInfos={wmshell.main={threadName='wmshell.main', tid=2821, extendTids=null}, ll.splashworker={threadName='ll.splashworker', tid=2938, extendTids=null}, wmshell.anim={threadName='wmshell.anim', tid=2878, extendTids=null}, VolumeDialogControllerImpl={threadName='VolumeDialogControllerImpl', tid=3542, extendTids=null}, ll.splashscreen={threadName='ll.splashscreen', tid=2937, extendTids=null}, KeyguardWorkerThread={threadName='KeyguardWorkerThread', tid=3064, extendTids=null}, OnScreenFingerprint OpticalUIUpdateThread={threadName='OnScreenFingerprint OpticalUIUpdateThread', tid=3888, extendTids=null}, ImageWallpaper={threadName='ImageWallpaper', tid=3754, extendTids=null}, KgdAnimThread={threadName='KgdAnimThread', tid=3066, extendTids=null}, GestureUI={threadName='GestureUI', tid=3422, extendTids=null}, SysUiLng={threadName='SysUiLng', tid=3750, extendTids=null}}}
03-14 19:07:44.040  2185  2234 W UserAwareMgr: handleAppChangedToBg process is empty
03-14 19:07:52.596  2185  2392 D PowerManagerService: userActivityNoUpdateLocked: groupId=0, eventTime=351918023, event=touch, flags=0x0, uid=1000
03-14 19:07:52.599  2185  2234 W UserAwareMgr: can not find match thread: GaussianBlur for process com.android.systemui
03-14 19:07:52.666  2185  2234 I UserAwareMgr: handleTopAppChanged: com.android.systemui, pid: 2725, uid: 10207
03-14 19:07:52.667  2185  3292 D CoreBackPreview: Window{3b9ad6a u0 NotificationShade}: Setting back callback OnBackInvokedCallbackInfo{mCallback=android.window.IOnBackInvokedCallback$Stub$Proxy@716da55, mPriority=0, mIsAnimationCallback=false}
03-14 19:07:52.675  2185  2211 D WindowManager: request show transient bar, mShowingTransientTypes = 0 showingTransientTypes = 0
03-14 19:07:52.684  2185  3568 I VibratorManagerServiceExtImpl: cancelVibrate uid=1000, pid=2185, usageFilter=-15, token=68846935
03-14 19:07:52.690  2725  3702 V OplusCustomizeCacheManager: queryCache name: sys.cache.common_customize_cache18014 param: null
03-14 19:07:52.690  2725  3702 V OplusCustomizeCacheManager: queryCache name: sys.cache.common_customize_cache18017 param: Bundle[{SETTING=BLOCK, BUSINESS=NCT-DATA}]
03-14 19:07:52.690  2725  3702 V OplusCustomizeCacheManager: start recompute
03-14 19:07:52.692  2725  3702 V OplusCustomizeCacheManager: queryCache name: sys.cache.common_customize_cache18013 param: null
03-14 19:07:52.693  2185  3292 D WindowManagerServiceExtImpl: extractConfigInfoAndRealFlags rotation=0, screenDp=708, residentWS:0, win=Window{3b9ad6a u0 NotificationShade}
03-14 19:07:52.694  2185  3292 V WindowManager: Relayout Window{3b9ad6a u0 NotificationShade}: viewVisibility=0, oldvis=4, req=1080x2400, vsysui=LIGHT_STATUS_BAR LIGHT_NAVIGATION_BAR, x=0, y=0
03-14 19:07:52.694  2185  3292 I WindowManager: Window{3b9ad6a u0 NotificationShade} state from NO_SURFACE to DRAW_PENDING; reason: resetDrawState
03-14 19:07:52.697  2185  2263 D PowerManagerService: userActivityNoUpdateLocked: groupId=0, eventTime=351918124, event=touch, flags=0x0, uid=1000
03-14 19:07:52.700  2185  3292 D WindowManager: NFW_findFocusedWindowIfNeeded:Window{380bd71 u0 com.zhiliaoapp.musically/com.ss.android.ugc.aweme.splash.SplashActivity} mCurrentFocus:Window{380bd71 u0 com.zhiliaoapp.musically/com.ss.android.ugc.aweme.splash.SplashActivity}
03-14 19:07:52.702  2725  2725 W VRI[NotificationShade]: updateBlastSurfaceIfNeeded, surfaceSize:Point(1080, 2400), lastSurfaceSize:Point(1080, 2400), format:-3, blastBufferQueue:null
03-14 19:07:52.734  2185  3568 I WindowManager: Window{3b9ad6a u0 NotificationShade} state from DRAW_PENDING to COMMIT_DRAW_PENDING; reason: finishDrawingLocked
03-14 19:07:52.737  2185  2214 I WindowManager: Window{3b9ad6a u0 NotificationShade} state from COMMIT_DRAW_PENDING to READY_TO_SHOW; reason: commitFinishDrawingLocked
03-14 19:07:52.737  2185  2214 I WindowManager: Window{3b9ad6a u0 NotificationShade} state from READY_TO_SHOW to HAS_DRAWN; reason: performShowLocked
03-14 19:07:52.745  2185  2234 I UserAwareMgr: handleFgAppChanged, pkgName: com.android.systemui, pid: 2725, isVisible: true, fgAppType: FG2
03-14 19:07:52.745  2185  2234 I UserAwareMgr: fg app status not changed, beforeVisible: true, currentVisible: true
03-14 19:07:52.764  2725  2725 W VRI[NotificationShade]: updateBlastSurfaceIfNeeded, surfaceSize:Point(1080, 2400), lastSurfaceSize:Point(1080, 2400), format:-3, blastBufferQueue:android.graphics.BLASTBufferQueue@3eaa89
03-14 19:07:52.764  2185  3292 D WindowManagerServiceExtImpl: extractConfigInfoAndRealFlags rotation=0, screenDp=708, residentWS:0, win=Window{3b9ad6a u0 NotificationShade}
03-14 19:07:52.765  2185  3292 V WindowManager: Relayout Window{3b9ad6a u0 NotificationShade}: viewVisibility=0, oldvis=0, req=1080x2400, vsysui=LIGHT_STATUS_BAR LIGHT_NAVIGATION_BAR, x=0, y=0
03-14 19:07:52.769  2185  3292 D WindowManager: setFrameRateStart invalid typeId return!
03-14 19:07:52.770  2185  3292 D WindowManager: NFW_findFocusedWindowIfNeeded:Window{3b9ad6a u0 NotificationShade} mCurrentFocus:Window{380bd71 u0 com.zhiliaoapp.musically/com.ss.android.ugc.aweme.splash.SplashActivity}
03-14 19:07:52.771  2185  3292 V WindowManager: Changing focus from Window{380bd71 u0 com.zhiliaoapp.musically/com.ss.android.ugc.aweme.splash.SplashActivity} to Window{3b9ad6a u0 NotificationShade},diplayid=0
03-14 19:07:52.771  2185  2543 E UAH-Framework: invalid window type -1, return
03-14 19:07:52.773  2185  3292 D WindowManager: setFrameRateStart invalid typeId return!
03-14 19:07:52.774  2185  3292 D WindowManager: setFrameRateStart invalid typeId return!
03-14 19:07:52.777  2725  3702 V OplusCustomizeCacheManager: queryCache name: sys.cache.common_customize_cache18014 param: null
03-14 19:07:52.777  2725  3702 V OplusCustomizeCacheManager: queryCache name: sys.cache.common_customize_cache18017 param: Bundle[{SETTING=BLOCK, BUSINESS=NCT-DATA}]
03-14 19:07:52.777  2725  3702 V OplusCustomizeCacheManager: start recompute
03-14 19:07:52.779  2725  3702 V OplusCustomizeCacheManager: queryCache name: sys.cache.common_customize_cache18013 param: null
03-14 19:07:52.792  2725  3702 V OplusCustomizeCacheManager: queryCache name: sys.cache.common_customize_cache18014 param: null
03-14 19:07:52.792  2725  3702 V OplusCustomizeCacheManager: queryCache name: sys.cache.common_customize_cache18017 param: Bundle[{SETTING=BLOCK, BUSINESS=NCT-DATA}]
03-14 19:07:52.792  2725  3702 V OplusCustomizeCacheManager: start recompute
03-14 19:07:52.794  2725  3702 V OplusCustomizeCacheManager: queryCache name: sys.cache.common_customize_cache18013 param: null
03-14 19:07:52.796  2725  3702 V OplusCustomizeCacheManager: queryCache name: sys.cache.common_customize_cache18014 param: null
03-14 19:07:52.796  2725  3702 V OplusCustomizeCacheManager: queryCache name: sys.cache.common_customize_cache18017 param: Bundle[{SETTING=BLOCK, BUSINESS=NCT-DATA}]
03-14 19:07:52.796  2725  3702 V OplusCustomizeCacheManager: start recompute
03-14 19:07:52.797  2185  2263 D PowerManagerService: userActivityNoUpdateLocked: groupId=0, eventTime=351918225, event=touch, flags=0x0, uid=1000
03-14 19:07:52.798  2725  3702 V OplusCustomizeCacheManager: queryCache name: sys.cache.common_customize_cache18013 param: null
03-14 19:07:52.808  2725  3702 V OplusCustomizeCacheManager: queryCache name: sys.cache.common_customize_cache18014 param: null
03-14 19:07:52.809  2725  3702 V OplusCustomizeCacheManager: queryCache name: sys.cache.common_customize_cache18017 param: Bundle[{SETTING=BLOCK, BUSINESS=NCT-DATA}]
03-14 19:07:52.810  2725  3702 V OplusCustomizeCacheManager: start recompute
03-14 19:07:52.811  2725  3702 V OplusCustomizeCacheManager: queryCache name: sys.cache.common_customize_cache18013 param: null
03-14 19:07:52.816  2185  3292 D LockSettingsService: [getStrongAuthForUser]  userId = 0
03-14 19:07:53.502  2185  2263 D PowerManagerService: userActivityNoUpdateLocked: groupId=0, eventTime=351918928, event=touch, flags=0x0, uid=1000
03-14 19:07:53.616  2185  2263 D PowerManagerService: userActivityNoUpdateLocked: groupId=0, eventTime=351919040, event=touch, flags=0x0, uid=1000
03-14 19:07:53.837  2185  3292 D CoreBackPreview: Window{3b9ad6a u0 NotificationShade}: Setting back callback null
03-14 19:07:53.861  2185  3568 D WindowManagerServiceExtImpl: extractConfigInfoAndRealFlags rotation=0, screenDp=708, residentWS:0, win=Window{3b9ad6a u0 NotificationShade}
03-14 19:07:53.862  2185  3568 V WindowManager: Relayout Window{3b9ad6a u0 NotificationShade}: viewVisibility=4, oldvis=0, req=1080x2400, vsysui=LIGHT_STATUS_BAR LIGHT_NAVIGATION_BAR, x=0, y=0
03-14 19:07:53.862  2185  3568 I WindowManager: Window{3b9ad6a u0 NotificationShade} state from HAS_DRAWN to NO_SURFACE; reason: destroySurface
03-14 19:07:53.863  2185  2234 I UserAwareMgr: handleFgAppChanged, pkgName: com.android.systemui, pid: 2725, isVisible: false, fgAppType: FG2
03-14 19:07:53.863  2185  2234 I UserAwareMgr: fg app status not changed, beforeVisible: true, currentVisible: true
03-14 19:07:53.867  2185  3568 D WindowManager: NFW_findFocusedWindowIfNeeded:Window{380bd71 u0 com.zhiliaoapp.musically/com.ss.android.ugc.aweme.splash.SplashActivity} mCurrentFocus:Window{3b9ad6a u0 NotificationShade}
03-14 19:07:53.867  2185  3568 V WindowManager: Changing focus from Window{3b9ad6a u0 NotificationShade} to Window{380bd71 u0 com.zhiliaoapp.musically/com.ss.android.ugc.aweme.splash.SplashActivity},diplayid=0
03-14 19:07:53.869  2185  3568 D WindowManager: setFrameRateStart invalid typeId return!
03-14 19:07:53.871  2185  3568 D WindowManager: setFrameRateStart invalid typeId return!
03-14 19:07:53.908  2185  2185 D MBrainLocalService: isVendorFreezeConditionPass is false
03-14 19:07:53.908  2185  2185 D MBrainLocalService: notifyNetworkChange failed
03-14 19:07:53.934  2185  3568 V AutofillInlineSuggestionsRequestSession: onInputMethodFinishInput() received
03-14 19:07:53.937  2185  3568 V AutofillInlineSuggestionsRequestSession: onInputMethodStartInput() received on 0
03-14 19:07:53.940  2185  3568 W PackageConfigPersister: App-specific configuration not found for packageName: com.zhiliaoapp.musically and userId: 0
03-14 19:07:56.846  2185  2234 I UserAwareMgr: handleAppChangedToBg, pkgName: com.android.systemui, pid: 2725
03-14 19:07:56.852  2185  2234 I UserAwareMgr: handleAppChangedToBg, pkgName: com.android.systemui, pid: 2725
03-14 19:07:56.853  2185  2234 W UserAwareMgr: app not not found or not visible: {pkgName='com.android.systemui', processName='com.android.systemui', pid=2725, uid=10207, flags='systemui|bg', renderTid=3000, hwuiTids=[3851, 3852], glTids=null, threadInfos={wmshell.main={threadName='wmshell.main', tid=2821, extendTids=null}, ll.splashworker={threadName='ll.splashworker', tid=2938, extendTids=null}, wmshell.anim={threadName='wmshell.anim', tid=2878, extendTids=null}, VolumeDialogControllerImpl={threadName='VolumeDialogControllerImpl', tid=3542, extendTids=null}, ll.splashscreen={threadName='ll.splashscreen', tid=2937, extendTids=null}, KeyguardWorkerThread={threadName='KeyguardWorkerThread', tid=3064, extendTids=null}, OnScreenFingerprint OpticalUIUpdateThread={threadName='OnScreenFingerprint OpticalUIUpdateThread', tid=3888, extendTids=null}, ImageWallpaper={threadName='ImageWallpaper', tid=3754, extendTids=null}, KgdAnimThread={threadName='KgdAnimThread', tid=3066, extendTids=null}, GestureUI={threadName='GestureUI', tid=3422, extendTids=null}, SysUiLng={threadName='SysUiLng', tid=3750, extendTids=null}}}
03-14 19:07:56.853  2185  2234 W UserAwareMgr: handleAppChangedToBg process is empty
03-14 19:07:59.595  2185  2264 D OplusDisplayBrightnessBroadcastReceiver: onReceive action = android.intent.action.BATTERY_CHANGED , listeners = [com.android.server.display.OplusFeatureHDREnhanceBrightness$PhoneInfoReceiver@fef6f7d, com.android.server.display.OplusFeatureEdrEnhanceBrightness$PhoneInfoReceiver@498be72]
03-14 19:08:00.001  2185  2369 V AlarmManager: sending alarm Alarm{2753c79 type 3 origWhen 485552287 whenElapsed 485552287 android} uid 1000 whenElapsed 485552287 windowLength 0 maxWhenElapsed 485552287 repeatInterval 0 action null component null tag TIME_TICK flags 0x9 procName system_server
03-14 19:08:00.028  2185  2264 D OplusDisplayBrightnessBroadcastReceiver: onReceive action = android.intent.action.TIME_TICK , listeners = [com.android.server.display.marvels.module.ORBrightnessMarvelsDataCollector$ScreenStateReceiver@151f752]
03-14 19:08:00.518  2185  2234 W UserAwareMgr: can not find match thread: GaussianBlur for process com.android.systemui
03-14 19:08:00.518  2185  2263 D PowerManagerService: userActivityNoUpdateLocked: groupId=0, eventTime=351925943, event=touch, flags=0x0, uid=1000
03-14 19:08:00.568  2185  2211 D WindowManager: request show transient bar, mShowingTransientTypes = 0 showingTransientTypes = 0
03-14 19:08:00.576  2185  2234 I UserAwareMgr: handleTopAppChanged: com.android.systemui, pid: 2725, uid: 10207
03-14 19:08:00.577  2185  3568 D CoreBackPreview: Window{3b9ad6a u0 NotificationShade}: Setting back callback OnBackInvokedCallbackInfo{mCallback=android.window.IOnBackInvokedCallback$Stub$Proxy@95d01b1, mPriority=0, mIsAnimationCallback=false}
03-14 19:08:00.598  2185  3568 I VibratorManagerServiceExtImpl: cancelVibrate uid=1000, pid=2185, usageFilter=-15, token=68846935
03-14 19:08:00.605  2185  3568 D WindowManagerServiceExtImpl: extractConfigInfoAndRealFlags rotation=0, screenDp=708, residentWS:0, win=Window{3b9ad6a u0 NotificationShade}
03-14 19:08:00.606  2185  3568 V WindowManager: Relayout Window{3b9ad6a u0 NotificationShade}: viewVisibility=0, oldvis=4, req=1080x2400, vsysui=LIGHT_STATUS_BAR LIGHT_NAVIGATION_BAR, x=0, y=0
03-14 19:08:00.606  2185  3568 I WindowManager: Window{3b9ad6a u0 NotificationShade} state from NO_SURFACE to DRAW_PENDING; reason: resetDrawState
03-14 19:08:00.608  2725  3702 V OplusCustomizeCacheManager: queryCache name: sys.cache.common_customize_cache18014 param: null
03-14 19:08:00.609  2725  3702 V OplusCustomizeCacheManager: queryCache name: sys.cache.common_customize_cache18017 param: Bundle[{SETTING=BLOCK, BUSINESS=NCT-DATA}]
03-14 19:08:00.609  2725  3702 V OplusCustomizeCacheManager: start recompute
03-14 19:08:00.611  2725  3702 V OplusCustomizeCacheManager: queryCache name: sys.cache.common_customize_cache18013 param: null
03-14 19:08:00.613  2185  3568 D WindowManager: NFW_findFocusedWindowIfNeeded:Window{380bd71 u0 com.zhiliaoapp.musically/com.ss.android.ugc.aweme.splash.SplashActivity} mCurrentFocus:Window{380bd71 u0 com.zhiliaoapp.musically/com.ss.android.ugc.aweme.splash.SplashActivity}
03-14 19:08:00.616  2725  2725 W VRI[NotificationShade]: updateBlastSurfaceIfNeeded, surfaceSize:Point(1080, 2400), lastSurfaceSize:Point(1080, 2400), format:-3, blastBufferQueue:null
03-14 19:08:00.616  2185  2263 D PowerManagerService: userActivityNoUpdateLocked: groupId=0, eventTime=351926044, event=touch, flags=0x0, uid=1000
03-14 19:08:00.653  2185  3297 I WindowManager: Window{3b9ad6a u0 NotificationShade} state from DRAW_PENDING to COMMIT_DRAW_PENDING; reason: finishDrawingLocked
03-14 19:08:00.663  2185  2214 I WindowManager: Window{3b9ad6a u0 NotificationShade} state from COMMIT_DRAW_PENDING to READY_TO_SHOW; reason: commitFinishDrawingLocked
03-14 19:08:00.663  2185  2214 I WindowManager: Window{3b9ad6a u0 NotificationShade} state from READY_TO_SHOW to HAS_DRAWN; reason: performShowLocked
03-14 19:08:00.670  2185  2234 I UserAwareMgr: handleFgAppChanged, pkgName: com.android.systemui, pid: 2725, isVisible: true, fgAppType: FG2
03-14 19:08:00.670  2185  2234 I UserAwareMgr: fg app status not changed, beforeVisible: true, currentVisible: true
03-14 19:08:00.691  2725  3702 V OplusCustomizeCacheManager: queryCache name: sys.cache.common_customize_cache18014 param: null
03-14 19:08:00.691  2725  3702 V OplusCustomizeCacheManager: queryCache name: sys.cache.common_customize_cache18017 param: Bundle[{SETTING=BLOCK, BUSINESS=NCT-DATA}]
03-14 19:08:00.691  2725  3702 V OplusCustomizeCacheManager: start recompute
03-14 19:08:00.694  2725  2725 W VRI[NotificationShade]: updateBlastSurfaceIfNeeded, surfaceSize:Point(1080, 2400), lastSurfaceSize:Point(1080, 2400), format:-3, blastBufferQueue:android.graphics.BLASTBufferQueue@c48d1bd
03-14 19:08:00.694  2185  3292 D WindowManagerServiceExtImpl: extractConfigInfoAndRealFlags rotation=0, screenDp=708, residentWS:0, win=Window{3b9ad6a u0 NotificationShade}
03-14 19:08:00.697  2185  3292 V WindowManager: Relayout Window{3b9ad6a u0 NotificationShade}: viewVisibility=0, oldvis=0, req=1080x2400, vsysui=LIGHT_STATUS_BAR LIGHT_NAVIGATION_BAR, x=0, y=0
03-14 19:08:00.702  2185  3292 D WindowManager: setFrameRateStart invalid typeId return!
03-14 19:08:00.705  2185  3292 D WindowManager: NFW_findFocusedWindowIfNeeded:Window{3b9ad6a u0 NotificationShade} mCurrentFocus:Window{380bd71 u0 com.zhiliaoapp.musically/com.ss.android.ugc.aweme.splash.SplashActivity}
03-14 19:08:00.705  2185  3292 V WindowManager: Changing focus from Window{380bd71 u0 com.zhiliaoapp.musically/com.ss.android.ugc.aweme.splash.SplashActivity} to Window{3b9ad6a u0 NotificationShade},diplayid=0
03-14 19:08:00.706  2185  2543 E UAH-Framework: invalid window type -1, return
03-14 19:08:00.708  2185  3292 D WindowManager: setFrameRateStart invalid typeId return!
03-14 19:08:00.709  2725  3702 V OplusCustomizeCacheManager: queryCache name: sys.cache.common_customize_cache18013 param: null
03-14 19:08:00.710  2185  3292 D WindowManager: setFrameRateStart invalid typeId return!
03-14 19:08:00.725  2725  3702 V OplusCustomizeCacheManager: queryCache name: sys.cache.common_customize_cache18014 param: null
03-14 19:08:00.725  2725  3702 V OplusCustomizeCacheManager: queryCache name: sys.cache.common_customize_cache18017 param: Bundle[{SETTING=BLOCK, BUSINESS=NCT-DATA}]
03-14 19:08:00.726  2725  3702 V OplusCustomizeCacheManager: start recompute
03-14 19:08:00.727  2725  3702 V OplusCustomizeCacheManager: queryCache name: sys.cache.common_customize_cache18013 param: null
03-14 19:08:00.730  2725  3702 V OplusCustomizeCacheManager: queryCache name: sys.cache.common_customize_cache18014 param: null
03-14 19:08:00.730  2725  3702 V OplusCustomizeCacheManager: queryCache name: sys.cache.common_customize_cache18017 param: Bundle[{SETTING=BLOCK, BUSINESS=NCT-DATA}]
03-14 19:08:00.730  2725  3702 V OplusCustomizeCacheManager: start recompute
03-14 19:08:00.731  2725  3702 V OplusCustomizeCacheManager: queryCache name: sys.cache.common_customize_cache18013 param: null
03-14 19:08:00.740  2725  3702 V OplusCustomizeCacheManager: queryCache name: sys.cache.common_customize_cache18014 param: null
03-14 19:08:00.741  2725  3702 V OplusCustomizeCacheManager: queryCache name: sys.cache.common_customize_cache18017 param: Bundle[{SETTING=BLOCK, BUSINESS=NCT-DATA}]
03-14 19:08:00.741  2725  3702 V OplusCustomizeCacheManager: start recompute
03-14 19:08:00.742  2725  3702 V OplusCustomizeCacheManager: queryCache name: sys.cache.common_customize_cache18013 param: null
03-14 19:08:00.749  2185  3297 D LockSettingsService: [getStrongAuthForUser]  userId = 0
03-14 19:08:01.288  2185  2263 D PowerManagerService: userActivityNoUpdateLocked: groupId=0, eventTime=351926715, event=touch, flags=0x0, uid=1000
03-14 19:08:01.596  2185  3297 D CoreBackPreview: Window{3b9ad6a u0 NotificationShade}: Setting back callback null
03-14 19:08:01.617  2185  3297 D WindowManagerServiceExtImpl: extractConfigInfoAndRealFlags rotation=0, screenDp=708, residentWS:0, win=Window{3b9ad6a u0 NotificationShade}
03-14 19:08:01.618  2185  3297 V WindowManager: Relayout Window{3b9ad6a u0 NotificationShade}: viewVisibility=4, oldvis=0, req=1080x2400, vsysui=LIGHT_STATUS_BAR LIGHT_NAVIGATION_BAR, x=0, y=0
03-14 19:08:01.618  2185  3297 I WindowManager: Window{3b9ad6a u0 NotificationShade} state from HAS_DRAWN to NO_SURFACE; reason: destroySurface
03-14 19:08:01.618  2185  2234 I UserAwareMgr: handleFgAppChanged, pkgName: com.android.systemui, pid: 2725, isVisible: false, fgAppType: FG2
03-14 19:08:01.619  2185  2234 I UserAwareMgr: fg app status not changed, beforeVisible: true, currentVisible: true
03-14 19:08:01.625  2185  3297 D WindowManager: NFW_findFocusedWindowIfNeeded:Window{380bd71 u0 com.zhiliaoapp.musically/com.ss.android.ugc.aweme.splash.SplashActivity} mCurrentFocus:Window{3b9ad6a u0 NotificationShade}
03-14 19:08:01.626  2185  3297 V WindowManager: Changing focus from Window{3b9ad6a u0 NotificationShade} to Window{380bd71 u0 com.zhiliaoapp.musically/com.ss.android.ugc.aweme.splash.SplashActivity},diplayid=0
03-14 19:08:01.628  2185  3297 D WindowManager: setFrameRateStart invalid typeId return!
03-14 19:08:01.630  2185  3297 D WindowManager: setFrameRateStart invalid typeId return!
03-14 19:08:01.690  2185  3008 V AutofillInlineSuggestionsRequestSession: onInputMethodFinishInput() received
03-14 19:08:01.691  2185  3008 V AutofillInlineSuggestionsRequestSession: onInputMethodStartInput() received on 0
03-14 19:08:01.696  2185  3008 W PackageConfigPersister: App-specific configuration not found for packageName: com.zhiliaoapp.musically and userId: 0
03-14 19:08:03.521  2185  2483 W ContextImpl: Calling a method in the system process without a qualified user: android.app.ContextImpl.sendBroadcast:1261 com.android.server.job.controllers.OplusCpuController.notifyHighCpuEventForApp:387 com.android.server.job.controllers.OplusCpuController.handleCpuUpdate:333 com.android.server.job.controllers.OplusCpuController.-$$Nest$mhandleCpuUpdate:0 com.android.server.job.controllers.OplusCpuController$CpuTrackerHandler.handleMessage:257 
03-14 19:08:03.681  2185  3008 W ContextImpl: Calling a method in the system process without a qualified user: android.app.ContextImpl.sendBroadcastMultiplePermissions:1311 android.content.Context.sendBroadcastMultiplePermissions:2522 com.android.server.TelephonyRegistry.broadcastServiceStateChanged:3786 com.android.server.TelephonyRegistry.notifyServiceStateForPhoneId:1806 com.android.internal.telephony.ITelephonyRegistry$Stub.onTransact:546 
03-14 19:08:03.687  2185  3008 W ContextImpl: Calling a method in the system process without a qualified user: android.app.ContextImpl.sendBroadcastMultiplePermissions:1344 com.android.server.TelephonyRegistry.broadcastServiceStateChanged:3791 com.android.server.TelephonyRegistry.notifyServiceStateForPhoneId:1806 com.android.internal.telephony.ITelephonyRegistry$Stub.onTransact:546 android.os.Binder.execTransactInternal:1523 
03-14 19:08:03.700  2185  3008 W ContextImpl: Calling a method in the system process without a qualified user: android.app.ContextImpl.sendBroadcastMultiplePermissions:1344 com.android.server.TelephonyRegistry.broadcastServiceStateChanged:3800 com.android.server.TelephonyRegistry.notifyServiceStateForPhoneId:1806 com.android.internal.telephony.ITelephonyRegistry$Stub.onTransact:546 android.os.Binder.execTransactInternal:1523 
03-14 19:08:03.707  2185  3008 W ContextImpl: Calling a method in the system process without a qualified user: android.app.ContextImpl.sendBroadcastMultiplePermissions:1344 com.android.server.TelephonyRegistry.broadcastServiceStateChanged:3806 com.android.server.TelephonyRegistry.notifyServiceStateForPhoneId:1806 com.android.internal.telephony.ITelephonyRegistry$Stub.onTransact:546 android.os.Binder.execTransactInternal:1523 
03-14 19:08:03.713  2185  2245 E OplusDexOptimizeManager: Start app fature is off
03-14 19:08:03.825  2185  2263 D PowerManagerService: userActivityNoUpdateLocked: groupId=0, eventTime=351929251, event=touch, flags=0x0, uid=1000
03-14 19:08:03.825  2185  2234 W UserAwareMgr: can not find match thread: GaussianBlur for process com.android.systemui
03-14 19:08:03.866  2185  2211 D WindowManager: request show transient bar, mShowingTransientTypes = 0 showingTransientTypes = 0
03-14 19:08:03.869  2185  3297 D CoreBackPreview: Window{3b9ad6a u0 NotificationShade}: Setting back callback OnBackInvokedCallbackInfo{mCallback=android.window.IOnBackInvokedCallback$Stub$Proxy@57856b8, mPriority=0, mIsAnimationCallback=false}
03-14 19:08:03.898  2185  3008 I VibratorManagerServiceExtImpl: cancelVibrate uid=1000, pid=2185, usageFilter=-15, token=68846935
03-14 19:08:03.905  2185  2705 D WindowManagerServiceExtImpl: extractConfigInfoAndRealFlags rotation=0, screenDp=708, residentWS:0, win=Window{3b9ad6a u0 NotificationShade}
03-14 19:08:03.906  2185  2705 V WindowManager: Relayout Window{3b9ad6a u0 NotificationShade}: viewVisibility=0, oldvis=4, req=1080x2400, vsysui=LIGHT_STATUS_BAR LIGHT_NAVIGATION_BAR, x=0, y=0
03-14 19:08:03.906  2185  2705 I WindowManager: Window{3b9ad6a u0 NotificationShade} state from NO_SURFACE to DRAW_PENDING; reason: resetDrawState
03-14 19:08:03.909  2725  3702 V OplusCustomizeCacheManager: queryCache name: sys.cache.common_customize_cache18014 param: null
03-14 19:08:03.910  2725  3702 V OplusCustomizeCacheManager: queryCache name: sys.cache.common_customize_cache18017 param: Bundle[{SETTING=BLOCK, BUSINESS=NCT-DATA}]
03-14 19:08:03.910  2725  3702 V OplusCustomizeCacheManager: start recompute
03-14 19:08:03.910  2725  3702 V OplusCustomizeCacheManager: queryCache name: sys.cache.common_customize_cache18013 param: null
03-14 19:08:03.911  2185  2705 D WindowManager: NFW_findFocusedWindowIfNeeded:Window{380bd71 u0 com.zhiliaoapp.musically/com.ss.android.ugc.aweme.splash.SplashActivity} mCurrentFocus:Window{380bd71 u0 com.zhiliaoapp.musically/com.ss.android.ugc.aweme.splash.SplashActivity}
03-14 19:08:03.913  2725  2725 W VRI[NotificationShade]: updateBlastSurfaceIfNeeded, surfaceSize:Point(1080, 2400), lastSurfaceSize:Point(1080, 2400), format:-3, blastBufferQueue:null
03-14 19:08:03.924  2185  2263 D PowerManagerService: userActivityNoUpdateLocked: groupId=0, eventTime=351929352, event=touch, flags=0x0, uid=1000
03-14 19:08:03.943  2185  3008 I WindowManager: Window{3b9ad6a u0 NotificationShade} state from DRAW_PENDING to COMMIT_DRAW_PENDING; reason: finishDrawingLocked
03-14 19:08:03.946  2185  2214 I WindowManager: Window{3b9ad6a u0 NotificationShade} state from COMMIT_DRAW_PENDING to READY_TO_SHOW; reason: commitFinishDrawingLocked
03-14 19:08:03.946  2185  2214 I WindowManager: Window{3b9ad6a u0 NotificationShade} state from READY_TO_SHOW to HAS_DRAWN; reason: performShowLocked
03-14 19:08:03.949  2185  2234 I UserAwareMgr: handleFgAppChanged, pkgName: com.android.systemui, pid: 2725, isVisible: true, fgAppType: FG2
03-14 19:08:03.949  2185  2234 I UserAwareMgr: fg app status not changed, beforeVisible: true, currentVisible: true
03-14 19:08:03.972  2725  3702 V OplusCustomizeCacheManager: queryCache name: sys.cache.common_customize_cache18014 param: null
03-14 19:08:03.972  2725  3702 V OplusCustomizeCacheManager: queryCache name: sys.cache.common_customize_cache18017 param: Bundle[{SETTING=BLOCK, BUSINESS=NCT-DATA}]
03-14 19:08:03.972  2725  3702 V OplusCustomizeCacheManager: start recompute
03-14 19:08:03.974  2725  3702 V OplusCustomizeCacheManager: queryCache name: sys.cache.common_customize_cache18013 param: null
03-14 19:08:03.975  2725  2725 W VRI[NotificationShade]: updateBlastSurfaceIfNeeded, surfaceSize:Point(1080, 2400), lastSurfaceSize:Point(1080, 2400), format:-3, blastBufferQueue:android.graphics.BLASTBufferQueue@c4c3ba6
03-14 19:08:03.975  2185  2705 D WindowManagerServiceExtImpl: extractConfigInfoAndRealFlags rotation=0, screenDp=708, residentWS:0, win=Window{3b9ad6a u0 NotificationShade}
03-14 19:08:03.976  2185  2705 V WindowManager: Relayout Window{3b9ad6a u0 NotificationShade}: viewVisibility=0, oldvis=0, req=1080x2400, vsysui=LIGHT_STATUS_BAR LIGHT_NAVIGATION_BAR, x=0, y=0
03-14 19:08:03.979  2185  2705 D WindowManager: setFrameRateStart invalid typeId return!
03-14 19:08:03.980  2725  3702 V OplusCustomizeCacheManager: queryCache name: sys.cache.common_customize_cache18014 param: null
03-14 19:08:03.980  2185  2705 D WindowManager: NFW_findFocusedWindowIfNeeded:Window{3b9ad6a u0 NotificationShade} mCurrentFocus:Window{380bd71 u0 com.zhiliaoapp.musically/com.ss.android.ugc.aweme.splash.SplashActivity}
03-14 19:08:03.980  2725  3702 V OplusCustomizeCacheManager: queryCache name: sys.cache.common_customize_cache18017 param: Bundle[{SETTING=BLOCK, BUSINESS=NCT-DATA}]
03-14 19:08:03.980  2725  3702 V OplusCustomizeCacheManager: start recompute
03-14 19:08:03.981  2185  2705 V WindowManager: Changing focus from Window{380bd71 u0 com.zhiliaoapp.musically/com.ss.android.ugc.aweme.splash.SplashActivity} to Window{3b9ad6a u0 NotificationShade},diplayid=0
03-14 19:08:03.981  2185  2543 E UAH-Framework: invalid window type -1, return
03-14 19:08:03.983  2185  2705 D WindowManager: setFrameRateStart invalid typeId return!
03-14 19:08:03.983  2725  3702 V OplusCustomizeCacheManager: queryCache name: sys.cache.common_customize_cache18013 param: null
03-14 19:08:03.985  2185  2705 D WindowManager: setFrameRateStart invalid typeId return!
03-14 19:08:03.988  2725  3702 V OplusCustomizeCacheManager: queryCache name: sys.cache.common_customize_cache18014 param: null
03-14 19:08:03.988  2725  3702 V OplusCustomizeCacheManager: queryCache name: sys.cache.common_customize_cache18017 param: Bundle[{SETTING=BLOCK, BUSINESS=NCT-DATA}]
03-14 19:08:03.988  2725  3702 V OplusCustomizeCacheManager: start recompute
03-14 19:08:03.995  2725  3702 V OplusCustomizeCacheManager: queryCache name: sys.cache.common_customize_cache18013 param: null
03-14 19:08:03.998  2725  3702 V OplusCustomizeCacheManager: queryCache name: sys.cache.common_customize_cache18014 param: null
03-14 19:08:03.999  2725  3702 V OplusCustomizeCacheManager: queryCache name: sys.cache.common_customize_cache18017 param: Bundle[{SETTING=BLOCK, BUSINESS=NCT-DATA}]
03-14 19:08:03.999  2725  3702 V OplusCustomizeCacheManager: start recompute
03-14 19:08:04.000  2725  3702 V OplusCustomizeCacheManager: queryCache name: sys.cache.common_customize_cache18013 param: null
03-14 19:08:04.005  2185  2705 D LockSettingsService: [getStrongAuthForUser]  userId = 0
03-14 19:08:04.036  2725  3702 V OplusCustomizeCacheManager: queryCache name: sys.cache.common_customize_cache18014 param: null
03-14 19:08:04.036  2725  3702 V OplusCustomizeCacheManager: queryCache name: sys.cache.common_customize_cache18017 param: Bundle[{SETTING=BLOCK, BUSINESS=NCT-DATA}]
03-14 19:08:04.037  2725  3702 V OplusCustomizeCacheManager: start recompute
03-14 19:08:04.038  2725  3702 V OplusCustomizeCacheManager: queryCache name: sys.cache.common_customize_cache18013 param: null
03-14 19:08:04.546  2185  2263 D PowerManagerService: userActivityNoUpdateLocked: groupId=0, eventTime=351929972, event=touch, flags=0x0, uid=1000
03-14 19:08:04.861  2185  3297 D CoreBackPreview: Window{3b9ad6a u0 NotificationShade}: Setting back callback null
03-14 19:08:04.881  2185  3297 D WindowManagerServiceExtImpl: extractConfigInfoAndRealFlags rotation=0, screenDp=708, residentWS:0, win=Window{3b9ad6a u0 NotificationShade}
03-14 19:08:04.882  2185  3297 V WindowManager: Relayout Window{3b9ad6a u0 NotificationShade}: viewVisibility=4, oldvis=0, req=1080x2400, vsysui=LIGHT_STATUS_BAR LIGHT_NAVIGATION_BAR, x=0, y=0
03-14 19:08:04.882  2185  3297 I WindowManager: Window{3b9ad6a u0 NotificationShade} state from HAS_DRAWN to NO_SURFACE; reason: destroySurface
03-14 19:08:04.883  2185  2234 I UserAwareMgr: handleFgAppChanged, pkgName: com.android.systemui, pid: 2725, isVisible: false, fgAppType: FG2
03-14 19:08:04.883  2185  2234 I UserAwareMgr: fg app status not changed, beforeVisible: true, currentVisible: true
03-14 19:08:04.888  2185  3297 D WindowManager: NFW_findFocusedWindowIfNeeded:Window{380bd71 u0 com.zhiliaoapp.musically/com.ss.android.ugc.aweme.splash.SplashActivity} mCurrentFocus:Window{3b9ad6a u0 NotificationShade}
03-14 19:08:04.889  2185  3297 V WindowManager: Changing focus from Window{3b9ad6a u0 NotificationShade} to Window{380bd71 u0 com.zhiliaoapp.musically/com.ss.android.ugc.aweme.splash.SplashActivity},diplayid=0
03-14 19:08:04.891  2185  3297 D WindowManager: setFrameRateStart invalid typeId return!
03-14 19:08:04.893  2185  3297 D WindowManager: setFrameRateStart invalid typeId return!
03-14 19:08:04.952  2185  2705 V AutofillInlineSuggestionsRequestSession: onInputMethodFinishInput() received
03-14 19:08:04.954  2185  2705 V AutofillInlineSuggestionsRequestSession: onInputMethodStartInput() received on 0
03-14 19:08:04.957  2185  2705 W PackageConfigPersister: App-specific configuration not found for packageName: com.zhiliaoapp.musically and userId: 0
03-14 19:08:07.870  2185  2234 I UserAwareMgr: handleAppChangedToBg, pkgName: com.android.systemui, pid: 2725
03-14 19:08:07.880  2185  2234 I UserAwareMgr: handleAppChangedToBg, pkgName: com.android.systemui, pid: 2725
03-14 19:08:07.880  2185  2234 W UserAwareMgr: app not not found or not visible: {pkgName='com.android.systemui', processName='com.android.systemui', pid=2725, uid=10207, flags='systemui|bg', renderTid=3000, hwuiTids=[3851, 3852], glTids=null, threadInfos={wmshell.main={threadName='wmshell.main', tid=2821, extendTids=null}, ll.splashworker={threadName='ll.splashworker', tid=2938, extendTids=null}, wmshell.anim={threadName='wmshell.anim', tid=2878, extendTids=null}, VolumeDialogControllerImpl={threadName='VolumeDialogControllerImpl', tid=3542, extendTids=null}, ll.splashscreen={threadName='ll.splashscreen', tid=2937, extendTids=null}, KeyguardWorkerThread={threadName='KeyguardWorkerThread', tid=3064, extendTids=null}, OnScreenFingerprint OpticalUIUpdateThread={threadName='OnScreenFingerprint OpticalUIUpdateThread', tid=3888, extendTids=null}, ImageWallpaper={threadName='ImageWallpaper', tid=3754, extendTids=null}, KgdAnimThread={threadName='KgdAnimThread', tid=3066, extendTids=null}, GestureUI={threadName='GestureUI', tid=3422, extendTids=null}, SysUiLng={threadName='SysUiLng', tid=3750, extendTids=null}}}
03-14 19:08:07.880  2185  2234 W UserAwareMgr: handleAppChangedToBg process is empty
03-14 19:08:12.110  2185  2705 I OplusStatusBarManagerServiceEnhance:  getTopIsFullscreen mTopIsFullscreen: false
03-14 19:08:12.110  2185  2705 W ActivityManager: Permission Denial: getTopApplicationInfo from pid=21836, uid=10293 requires oplus.permission.OPLUS_COMPONENT_SAFE
03-14 19:08:12.111  2185  2185 D NotificationService--OplusNotificationManagerServiceExtImpl: isForwardToAssistants: true, case : Is local notification
03-14 19:08:12.111  2185  2185 D NotificationService: This application enqueue notifications is need postDelayed mcsAssistantDelayTime: 200
03-14 19:08:12.139  2185  2964 I OplusStatusBarManagerServiceEnhance:  getTopIsFullscreen mTopIsFullscreen: false
03-14 19:08:12.140  2185  2964 W ActivityManager: Permission Denial: getTopApplicationInfo from pid=21836, uid=10293 requires oplus.permission.OPLUS_COMPONENT_SAFE
03-14 19:08:12.141  2185  2185 D NotificationService--OplusNotificationManagerServiceExtImpl: isForwardToAssistants: true, case : Is local notification
03-14 19:08:12.141  2185  2185 D NotificationService: This application enqueue notifications is need postDelayed mcsAssistantDelayTime: 200
03-14 19:08:12.160  2185  2964 I OplusStatusBarManagerServiceEnhance:  getTopIsFullscreen mTopIsFullscreen: false
03-14 19:08:12.161  2185  2964 W ActivityManager: Permission Denial: getTopApplicationInfo from pid=21836, uid=10293 requires oplus.permission.OPLUS_COMPONENT_SAFE
03-14 19:08:12.162  2185  2185 D NotificationService--OplusNotificationManagerServiceExtImpl: isForwardToAssistants: true, case : Is local notification
03-14 19:08:12.162  2185  2185 D NotificationService: This application enqueue notifications is need postDelayed mcsAssistantDelayTime: 200
03-14 19:08:14.697  2185  2264 D OplusDisplayBrightnessBroadcastReceiver: onReceive action = android.intent.action.BATTERY_CHANGED , listeners = [com.android.server.display.OplusFeatureHDREnhanceBrightness$PhoneInfoReceiver@fef6f7d, com.android.server.display.OplusFeatureEdrEnhanceBrightness$PhoneInfoReceiver@498be72]
03-14 19:08:17.068  2185  3297 W BatteryExternalStatsWorker: error reading Bluetooth stats: 11
03-14 19:08:19.614  2185  2392 D PowerManagerService: userActivityNoUpdateLocked: groupId=0, eventTime=351945040, event=touch, flags=0x0, uid=1000
03-14 19:08:19.618  2185  2234 W UserAwareMgr: can not find match thread: GaussianBlur for process com.android.systemui
03-14 19:08:19.644  2185  2211 D WindowManager: request show transient bar, mShowingTransientTypes = 0 showingTransientTypes = 0
03-14 19:08:19.655  2185  2234 I UserAwareMgr: handleTopAppChanged: com.android.systemui, pid: 2725, uid: 10207
03-14 19:08:19.657  2185  3008 D CoreBackPreview: Window{3b9ad6a u0 NotificationShade}: Setting back callback OnBackInvokedCallbackInfo{mCallback=android.window.IOnBackInvokedCallback$Stub$Proxy@57e19ea, mPriority=0, mIsAnimationCallback=false}
03-14 19:08:19.690  2725  3702 V OplusCustomizeCacheManager: queryCache name: sys.cache.common_customize_cache18014 param: null
03-14 19:08:19.690  2725  3702 V OplusCustomizeCacheManager: queryCache name: sys.cache.common_customize_cache18017 param: Bundle[{SETTING=BLOCK, BUSINESS=NCT-DATA}]
03-14 19:08:19.690  2725  3702 V OplusCustomizeCacheManager: start recompute
03-14 19:08:19.691  2185  2964 I VibratorManagerServiceExtImpl: cancelVibrate uid=1000, pid=2185, usageFilter=-15, token=68846935
03-14 19:08:19.692  2725  3702 V OplusCustomizeCacheManager: queryCache name: sys.cache.common_customize_cache18013 param: null
03-14 19:08:19.693  2185  2964 D WindowManagerServiceExtImpl: extractConfigInfoAndRealFlags rotation=0, screenDp=708, residentWS:0, win=Window{3b9ad6a u0 NotificationShade}
03-14 19:08:19.693  2185  2964 V WindowManager: Relayout Window{3b9ad6a u0 NotificationShade}: viewVisibility=0, oldvis=4, req=1080x2400, vsysui=LIGHT_STATUS_BAR LIGHT_NAVIGATION_BAR, x=0, y=0
03-14 19:08:19.694  2185  2964 I WindowManager: Window{3b9ad6a u0 NotificationShade} state from NO_SURFACE to DRAW_PENDING; reason: resetDrawState
03-14 19:08:19.699  2185  2964 D WindowManager: NFW_findFocusedWindowIfNeeded:Window{380bd71 u0 com.zhiliaoapp.musically/com.ss.android.ugc.aweme.splash.SplashActivity} mCurrentFocus:Window{380bd71 u0 com.zhiliaoapp.musically/com.ss.android.ugc.aweme.splash.SplashActivity}
03-14 19:08:19.702  2725  2725 W VRI[NotificationShade]: updateBlastSurfaceIfNeeded, surfaceSize:Point(1080, 2400), lastSurfaceSize:Point(1080, 2400), format:-3, blastBufferQueue:null
03-14 19:08:19.713  2185  2263 D PowerManagerService: userActivityNoUpdateLocked: groupId=0, eventTime=351945141, event=touch, flags=0x0, uid=1000
03-14 19:08:19.744  2185  3297 I WindowManager: Window{3b9ad6a u0 NotificationShade} state from DRAW_PENDING to COMMIT_DRAW_PENDING; reason: finishDrawingLocked
03-14 19:08:19.749  2185  2214 I WindowManager: Window{3b9ad6a u0 NotificationShade} state from COMMIT_DRAW_PENDING to READY_TO_SHOW; reason: commitFinishDrawingLocked
03-14 19:08:19.749  2185  2214 I WindowManager: Window{3b9ad6a u0 NotificationShade} state from READY_TO_SHOW to HAS_DRAWN; reason: performShowLocked
03-14 19:08:19.768  2185  2234 I UserAwareMgr: handleFgAppChanged, pkgName: com.android.systemui, pid: 2725, isVisible: true, fgAppType: FG2
03-14 19:08:19.768  2185  2234 I UserAwareMgr: fg app status not changed, beforeVisible: true, currentVisible: true
03-14 19:08:19.790  2185  2964 D WindowManagerServiceExtImpl: extractConfigInfoAndRealFlags rotation=0, screenDp=708, residentWS:0, win=Window{3b9ad6a u0 NotificationShade}
03-14 19:08:19.790  2725  2725 W VRI[NotificationShade]: updateBlastSurfaceIfNeeded, surfaceSize:Point(1080, 2400), lastSurfaceSize:Point(1080, 2400), format:-3, blastBufferQueue:android.graphics.BLASTBufferQueue@1984c4e
03-14 19:08:19.790  2185  2964 V WindowManager: Relayout Window{3b9ad6a u0 NotificationShade}: viewVisibility=0, oldvis=0, req=1080x2400, vsysui=LIGHT_STATUS_BAR LIGHT_NAVIGATION_BAR, x=0, y=0
03-14 19:08:19.793  2185  2964 D WindowManager: setFrameRateStart invalid typeId return!
03-14 19:08:19.795  2185  2964 D WindowManager: NFW_findFocusedWindowIfNeeded:Window{3b9ad6a u0 NotificationShade} mCurrentFocus:Window{380bd71 u0 com.zhiliaoapp.musically/com.ss.android.ugc.aweme.splash.SplashActivity}
03-14 19:08:19.796  2725  3702 V OplusCustomizeCacheManager: queryCache name: sys.cache.common_customize_cache18014 param: null
03-14 19:08:19.796  2185  2964 V WindowManager: Changing focus from Window{380bd71 u0 com.zhiliaoapp.musically/com.ss.android.ugc.aweme.splash.SplashActivity} to Window{3b9ad6a u0 NotificationShade},diplayid=0
03-14 19:08:19.796  2725  3702 V OplusCustomizeCacheManager: queryCache name: sys.cache.common_customize_cache18017 param: Bundle[{SETTING=BLOCK, BUSINESS=NCT-DATA}]
03-14 19:08:19.796  2185  2543 E UAH-Framework: invalid window type -1, return
03-14 19:08:19.796  2725  3702 V OplusCustomizeCacheManager: start recompute
03-14 19:08:19.798  2185  2964 D WindowManager: setFrameRateStart invalid typeId return!
03-14 19:08:19.798  2725  3702 V OplusCustomizeCacheManager: queryCache name: sys.cache.common_customize_cache18013 param: null
03-14 19:08:19.800  2185  2964 D WindowManager: setFrameRateStart invalid typeId return!
03-14 19:08:19.816  2185  2705 D LockSettingsService: [getStrongAuthForUser]  userId = 0
03-14 19:08:19.828  2725  3702 V OplusCustomizeCacheManager: queryCache name: sys.cache.common_customize_cache18014 param: null
03-14 19:08:19.828  2725  3702 V OplusCustomizeCacheManager: queryCache name: sys.cache.common_customize_cache18017 param: Bundle[{SETTING=BLOCK, BUSINESS=NCT-DATA}]
03-14 19:08:19.828  2725  3702 V OplusCustomizeCacheManager: start recompute
03-14 19:08:19.829  2725  3702 V OplusCustomizeCacheManager: queryCache name: sys.cache.common_customize_cache18013 param: null
03-14 19:08:19.832  2725  3702 V OplusCustomizeCacheManager: queryCache name: sys.cache.common_customize_cache18014 param: null
03-14 19:08:19.832  2725  3702 V OplusCustomizeCacheManager: queryCache name: sys.cache.common_customize_cache18017 param: Bundle[{SETTING=BLOCK, BUSINESS=NCT-DATA}]
03-14 19:08:19.832  2725  3702 V OplusCustomizeCacheManager: start recompute
03-14 19:08:19.834  2725  3702 V OplusCustomizeCacheManager: queryCache name: sys.cache.common_customize_cache18013 param: null
03-14 19:08:19.839  2725  3702 V OplusCustomizeCacheManager: queryCache name: sys.cache.common_customize_cache18014 param: null
03-14 19:08:19.839  2725  3702 V OplusCustomizeCacheManager: queryCache name: sys.cache.common_customize_cache18017 param: Bundle[{SETTING=BLOCK, BUSINESS=NCT-DATA}]
03-14 19:08:19.839  2725  3702 V OplusCustomizeCacheManager: start recompute
03-14 19:08:19.841  2725  3702 V OplusCustomizeCacheManager: queryCache name: sys.cache.common_customize_cache18013 param: null
03-14 19:08:20.713  2185  2263 D PowerManagerService: userActivityNoUpdateLocked: groupId=0, eventTime=351946139, event=touch, flags=0x0, uid=1000
03-14 19:08:20.818  2185  2263 D PowerManagerService: userActivityNoUpdateLocked: groupId=0, eventTime=351946245, event=touch, flags=0x0, uid=1000
03-14 19:08:21.267  2185  2263 D PowerManagerService: userActivityNoUpdateLocked: groupId=0, eventTime=351946695, event=touch, flags=0x0, uid=1000
03-14 19:08:21.558  2185  2964 D CoreBackPreview: Window{3b9ad6a u0 NotificationShade}: Setting back callback null
03-14 19:08:21.586  2185  2964 D WindowManagerServiceExtImpl: extractConfigInfoAndRealFlags rotation=0, screenDp=708, residentWS:0, win=Window{3b9ad6a u0 NotificationShade}
03-14 19:08:21.587  2185  2964 V WindowManager: Relayout Window{3b9ad6a u0 NotificationShade}: viewVisibility=4, oldvis=0, req=1080x2400, vsysui=LIGHT_STATUS_BAR LIGHT_NAVIGATION_BAR, x=0, y=0
03-14 19:08:21.588  2185  2964 I WindowManager: Window{3b9ad6a u0 NotificationShade} state from HAS_DRAWN to NO_SURFACE; reason: destroySurface
03-14 19:08:21.588  2185  2234 I UserAwareMgr: handleFgAppChanged, pkgName: com.android.systemui, pid: 2725, isVisible: false, fgAppType: FG2
03-14 19:08:21.588  2185  2234 I UserAwareMgr: fg app status not changed, beforeVisible: true, currentVisible: true
03-14 19:08:21.592  2185  2964 D WindowManager: NFW_findFocusedWindowIfNeeded:Window{380bd71 u0 com.zhiliaoapp.musically/com.ss.android.ugc.aweme.splash.SplashActivity} mCurrentFocus:Window{3b9ad6a u0 NotificationShade}
03-14 19:08:21.592  2185  2964 V WindowManager: Changing focus from Window{3b9ad6a u0 NotificationShade} to Window{380bd71 u0 com.zhiliaoapp.musically/com.ss.android.ugc.aweme.splash.SplashActivity},diplayid=0
03-14 19:08:21.594  2185  2964 D WindowManager: setFrameRateStart invalid typeId return!
03-14 19:08:21.596  2185  2964 D WindowManager: setFrameRateStart invalid typeId return!
03-14 19:08:21.668  2185  3292 V AutofillInlineSuggestionsRequestSession: onInputMethodFinishInput() received
03-14 19:08:21.669  2185  2964 V AutofillInlineSuggestionsRequestSession: onInputMethodStartInput() received on 0
03-14 19:08:21.672  2185  2964 W PackageConfigPersister: App-specific configuration not found for packageName: com.zhiliaoapp.musically and userId: 0
03-14 19:08:24.570  2185  2234 I UserAwareMgr: handleAppChangedToBg, pkgName: com.android.systemui, pid: 2725
03-14 19:08:24.580  2185  2234 I UserAwareMgr: handleAppChangedToBg, pkgName: com.android.systemui, pid: 2725
