03-14 19:08:24.580  2185  2234 W UserAwareMgr: app not not found or not visible: {pkgName='com.android.systemui', processName='com.android.systemui', pid=2725, uid=10207, flags='systemui|bg', renderTid=3000, hwuiTids=[3851, 3852], glTids=null, threadInfos={wmshell.main={threadName='wmshell.main', tid=2821, extendTids=null}, ll.splashworker={threadName='ll.splashworker', tid=2938, extendTids=null}, wmshell.anim={threadName='wmshell.anim', tid=2878, extendTids=null}, VolumeDialogControllerImpl={threadName='VolumeDialogControllerImpl', tid=3542, extendTids=null}, ll.splashscreen={threadName='ll.splashscreen', tid=2937, extendTids=null}, KeyguardWorkerThread={threadName='KeyguardWorkerThread', tid=3064, extendTids=null}, OnScreenFingerprint OpticalUIUpdateThread={threadName='OnScreenFingerprint OpticalUIUpdateThread', tid=3888, extendTids=null}, ImageWallpaper={threadName='ImageWallpaper', tid=3754, extendTids=null}, KgdAnimThread={threadName='KgdAnimThread', tid=3066, extendTids=null}, GestureUI={threadName='GestureUI', tid=3422, extendTids=null}, SysUiLng={threadName='SysUiLng', tid=3750, extendTids=null}}}
03-14 19:08:24.580  2185  2234 W UserAwareMgr: handleAppChangedToBg process is empty
03-14 19:08:25.920  2185  2263 D PowerManagerService: userActivityNoUpdateLocked: groupId=0, eventTime=351951345, event=touch, flags=0x0, uid=1000
03-14 19:08:26.020  2185  2263 D PowerManagerService: userActivityNoUpdateLocked: groupId=0, eventTime=351951446, event=touch, flags=0x0, uid=1000
03-14 19:08:26.324  2185  2237 D ProcessCpuTrackerExtImpl: mContext is already set, return now! 
03-14 19:08:26.478  2185  3292 D OplusStartingWindowManager: updateRecordSurfaceViewState windowToken = android.os.BinderProxy@d21f18, surfaceState = true, attachedToWindow = true, inList = false, win = Window{380bd71 u0 com.zhiliaoapp.musically/com.ss.android.ugc.aweme.splash.SplashActivity}
03-14 19:08:28.034  2185  2263 D PowerManagerService: userActivityNoUpdateLocked: groupId=0, eventTime=351953460, event=touch, flags=0x0, uid=1000
03-14 19:08:28.135  2185  2263 D PowerManagerService: userActivityNoUpdateLocked: groupId=0, eventTime=351953561, event=touch, flags=0x0, uid=1000
03-14 19:08:28.390  2185  3297 D OplusStartingWindowManager: updateRecordSurfaceViewState windowToken = android.os.BinderProxy@d21f18, surfaceState = false, attachedToWindow = true, inList = false, win = Window{380bd71 u0 com.zhiliaoapp.musically/com.ss.android.ugc.aweme.splash.SplashActivity}
03-14 19:08:28.461  2185  2705 D OplusStartingWindowManager: updateRecordSurfaceViewState windowToken = android.os.BinderProxy@d21f18, surfaceState = true, attachedToWindow = true, inList = false, win = Window{380bd71 u0 com.zhiliaoapp.musically/com.ss.android.ugc.aweme.splash.SplashActivity}
03-14 19:08:29.308  2185  3568 D StorageStatsService: getFreeBytes: 92115513344
03-14 19:08:29.566  2185  3568 D StorageStatsService: getFreeBytes: 92115513344
03-14 19:08:29.632  2185  2263 D PowerManagerService: userActivityNoUpdateLocked: groupId=0, eventTime=351955058, event=touch, flags=0x0, uid=1000
03-14 19:08:29.732  2185  2263 D PowerManagerService: userActivityNoUpdateLocked: groupId=0, eventTime=351955159, event=touch, flags=0x0, uid=1000
03-14 19:08:29.803  2185  3008 D OplusStartingWindowManager: updateRecordSurfaceViewState windowToken = android.os.BinderProxy@d21f18, surfaceState = false, attachedToWindow = true, inList = false, win = Window{380bd71 u0 com.zhiliaoapp.musically/com.ss.android.ugc.aweme.splash.SplashActivity}
03-14 19:08:30.020  2185  3568 D OplusStartingWindowManager: updateRecordSurfaceViewState windowToken = android.os.BinderProxy@d21f18, surfaceState = false, attachedToWindow = true, inList = false, win = Window{380bd71 u0 com.zhiliaoapp.musically/com.ss.android.ugc.aweme.splash.SplashActivity}
03-14 19:08:30.095  2185  3008 D OplusStartingWindowManager: updateRecordSurfaceViewState windowToken = android.os.BinderProxy@d21f18, surfaceState = true, attachedToWindow = true, inList = false, win = Window{380bd71 u0 com.zhiliaoapp.musically/com.ss.android.ugc.aweme.splash.SplashActivity}
03-14 19:08:31.979 11314 11587 W PowerProfile: screen.on is deprecated! Use screen.on.display0 instead.
03-14 19:08:31.979 11314 11587 W PowerProfile: screen.full is deprecated! Use screen.full.display0 instead.
03-14 19:08:31.980 11314 11587 W ModemPowerProfile: getAverageBatteryDrainMaH called with unexpected key: 0x0, drain:SLEEP,RAT:DEFAULT
03-14 19:08:31.980 11314 11587 W ModemPowerProfile: getAverageBatteryDrainMaH called with unexpected key: 0x10000000, drain:IDLE,RAT:DEFAULT
03-14 19:08:31.980 11314 11587 W ModemPowerProfile: getAverageBatteryDrainMaH called with unexpected key: 0x20000000, drain:RX,RAT:DEFAULT
03-14 19:08:31.980 11314 11587 W ModemPowerProfile: getAverageBatteryDrainMaH called with unexpected key: 0x30000000, drain:TX,level:0,RAT:DEFAULT
03-14 19:08:31.980 11314 11587 W ModemPowerProfile: getAverageBatteryDrainMaH called with unexpected key: 0x31000000, drain:TX,level:1,RAT:DEFAULT
03-14 19:08:31.980 11314 11587 W ModemPowerProfile: getAverageBatteryDrainMaH called with unexpected key: 0x32000000, drain:TX,level:2,RAT:DEFAULT
03-14 19:08:31.980 11314 11587 W ModemPowerProfile: getAverageBatteryDrainMaH called with unexpected key: 0x33000000, drain:TX,level:3,RAT:DEFAULT
03-14 19:08:31.980 11314 11587 W ModemPowerProfile: getAverageBatteryDrainMaH called with unexpected key: 0x34000000, drain:TX,level:4,RAT:DEFAULT
03-14 19:08:32.424   645 19351 W keystore2: system/security/keystore2/src/remote_provisioning.rs:98 - Error occurred: system/security/keystore2/src/remote_provisioning.rs:131: Trying to get IRPC name.
03-14 19:08:32.424   645 19351 W keystore2: 
03-14 19:08:32.424   645 19351 W keystore2: Caused by:
03-14 19:08:32.424   645 19351 W keystore2:     0: system/security/keystore2/src/globals.rs:448: Failed to get rpc for sec level r#TRUSTED_ENVIRONMENT
03-14 19:08:32.424   645 19351 W keystore2:     1: Error::Km(r#HARDWARE_TYPE_UNAVAILABLE)
03-14 19:08:32.511   645 13066 I keystore2: system/security/keystore2/src/database.rs:1321 - First database operation finished
03-14 19:08:32.579   645 13066 I keystore2: system/security/keystore2/src/database.rs:1394 - No superseded key blob
03-14 19:08:32.946  2185  2263 D PowerManagerService: userActivityNoUpdateLocked: groupId=0, eventTime=351958371, event=touch, flags=0x0, uid=1000
03-14 19:08:32.999   645 13065 W keystore2: system/security/keystore2/watchdog/src/lib.rs:114 - ### Keystore Watchdog report - BEGIN ###
03-14 19:08:33.000   645 13065 W keystore2: system/security/keystore2/watchdog/src/lib.rs:123 - When extracting from a bug report, please include this header
03-14 19:08:33.006   645 13065 W keystore2: system/security/keystore2/watchdog/src/lib.rs:124 - and all 1 records below.
03-14 19:08:33.011   645 13065 W keystore2: system/security/keystore2/watchdog/src/lib.rs:164 - ThreadId(3863) KeystoreDB::handle_next_superseded_blob Pending: 507.637847ms Overdue 7.640923ms
03-14 19:08:33.011   645 13065 W keystore2: system/security/keystore2/watchdog/src/lib.rs:175 - ### Keystore Watchdog report - END ###
03-14 19:08:33.048  2185  2263 D PowerManagerService: userActivityNoUpdateLocked: groupId=0, eventTime=351958472, event=touch, flags=0x0, uid=1000
03-14 19:08:33.080   645 13065 W keystore2: system/security/keystore2/watchdog/src/lib.rs:114 - ### Keystore Watchdog report - BEGIN ###
03-14 19:08:33.080   645 13065 W keystore2: system/security/keystore2/watchdog/src/lib.rs:123 - When extracting from a bug report, please include this header
03-14 19:08:33.080   645 13065 W keystore2: system/security/keystore2/watchdog/src/lib.rs:124 - and all 3 records below.
03-14 19:08:33.080   645 13065 W keystore2: system/security/keystore2/watchdog/src/lib.rs:164 - ThreadId(3863) KeystoreDB::handle_next_superseded_blob Pending: 581.573539ms Overdue 81.575693ms
03-14 19:08:33.080   645 13065 W keystore2: system/security/keystore2/watchdog/src/lib.rs:164 - ThreadId(3863) TX_handle_next_superseded_blob Pending: 569.324077ms Overdue 69.32677ms
03-14 19:08:33.080   645 13065 W keystore2: system/security/keystore2/watchdog/src/lib.rs:164 - ThreadId(3863) KeystoreDB::handle_next_superseded_blob delete v2 Pending: 500.311385ms Overdue 312.307┬Ąs
03-14 19:08:33.080   645 13065 W keystore2: system/security/keystore2/watchdog/src/lib.rs:175 - ### Keystore Watchdog report - END ###
03-14 19:08:33.682 11314 11427 E ActivityThread: Failed to find provider info for com.zhiliaoapp.musically.apm
03-14 19:08:33.875 11314 11427 E ActivityThread: Failed to find provider info for com.zhiliaoapp.musically.apm
03-14 19:08:33.876 11314 11427 E ActivityThread: Failed to find provider info for com.zhiliaoapp.musically.apm
03-14 19:08:34.107  2185  2705 D OplusStartingWindowManager: updateRecordSurfaceViewState windowToken = android.os.BinderProxy@d21f18, surfaceState = true, attachedToWindow = true, inList = false, win = Window{380bd71 u0 com.zhiliaoapp.musically/com.ss.android.ugc.aweme.splash.SplashActivity}
03-14 19:08:34.184  2185  2705 D OplusStartingWindowManager: updateRecordSurfaceViewState windowToken = android.os.BinderProxy@d21f18, surfaceState = true, attachedToWindow = true, inList = false, win = Window{380bd71 u0 com.zhiliaoapp.musically/com.ss.android.ugc.aweme.splash.SplashActivity}
03-14 19:08:34.640 11314 11449 E ActivityThread: Failed to find provider info for com.zhiliaoapp.musically.apm
03-14 19:08:34.690 11314 11449 E ActivityThread: Failed to find provider info for com.zhiliaoapp.musically.apm
03-14 19:08:34.798  2185  2263 D PowerManagerService: userActivityNoUpdateLocked: groupId=0, eventTime=351960208, event=touch, flags=0x0, uid=1000
03-14 19:08:34.891  2185  2263 D PowerManagerService: userActivityNoUpdateLocked: groupId=0, eventTime=351960309, event=touch, flags=0x0, uid=1000
03-14 19:08:35.152  2185  2964 D OplusStartingWindowManager: updateRecordSurfaceViewState windowToken = android.os.BinderProxy@d21f18, surfaceState = false, attachedToWindow = true, inList = false, win = Window{380bd71 u0 com.zhiliaoapp.musically/com.ss.android.ugc.aweme.splash.SplashActivity}
03-14 19:08:35.688  2185  3008 D OplusStartingWindowManager: updateRecordSurfaceViewState windowToken = android.os.BinderProxy@d21f18, surfaceState = true, attachedToWindow = true, inList = false, win = Window{380bd71 u0 com.zhiliaoapp.musically/com.ss.android.ugc.aweme.splash.SplashActivity}
03-14 19:08:35.716  2185  3008 D OplusStartingWindowManager: updateRecordSurfaceViewState windowToken = android.os.BinderProxy@d21f18, surfaceState = true, attachedToWindow = true, inList = false, win = Window{380bd71 u0 com.zhiliaoapp.musically/com.ss.android.ugc.aweme.splash.SplashActivity}
03-14 19:08:36.229  2185  2263 D PowerManagerService: userActivityNoUpdateLocked: groupId=0, eventTime=351961651, event=touch, flags=0x0, uid=1000
03-14 19:08:36.325  2185  2263 D PowerManagerService: userActivityNoUpdateLocked: groupId=0, eventTime=351961753, event=touch, flags=0x0, uid=1000
03-14 19:08:36.364  2185  3292 D OplusStartingWindowManager: updateRecordSurfaceViewState windowToken = android.os.BinderProxy@d21f18, surfaceState = false, attachedToWindow = true, inList = false, win = Window{380bd71 u0 com.zhiliaoapp.musically/com.ss.android.ugc.aweme.splash.SplashActivity}
03-14 19:08:36.717  2185  2964 D OplusStartingWindowManager: updateRecordSurfaceViewState windowToken = android.os.BinderProxy@d21f18, surfaceState = false, attachedToWindow = true, inList = false, win = Window{380bd71 u0 com.zhiliaoapp.musically/com.ss.android.ugc.aweme.splash.SplashActivity}
03-14 19:08:36.922  2185  2964 D OplusStartingWindowManager: updateRecordSurfaceViewState windowToken = android.os.BinderProxy@d21f18, surfaceState = true, attachedToWindow = true, inList = false, win = Window{380bd71 u0 com.zhiliaoapp.musically/com.ss.android.ugc.aweme.splash.SplashActivity}
03-14 19:08:37.428  2185  2263 D PowerManagerService: userActivityNoUpdateLocked: groupId=0, eventTime=351962854, event=touch, flags=0x0, uid=1000
03-14 19:08:37.528  2185  2263 D PowerManagerService: userActivityNoUpdateLocked: groupId=0, eventTime=351962955, event=touch, flags=0x0, uid=1000
03-14 19:08:37.860  2185  2705 D OplusStartingWindowManager: updateRecordSurfaceViewState windowToken = android.os.BinderProxy@d21f18, surfaceState = true, attachedToWindow = true, inList = false, win = Window{380bd71 u0 com.zhiliaoapp.musically/com.ss.android.ugc.aweme.splash.SplashActivity}
03-14 19:08:40.171  2185  2185 D MBrainLocalService: isVendorFreezeConditionPass is false
03-14 19:08:40.172  2185  2185 D MBrainLocalService: notifyNetworkChange failed
03-14 19:08:42.229  2185  3008 I OplusStatusBarManagerServiceEnhance:  getTopIsFullscreen mTopIsFullscreen: false
03-14 19:08:42.231  2185  3008 W ActivityManager: Permission Denial: getTopApplicationInfo from pid=21836, uid=10293 requires oplus.permission.OPLUS_COMPONENT_SAFE
03-14 19:08:42.242  2185  2185 D NotificationService--OplusNotificationManagerServiceExtImpl: isForwardToAssistants: true, case : Is local notification
03-14 19:08:42.242  2185  2185 D NotificationService: This application enqueue notifications is need postDelayed mcsAssistantDelayTime: 200
03-14 19:08:42.381  2185  3008 I OplusStatusBarManagerServiceEnhance:  getTopIsFullscreen mTopIsFullscreen: false
03-14 19:08:42.381  2185  3008 W ActivityManager: Permission Denial: getTopApplicationInfo from pid=21836, uid=10293 requires oplus.permission.OPLUS_COMPONENT_SAFE
03-14 19:08:42.385  2185  2185 D NotificationService--OplusNotificationManagerServiceExtImpl: isForwardToAssistants: true, case : Is local notification
03-14 19:08:42.385  2185  2185 D NotificationService: This application enqueue notifications is need postDelayed mcsAssistantDelayTime: 200
03-14 19:08:42.559  2185  3008 I OplusStatusBarManagerServiceEnhance:  getTopIsFullscreen mTopIsFullscreen: false
03-14 19:08:42.560  2185  3008 W ActivityManager: Permission Denial: getTopApplicationInfo from pid=21836, uid=10293 requires oplus.permission.OPLUS_COMPONENT_SAFE
03-14 19:08:42.561  2185  2185 D NotificationService--OplusNotificationManagerServiceExtImpl: isForwardToAssistants: true, case : Is local notification
03-14 19:08:42.561  2185  2185 D NotificationService: This application enqueue notifications is need postDelayed mcsAssistantDelayTime: 200
03-14 19:08:43.562  2185  3008 D OplusBatteryServiceFeature: setSmartCoolDown: coolDown = 2, normalCoolDown = 2, pkgName = com.zhiliaoapp.musically
03-14 19:08:43.583  2185  2263 D PowerManagerService: userActivityNoUpdateLocked: groupId=0, eventTime=351969009, event=touch, flags=0x0, uid=1000
03-14 19:08:43.586  2185  2234 W UserAwareMgr: can not find match thread: GaussianBlur for process com.android.systemui
03-14 19:08:43.635  2185  2211 D WindowManager: request show transient bar, mShowingTransientTypes = 0 showingTransientTypes = 0
03-14 19:08:43.642  2185  2234 I UserAwareMgr: handleTopAppChanged: com.android.systemui, pid: 2725, uid: 10207
03-14 19:08:43.642  2185  2705 D CoreBackPreview: Window{3b9ad6a u0 NotificationShade}: Setting back callback OnBackInvokedCallbackInfo{mCallback=android.window.IOnBackInvokedCallback$Stub$Proxy@69a1705, mPriority=0, mIsAnimationCallback=false}
03-14 19:08:43.661  2185  2964 I VibratorManagerServiceExtImpl: cancelVibrate uid=1000, pid=2185, usageFilter=-15, token=68846935
03-14 19:08:43.670  2185  2964 D WindowManagerServiceExtImpl: extractConfigInfoAndRealFlags rotation=0, screenDp=708, residentWS:0, win=Window{3b9ad6a u0 NotificationShade}
03-14 19:08:43.671  2185  2964 V WindowManager: Relayout Window{3b9ad6a u0 NotificationShade}: viewVisibility=0, oldvis=4, req=1080x2400, vsysui=LIGHT_STATUS_BAR LIGHT_NAVIGATION_BAR, x=0, y=0
03-14 19:08:43.671  2185  2964 I WindowManager: Window{3b9ad6a u0 NotificationShade} state from NO_SURFACE to DRAW_PENDING; reason: resetDrawState
03-14 19:08:43.676  2185  2964 D WindowManager: NFW_findFocusedWindowIfNeeded:Window{380bd71 u0 com.zhiliaoapp.musically/com.ss.android.ugc.aweme.splash.SplashActivity} mCurrentFocus:Window{380bd71 u0 com.zhiliaoapp.musically/com.ss.android.ugc.aweme.splash.SplashActivity}
03-14 19:08:43.678  2725  2725 W VRI[NotificationShade]: updateBlastSurfaceIfNeeded, surfaceSize:Point(1080, 2400), lastSurfaceSize:Point(1080, 2400), format:-3, blastBufferQueue:null
03-14 19:08:43.682  2185  2263 D PowerManagerService: userActivityNoUpdateLocked: groupId=0, eventTime=351969110, event=touch, flags=0x0, uid=1000
03-14 19:08:43.703  2725  3702 V OplusCustomizeCacheManager: queryCache name: sys.cache.common_customize_cache18014 param: null
03-14 19:08:43.703  2725  3702 V OplusCustomizeCacheManager: queryCache name: sys.cache.common_customize_cache18017 param: Bundle[{SETTING=BLOCK, BUSINESS=NCT-DATA}]
03-14 19:08:43.703  2725  3702 V OplusCustomizeCacheManager: start recompute
03-14 19:08:43.705  2725  3702 V OplusCustomizeCacheManager: queryCache name: sys.cache.common_customize_cache18013 param: null
03-14 19:08:43.712  2185  2964 I WindowManager: Window{3b9ad6a u0 NotificationShade} state from DRAW_PENDING to COMMIT_DRAW_PENDING; reason: finishDrawingLocked
03-14 19:08:43.715  2185  2214 I WindowManager: Window{3b9ad6a u0 NotificationShade} state from COMMIT_DRAW_PENDING to READY_TO_SHOW; reason: commitFinishDrawingLocked
03-14 19:08:43.715  2185  2214 I WindowManager: Window{3b9ad6a u0 NotificationShade} state from READY_TO_SHOW to HAS_DRAWN; reason: performShowLocked
03-14 19:08:43.720  2185  2234 I UserAwareMgr: handleFgAppChanged, pkgName: com.android.systemui, pid: 2725, isVisible: true, fgAppType: FG2
03-14 19:08:43.720  2185  2234 I UserAwareMgr: fg app status not changed, beforeVisible: true, currentVisible: true
03-14 19:08:43.738  2725  2725 W VRI[NotificationShade]: updateBlastSurfaceIfNeeded, surfaceSize:Point(1080, 2400), lastSurfaceSize:Point(1080, 2400), format:-3, blastBufferQueue:android.graphics.BLASTBufferQueue@8fe801d
03-14 19:08:43.738  2185  3297 D WindowManagerServiceExtImpl: extractConfigInfoAndRealFlags rotation=0, screenDp=708, residentWS:0, win=Window{3b9ad6a u0 NotificationShade}
03-14 19:08:43.739  2185  3297 V WindowManager: Relayout Window{3b9ad6a u0 NotificationShade}: viewVisibility=0, oldvis=0, req=1080x2400, vsysui=LIGHT_STATUS_BAR LIGHT_NAVIGATION_BAR, x=0, y=0
03-14 19:08:43.743  2185  3297 D WindowManager: setFrameRateStart invalid typeId return!
03-14 19:08:43.746  2185  3297 D WindowManager: NFW_findFocusedWindowIfNeeded:Window{3b9ad6a u0 NotificationShade} mCurrentFocus:Window{380bd71 u0 com.zhiliaoapp.musically/com.ss.android.ugc.aweme.splash.SplashActivity}
03-14 19:08:43.746  2185  3297 V WindowManager: Changing focus from Window{380bd71 u0 com.zhiliaoapp.musically/com.ss.android.ugc.aweme.splash.SplashActivity} to Window{3b9ad6a u0 NotificationShade},diplayid=0
03-14 19:08:43.747  2185  2543 E UAH-Framework: invalid window type -1, return
03-14 19:08:43.748  2185  3297 D WindowManager: setFrameRateStart invalid typeId return!
03-14 19:08:43.750  2185  3297 D WindowManager: setFrameRateStart invalid typeId return!
03-14 19:08:43.776  2725  3702 V OplusCustomizeCacheManager: queryCache name: sys.cache.common_customize_cache18014 param: null
03-14 19:08:43.776  2725  3702 V OplusCustomizeCacheManager: queryCache name: sys.cache.common_customize_cache18017 param: Bundle[{SETTING=BLOCK, BUSINESS=NCT-DATA}]
03-14 19:08:43.776  2725  3702 V OplusCustomizeCacheManager: start recompute
03-14 19:08:43.778  2725  3702 V OplusCustomizeCacheManager: queryCache name: sys.cache.common_customize_cache18013 param: null
03-14 19:08:43.806  2185  3008 D LockSettingsService: [getStrongAuthForUser]  userId = 0
03-14 19:08:43.817  2725  3702 V OplusCustomizeCacheManager: queryCache name: sys.cache.common_customize_cache18014 param: null
03-14 19:08:43.817  2725  3702 V OplusCustomizeCacheManager: queryCache name: sys.cache.common_customize_cache18017 param: Bundle[{SETTING=BLOCK, BUSINESS=NCT-DATA}]
03-14 19:08:43.817  2725  3702 V OplusCustomizeCacheManager: start recompute
03-14 19:08:43.820  2725  3702 V OplusCustomizeCacheManager: queryCache name: sys.cache.common_customize_cache18013 param: null
03-14 19:08:43.824  2725  3702 V OplusCustomizeCacheManager: queryCache name: sys.cache.common_customize_cache18014 param: null
03-14 19:08:43.824  2725  3702 V OplusCustomizeCacheManager: queryCache name: sys.cache.common_customize_cache18017 param: Bundle[{SETTING=BLOCK, BUSINESS=NCT-DATA}]
03-14 19:08:43.824  2725  3702 V OplusCustomizeCacheManager: start recompute
03-14 19:08:43.825  2725  3702 V OplusCustomizeCacheManager: queryCache name: sys.cache.common_customize_cache18013 param: null
03-14 19:08:43.829  2725  3702 V OplusCustomizeCacheManager: queryCache name: sys.cache.common_customize_cache18014 param: null
03-14 19:08:43.830  2725  3702 V OplusCustomizeCacheManager: queryCache name: sys.cache.common_customize_cache18017 param: Bundle[{SETTING=BLOCK, BUSINESS=NCT-DATA}]
03-14 19:08:43.830  2725  3702 V OplusCustomizeCacheManager: start recompute
03-14 19:08:43.831  2725  3702 V OplusCustomizeCacheManager: queryCache name: sys.cache.common_customize_cache18013 param: null
03-14 19:08:44.080   645 13065 I keystore2: system/security/keystore2/watchdog/src/lib.rs:319 - Watchdog thread idle -> terminating. Have a great day.
03-14 19:08:44.493  2185  2263 D PowerManagerService: userActivityNoUpdateLocked: groupId=0, eventTime=351969919, event=touch, flags=0x0, uid=1000
03-14 19:08:44.804  2185  2964 D CoreBackPreview: Window{3b9ad6a u0 NotificationShade}: Setting back callback null
03-14 19:08:44.835  2185  2964 D WindowManagerServiceExtImpl: extractConfigInfoAndRealFlags rotation=0, screenDp=708, residentWS:0, win=Window{3b9ad6a u0 NotificationShade}
03-14 19:08:44.835  2185  2964 V WindowManager: Relayout Window{3b9ad6a u0 NotificationShade}: viewVisibility=4, oldvis=0, req=1080x2400, vsysui=LIGHT_STATUS_BAR LIGHT_NAVIGATION_BAR, x=0, y=0
03-14 19:08:44.836  2185  2964 I WindowManager: Window{3b9ad6a u0 NotificationShade} state from HAS_DRAWN to NO_SURFACE; reason: destroySurface
03-14 19:08:44.836  2185  2234 I UserAwareMgr: handleFgAppChanged, pkgName: com.android.systemui, pid: 2725, isVisible: false, fgAppType: FG2
03-14 19:08:44.836  2185  2234 I UserAwareMgr: fg app status not changed, beforeVisible: true, currentVisible: true
03-14 19:08:44.840  2185  2964 D WindowManager: NFW_findFocusedWindowIfNeeded:Window{380bd71 u0 com.zhiliaoapp.musically/com.ss.android.ugc.aweme.splash.SplashActivity} mCurrentFocus:Window{3b9ad6a u0 NotificationShade}
03-14 19:08:44.841  2185  2964 V WindowManager: Changing focus from Window{3b9ad6a u0 NotificationShade} to Window{380bd71 u0 com.zhiliaoapp.musically/com.ss.android.ugc.aweme.splash.SplashActivity},diplayid=0
03-14 19:08:44.843  2185  2964 D WindowManager: setFrameRateStart invalid typeId return!
03-14 19:08:44.845  2185  2964 D WindowManager: setFrameRateStart invalid typeId return!
03-14 19:08:44.926  2185  2964 V AutofillInlineSuggestionsRequestSession: onInputMethodFinishInput() received
03-14 19:08:44.927  2185  2964 V AutofillInlineSuggestionsRequestSession: onInputMethodStartInput() received on 0
03-14 19:08:44.930  2185  2964 W PackageConfigPersister: App-specific configuration not found for packageName: com.zhiliaoapp.musically and userId: 0
03-14 19:08:46.678  2185  2264 D OplusDisplayBrightnessBroadcastReceiver: onReceive action = android.intent.action.BATTERY_CHANGED , listeners = [com.android.server.display.OplusFeatureHDREnhanceBrightness$PhoneInfoReceiver@fef6f7d, com.android.server.display.OplusFeatureEdrEnhanceBrightness$PhoneInfoReceiver@498be72]
03-14 19:08:47.605  2185  2185 D MBrainLocalService: isVendorFreezeConditionPass is false
03-14 19:08:47.605  2185  2185 D MBrainLocalService: notifyNetworkChange failed
03-14 19:08:47.813  2185  2234 I UserAwareMgr: handleAppChangedToBg, pkgName: com.android.systemui, pid: 2725
03-14 19:08:47.821  2185  2234 I UserAwareMgr: handleAppChangedToBg, pkgName: com.android.systemui, pid: 2725
03-14 19:08:47.822  2185  2234 W UserAwareMgr: app not not found or not visible: {pkgName='com.android.systemui', processName='com.android.systemui', pid=2725, uid=10207, flags='systemui|bg', renderTid=3000, hwuiTids=[3851, 3852], glTids=null, threadInfos={wmshell.main={threadName='wmshell.main', tid=2821, extendTids=null}, ll.splashworker={threadName='ll.splashworker', tid=2938, extendTids=null}, wmshell.anim={threadName='wmshell.anim', tid=2878, extendTids=null}, VolumeDialogControllerImpl={threadName='VolumeDialogControllerImpl', tid=3542, extendTids=null}, ll.splashscreen={threadName='ll.splashscreen', tid=2937, extendTids=null}, KeyguardWorkerThread={threadName='KeyguardWorkerThread', tid=3064, extendTids=null}, OnScreenFingerprint OpticalUIUpdateThread={threadName='OnScreenFingerprint OpticalUIUpdateThread', tid=3888, extendTids=null}, ImageWallpaper={threadName='ImageWallpaper', tid=3754, extendTids=null}, KgdAnimThread={threadName='KgdAnimThread', tid=3066, extendTids=null}, GestureUI={threadName='GestureUI', tid=3422, extendTids=null}, SysUiLng={threadName='SysUiLng', tid=3750, extendTids=null}}}
03-14 19:08:47.822  2185  2234 W UserAwareMgr: handleAppChangedToBg process is empty
03-14 19:08:51.649  2185  5131 D UsageStatsService: User[0] type=0 b=1773504393588 e=1773504531649 cb=1773503688381 ce=1773504523785 disk=0 all=15
03-14 19:08:52.562  2185  2264 D OplusDisplayBrightnessBroadcastReceiver: onReceive action = android.intent.action.BATTERY_CHANGED , listeners = [com.android.server.display.OplusFeatureHDREnhanceBrightness$PhoneInfoReceiver@fef6f7d, com.android.server.display.OplusFeatureEdrEnhanceBrightness$PhoneInfoReceiver@498be72]
03-14 19:08:53.054  2185  2245 D CompatChangeReporter: Compat change id reported: 151861875; UID 10286; state: ENABLED
03-14 19:08:53.083  2185  2238 I ActivityManager: Start proc 13407:com.jumia.android/u0a286 for broadcast {com.jumia.android/com.google.firebase.iid.FirebaseInstanceIdReceiver}
03-14 19:08:53.158  2185  2705 E OplusDexOptimizeManager: Start app fature is off
03-14 19:08:53.189  2185  2964 E OplusDexOptimizeManager: Start app fature is off
03-14 19:08:53.189  2185  2964 E OplusDexOptimizeManager: Start app fature is off
03-14 19:08:53.189  2185  2964 E OplusDexOptimizeManager: Start app fature is off
03-14 19:08:53.189  2185  2964 E OplusDexOptimizeManager: Start app fature is off
03-14 19:08:53.189  2185  2964 E OplusDexOptimizeManager: Start app fature is off
03-14 19:08:53.189  2185  2964 E OplusDexOptimizeManager: Start app fature is off
03-14 19:08:53.189  2185  2964 E OplusDexOptimizeManager: Start app fature is off
03-14 19:08:53.190  2185  2964 D ActivityTaskManagerServiceExtImpl: preBindApplication record is null
03-14 19:08:53.198  2185  2964 E OplusDexOptimizeManager: Start app fature is off
03-14 19:08:53.213  2185  2347 E OplusDexOptimizeManager: Start app fature is off
03-14 19:08:53.223  2185  2347 E OplusDexOptimizeManager: Start app fature is off
03-14 19:08:53.227  2185  2347 W JobServiceContext: Sending onNetworkChanged for a job that isn't started. JobStatus{aa39d59 #u0a286/-2100809884 com.jumia.android/com.google.android.datatransport.runtime.scheduling.jobscheduling.JobInfoSchedulerService u=0 s=10286 TIME=-1h59m48s689ms:none NET READY}
03-14 19:08:53.228  2185  2347 W JobServiceContext: Sending onNetworkChanged for a job that isn't started. JobStatus{8883a98 androidx.work.systemjobscheduler:u0a286/5639 @androidx.work.systemjobscheduler@com.jumia.android/androidx.work.impl.background.systemjob.SystemJobService u=0 s=10286 TIME=-19h17m43s887ms:none NET READY}
03-14 19:08:53.231  2185  2347 E JobScheduler.Background: Couldn't determine stopped state for unknown package: com.oplus.onet
03-14 19:08:53.476 13407 13407 D ResourcesManagerExtImpl: applyConfigurationToAppResourcesLocked app.getDisplayId() return callback.displayId:-1
03-14 19:08:53.788  2185  2964 E OplusDexOptimizeManager: Start app fature is off
03-14 19:08:53.855  2185  3008 E OplusDexOptimizeManager: Start app fature is off
03-14 19:08:53.991 13407 13475 E ActivityThread: Failed to find provider info for com.facebook.katana.provider.AttributionIdProvider
03-14 19:08:53.993  2185  2705 D CompatChangeReporter: Compat change id reported: 297989574; UID 10286; state: ENABLED
03-14 19:08:53.999  2185  2705 E OplusDexOptimizeManager: Start app fature is off
03-14 19:08:54.037  2185  2705 E OplusDexOptimizeManager: Start app fature is off
03-14 19:08:54.039  2185  3008 I ActivityManager: Flag disabled. Ignoring finishAttachApplication from uid: 10286. pid: 13407
03-14 19:08:54.046  2185  2238 I ActivityManager: Start proc 13495:com.android.chrome/u0a156 for service {com.android.chrome/org.chromium.chrome.browser.customtabs.CustomTabsConnectionService}
03-14 19:08:54.077  2185  2705 E OplusDexOptimizeManager: Start app fature is off
03-14 19:08:54.142  2185  3644 D VRR [OPlusExternalRefreshRateManager]: isPkgTfcEnable: pkgName = com.jumia.android, enable = false
03-14 19:08:54.143  2185  3644 D VRR [OPlusExternalRefreshRateManager]: getTfcMinFramerate: pkgName = com.jumia.android, min framerate = 0
03-14 19:08:54.148  2185  3008 E OplusDexOptimizeManager: Start app fature is off
03-14 19:08:54.148  2185  3008 E OplusDexOptimizeManager: Start app fature is off
03-14 19:08:54.148  2185  3008 E OplusDexOptimizeManager: Start app fature is off
03-14 19:08:54.148  2185  3008 E OplusDexOptimizeManager: Start app fature is off
03-14 19:08:54.148  2185  3008 E OplusDexOptimizeManager: Start app fature is off
03-14 19:08:54.148  2185  3008 E OplusDexOptimizeManager: Start app fature is off
03-14 19:08:54.148  2185  3008 E OplusDexOptimizeManager: Start app fature is off
03-14 19:08:54.149  2185  3008 D ActivityTaskManagerServiceExtImpl: preBindApplication record is null
03-14 19:08:54.163  2185  3008 E OplusDexOptimizeManager: Start app fature is off
03-14 19:08:54.236  2185  3297 I OplusStatusBarManagerServiceEnhance:  getTopIsFullscreen mTopIsFullscreen: false
03-14 19:08:54.237  2185  3297 W ActivityManager: Permission Denial: getTopApplicationInfo from pid=13407, uid=10286 requires oplus.permission.OPLUS_COMPONENT_SAFE
03-14 19:08:54.238  2185  2185 D NotificationService--OplusNotificationManagerServiceExtImpl: isForwardToAssistants: true, case : Is local notification
03-14 19:08:54.238  2185  2185 D NotificationService: This application enqueue notifications is need postDelayed mcsAssistantDelayTime: 200
03-14 19:08:54.250  2185  3008 D CompatChangeReporter: Compat change id reported: 311208629; UID 10286; state: ENABLED
03-14 19:08:54.253  2185  3008 W JobScheduler: Job didn't exist in JobStore: #com.jumia.android/5639
03-14 19:08:54.257  2185  2185 I OplusStatusBarManagerServiceEnhance:  getTopIsFullscreen mTopIsFullscreen: false
03-14 19:08:54.258  2185  3297 E OplusDexOptimizeManager: Start app fature is off
03-14 19:08:54.266  2185  2185 V NotifAttentionHelper: Ringtone player is null.
03-14 19:08:54.291  2185  2964 D CompatChangeReporter: Compat change id reported: 311402873; UID 10286; state: ENABLED
03-14 19:08:54.291  2185  2964 D CompatChangeReporter: Compat change id reported: 323349338; UID 10286; state: ENABLED
03-14 19:08:54.303  2185  2185 W NotificationHistory: Attempted to add notif for locked/gone/disabled user 0
03-14 19:08:54.344  2185  3644 E OplusDexOptimizeManager: Start app fature is off
03-14 19:08:54.377 13495 13495 D ResourcesManagerExtImpl: applyConfigurationToAppResourcesLocked app.getDisplayId() return callback.displayId:-1
03-14 19:08:54.459  2185  2705 E OplusDexOptimizeManager: Start app fature is off
03-14 19:08:54.642  2185  3297 I ActivityManager: Flag disabled. Ignoring finishAttachApplication from uid: 10156. pid: 13495
03-14 19:08:54.676  2185  2964 I AS.FadeOutManager: unfadeOutUid() uid:10207
03-14 19:08:54.814  2185  2964 E OplusDexOptimizeManager: Start app fature is off
03-14 19:08:55.727  2185  2964 E OplusDexOptimizeManager: Start app fature is off
03-14 19:08:55.806  2185  3297 E OplusDexOptimizeManager: Start app fature is off
03-14 19:08:55.820  2185  2238 I ActivityManager: Start proc 13586:com.android.chrome:privileged_process0/u0a156 for service {com.android.chrome/org.chromium.content.app.PrivilegedProcessService0}
03-14 19:08:55.901  2185  3297 D ActivityTaskManagerServiceExtImpl: preBindApplication record is null
03-14 19:08:55.910  2185  3297 E OplusDexOptimizeManager: Start app fature is off
03-14 19:08:56.037 13586 13586 D ResourcesManagerExtImpl: applyConfigurationToAppResourcesLocked app.getDisplayId() return callback.displayId:-1
03-14 19:08:56.052  2185  2705 I ActivityManager: Flag disabled. Ignoring finishAttachApplication from uid: 10156. pid: 13586
03-14 19:08:56.061  2185  2705 E OplusDexOptimizeManager: Start app fature is off
03-14 19:08:56.210  2185  2964 I AS.FadeOutManager: unfadeOutUid() uid:10260
03-14 19:08:56.502  2185  3008 W PackageManager: package com.android.chrome uid 10156 pid 13495 call SetEnabledSetting(com.android.chrome component = org.chromium.chrome.browser.quickactionsearchwidget.QuickActionSearchWidgetProvider$QuickActionSearchWidgetProviderSearch, 1, 0)
03-14 19:08:56.503  2185  3008 W PackageManager: package com.android.chrome uid 10156 pid 13495 call SetEnabledSetting(com.android.chrome component = org.chromium.chrome.browser.quickactionsearchwidget.QuickActionSearchWidgetProvider$QuickActionSearchWidgetProviderDino, 1, 0)
03-14 19:08:56.921  2185  3644 E OplusDexOptimizeManager: Start app fature is off
03-14 19:08:57.109  2185  2238 W ActivityManager: Slow operation: 322ms so far, now at startProcess: returned from zygote!
03-14 19:08:57.109  2185  2238 W ActivityManager: Slow operation: 322ms so far, now at startProcess: done updating battery stats
03-14 19:08:57.109  2185  2238 W ActivityManager: Slow operation: 323ms so far, now at startProcess: building log message
03-14 19:08:57.109  2185  2238 I ActivityManager: Start proc 13657:com.android.chrome:sandboxed_process0:org.chromium.content.app.SandboxedProcessService0:0/u0ai0 for  {com.android.chrome/org.chromium.content.app.SandboxedProcessService0:0}
03-14 19:08:57.109  2185  2238 W ActivityManager: Slow operation: 323ms so far, now at startProcess: starting to update pids map
03-14 19:08:57.109  2185  2238 W ActivityManager: Slow operation: 323ms so far, now at startProcess: done updating pids map
03-14 19:08:57.145 13495 13495 E OplusCustomizeRestrictionManager: sInstance is null, start a new sInstance
03-14 19:08:57.160 13495 13495 D OplusInputMethodUtil: init sDebug to false, init sDebugIme to false, init sAlwaysOn to false
03-14 19:08:57.160 13495 13495 D OplusInputMethodUtil: updateDebugToClass InputMethodManager.DEBUG = false
03-14 19:08:57.160 13495 13495 D OplusInputMethodUtil: updateDebugToClass ImeFocusController.DEBUG = false
03-14 19:08:57.160 13495 13495 D OplusInputMethodUtil: updateDebugToClass InsetsController.DEBUG = false
03-14 19:08:57.160 13495 13495 D OplusInputMethodUtil: updateDebugToClass BaseInputConnection.DEBUG = false
03-14 19:08:57.194  2185  3297 D ActivityTaskManagerServiceExtImpl: preBindApplication record is null
03-14 19:08:57.207  2185  3297 E OplusDexOptimizeManager: Start app fature is off
03-14 19:08:57.302 13657 13657 E OplusCustomizePackageManager: mIOplusCustomizePackageManagerService is null
03-14 19:08:57.304 13657 13657 E OplusCustomizePackageManager: mIOplusCustomizePackageManagerService is null
03-14 19:08:57.307 13657 13657 E OplusCustomizePackageManager: isOplusCertificatePackage Errorjava.lang.NullPointerException: Attempt to invoke interface method 'boolean android.os.customize.IOplusCustomizePackageManagerService.isOplusCertificatePackage(java.lang.String)' on a null object reference
03-14 19:08:57.321 13657 13657 D ResourcesManagerExtImpl: applyConfigurationToAppResourcesLocked app.getDisplayId() return callback.displayId:-1
03-14 19:08:57.334  2185  3008 I ActivityManager: Flag disabled. Ignoring finishAttachApplication from uid: 90000. pid: 13657
03-14 19:08:57.355  2185  3008 I ActivityManager: Killing 8031:com.google.android.permissioncontroller/u0a244 (adj 975): empty #25
03-14 19:08:57.428  2185  3644 E OplusDexOptimizeManager: Start app fature is off
03-14 19:08:57.461  2185  3644 I ActivityManager: Death received, pid = 8031, processName = com.google.android.permissioncontroller for thread android.os.BinderProxy@32843e
03-14 19:08:57.489  2185  2211 D DisplayManagerService: Drop pending events for gone uid 10244
03-14 19:09:00.001  2185  2369 V AlarmManager: sending alarm Alarm{e092b4 type 3 origWhen 485612287 whenElapsed 485612287 android} uid 1000 whenElapsed 485612287 windowLength 0 maxWhenElapsed 485612287 repeatInterval 0 action null component null tag TIME_TICK flags 0x9 procName system_server
03-14 19:09:00.021  2185  2264 D OplusDisplayBrightnessBroadcastReceiver: onReceive action = android.intent.action.TIME_TICK , listeners = [com.android.server.display.marvels.module.ORBrightnessMarvelsDataCollector$ScreenStateReceiver@151f752]
03-14 19:09:00.528  2185  2392 D PowerManagerService: userActivityNoUpdateLocked: groupId=0, eventTime=351985953, event=touch, flags=0x0, uid=1000
03-14 19:09:00.533  2185  2234 W UserAwareMgr: can not find match thread: GaussianBlur for process com.android.systemui
03-14 19:09:00.579  2185  2211 D WindowManager: request show transient bar, mShowingTransientTypes = 0 showingTransientTypes = 0
03-14 19:09:00.591  2185  2705 D CoreBackPreview: Window{3b9ad6a u0 NotificationShade}: Setting back callback OnBackInvokedCallbackInfo{mCallback=android.window.IOnBackInvokedCallback$Stub$Proxy@322ac95, mPriority=0, mIsAnimationCallback=false}
03-14 19:09:00.611  2185  3644 I VibratorManagerServiceExtImpl: cancelVibrate uid=1000, pid=2185, usageFilter=-15, token=68846935
03-14 19:09:00.622  2185  2964 D WindowManagerServiceExtImpl: extractConfigInfoAndRealFlags rotation=0, screenDp=708, residentWS:0, win=Window{3b9ad6a u0 NotificationShade}
03-14 19:09:00.623  2185  2964 V WindowManager: Relayout Window{3b9ad6a u0 NotificationShade}: viewVisibility=0, oldvis=4, req=1080x2400, vsysui=LIGHT_STATUS_BAR LIGHT_NAVIGATION_BAR, x=0, y=0
03-14 19:09:00.623  2185  2964 I WindowManager: Window{3b9ad6a u0 NotificationShade} state from NO_SURFACE to DRAW_PENDING; reason: resetDrawState
03-14 19:09:00.623  2185  2234 I UserAwareMgr: handleTopAppChanged: com.android.systemui, pid: 2725, uid: 10207
03-14 19:09:00.624  2725  3702 V OplusCustomizeCacheManager: queryCache name: sys.cache.common_customize_cache18014 param: null
03-14 19:09:00.624  2725  3702 V OplusCustomizeCacheManager: queryCache name: sys.cache.common_customize_cache18017 param: Bundle[{SETTING=BLOCK, BUSINESS=NCT-DATA}]
03-14 19:09:00.624  2725  3702 V OplusCustomizeCacheManager: start recompute
03-14 19:09:00.627  2185  2263 D PowerManagerService: userActivityNoUpdateLocked: groupId=0, eventTime=351986054, event=touch, flags=0x0, uid=1000
03-14 19:09:00.626  2725  3702 V OplusCustomizeCacheManager: queryCache name: sys.cache.common_customize_cache18013 param: null
03-14 19:09:00.631  2185  2964 D WindowManager: NFW_findFocusedWindowIfNeeded:Window{380bd71 u0 com.zhiliaoapp.musically/com.ss.android.ugc.aweme.splash.SplashActivity} mCurrentFocus:Window{380bd71 u0 com.zhiliaoapp.musically/com.ss.android.ugc.aweme.splash.SplashActivity}
03-14 19:09:00.634  2725  2725 W VRI[NotificationShade]: updateBlastSurfaceIfNeeded, surfaceSize:Point(1080, 2400), lastSurfaceSize:Point(1080, 2400), format:-3, blastBufferQueue:null
03-14 19:09:00.674  2185  2705 I WindowManager: Window{3b9ad6a u0 NotificationShade} state from DRAW_PENDING to COMMIT_DRAW_PENDING; reason: finishDrawingLocked
03-14 19:09:00.680  2185  2214 I WindowManager: Window{3b9ad6a u0 NotificationShade} state from COMMIT_DRAW_PENDING to READY_TO_SHOW; reason: commitFinishDrawingLocked
03-14 19:09:00.681  2185  2214 I WindowManager: Window{3b9ad6a u0 NotificationShade} state from READY_TO_SHOW to HAS_DRAWN; reason: performShowLocked
03-14 19:09:00.689  2185  2234 I UserAwareMgr: handleFgAppChanged, pkgName: com.android.systemui, pid: 2725, isVisible: true, fgAppType: FG2
03-14 19:09:00.689  2185  2234 I UserAwareMgr: fg app status not changed, beforeVisible: true, currentVisible: true
03-14 19:09:00.712  2725  2725 W VRI[NotificationShade]: updateBlastSurfaceIfNeeded, surfaceSize:Point(1080, 2400), lastSurfaceSize:Point(1080, 2400), format:-3, blastBufferQueue:android.graphics.BLASTBufferQueue@440aadb
03-14 19:09:00.712  2185  3291 D WindowManagerServiceExtImpl: extractConfigInfoAndRealFlags rotation=0, screenDp=708, residentWS:0, win=Window{3b9ad6a u0 NotificationShade}
03-14 19:09:00.713  2185  3291 V WindowManager: Relayout Window{3b9ad6a u0 NotificationShade}: viewVisibility=0, oldvis=0, req=1080x2400, vsysui=LIGHT_STATUS_BAR LIGHT_NAVIGATION_BAR, x=0, y=0
03-14 19:09:00.715  2185  3291 D WindowManager: setFrameRateStart invalid typeId return!
03-14 19:09:00.717  2185  3291 D WindowManager: NFW_findFocusedWindowIfNeeded:Window{3b9ad6a u0 NotificationShade} mCurrentFocus:Window{380bd71 u0 com.zhiliaoapp.musically/com.ss.android.ugc.aweme.splash.SplashActivity}
03-14 19:09:00.717  2185  3291 V WindowManager: Changing focus from Window{380bd71 u0 com.zhiliaoapp.musically/com.ss.android.ugc.aweme.splash.SplashActivity} to Window{3b9ad6a u0 NotificationShade},diplayid=0
03-14 19:09:00.717  2185  2543 E UAH-Framework: invalid window type -1, return
03-14 19:09:00.719  2185  3291 D WindowManager: setFrameRateStart invalid typeId return!
03-14 19:09:00.721  2185  3291 D WindowManager: setFrameRateStart invalid typeId return!
03-14 19:09:00.750  2725  3702 V OplusCustomizeCacheManager: queryCache name: sys.cache.common_customize_cache18014 param: null
03-14 19:09:00.750  2725  3702 V OplusCustomizeCacheManager: queryCache name: sys.cache.common_customize_cache18017 param: Bundle[{SETTING=BLOCK, BUSINESS=NCT-DATA}]
03-14 19:09:00.751  2725  3702 V OplusCustomizeCacheManager: start recompute
03-14 19:09:00.758  2725  3702 V OplusCustomizeCacheManager: queryCache name: sys.cache.common_customize_cache18013 param: null
03-14 19:09:00.786  2185  3297 D LockSettingsService: [getStrongAuthForUser]  userId = 0
03-14 19:09:00.794  2725  3702 V OplusCustomizeCacheManager: queryCache name: sys.cache.common_customize_cache18014 param: null
03-14 19:09:00.795  2725  3702 V OplusCustomizeCacheManager: queryCache name: sys.cache.common_customize_cache18017 param: Bundle[{SETTING=BLOCK, BUSINESS=NCT-DATA}]
03-14 19:09:00.795  2725  3702 V OplusCustomizeCacheManager: start recompute
03-14 19:09:00.796  2725  3702 V OplusCustomizeCacheManager: queryCache name: sys.cache.common_customize_cache18013 param: null
03-14 19:09:00.799  2725  3702 V OplusCustomizeCacheManager: queryCache name: sys.cache.common_customize_cache18014 param: null
03-14 19:09:00.799  2725  3702 V OplusCustomizeCacheManager: queryCache name: sys.cache.common_customize_cache18017 param: Bundle[{SETTING=BLOCK, BUSINESS=NCT-DATA}]
03-14 19:09:00.799  2725  3702 V OplusCustomizeCacheManager: start recompute
03-14 19:09:00.800  2725  3702 V OplusCustomizeCacheManager: queryCache name: sys.cache.common_customize_cache18013 param: null
03-14 19:09:00.803  2725  3702 V OplusCustomizeCacheManager: queryCache name: sys.cache.common_customize_cache18014 param: null
03-14 19:09:00.803  2725  3702 V OplusCustomizeCacheManager: queryCache name: sys.cache.common_customize_cache18017 param: Bundle[{SETTING=BLOCK, BUSINESS=NCT-DATA}]
03-14 19:09:00.803  2725  3702 V OplusCustomizeCacheManager: start recompute
03-14 19:09:00.806  2725  3702 V OplusCustomizeCacheManager: queryCache name: sys.cache.common_customize_cache18013 param: null
03-14 19:09:02.582  2185  2211 D WindowManager: rotation(ROTATION_0) no changed  displayId = 0, lastOrientation = 1
03-14 19:09:02.883  2185  3644 W ContextImpl: Calling a method in the system process without a qualified user: android.app.ContextImpl.sendBroadcastMultiplePermissions:1311 android.content.Context.sendBroadcastMultiplePermissions:2522 com.android.server.TelephonyRegistry.broadcastServiceStateChanged:3786 com.android.server.TelephonyRegistry.notifyServiceStateForPhoneId:1806 com.android.internal.telephony.ITelephonyRegistry$Stub.onTransact:546 
03-14 19:09:02.890  2185  3644 W ContextImpl: Calling a method in the system process without a qualified user: android.app.ContextImpl.sendBroadcastMultiplePermissions:1344 com.android.server.TelephonyRegistry.broadcastServiceStateChanged:3791 com.android.server.TelephonyRegistry.notifyServiceStateForPhoneId:1806 com.android.internal.telephony.ITelephonyRegistry$Stub.onTransact:546 android.os.Binder.execTransactInternal:1523 
03-14 19:09:02.897  2185  3644 W ContextImpl: Calling a method in the system process without a qualified user: android.app.ContextImpl.sendBroadcastMultiplePermissions:1344 com.android.server.TelephonyRegistry.broadcastServiceStateChanged:3800 com.android.server.TelephonyRegistry.notifyServiceStateForPhoneId:1806 com.android.internal.telephony.ITelephonyRegistry$Stub.onTransact:546 android.os.Binder.execTransactInternal:1523 
03-14 19:09:02.904  2185  3644 W ContextImpl: Calling a method in the system process without a qualified user: android.app.ContextImpl.sendBroadcastMultiplePermissions:1344 com.android.server.TelephonyRegistry.broadcastServiceStateChanged:3806 com.android.server.TelephonyRegistry.notifyServiceStateForPhoneId:1806 com.android.internal.telephony.ITelephonyRegistry$Stub.onTransact:546 android.os.Binder.execTransactInternal:1523 
03-14 19:09:02.909  2185  2245 E OplusDexOptimizeManager: Start app fature is off
03-14 19:09:02.916  2185  2185 D MBrainLocalService: isVendorFreezeConditionPass is false
03-14 19:09:02.916  2185  2185 D MBrainLocalService: notifyNetworkChange failed
03-14 19:09:02.932  2725  3702 V OplusCustomizeCacheManager: queryCache name: sys.cache.common_customize_cache18014 param: null
03-14 19:09:02.932  2725  3702 V OplusCustomizeCacheManager: queryCache name: sys.cache.common_customize_cache18017 param: Bundle[{SETTING=BLOCK, BUSINESS=NCT-DATA}]
03-14 19:09:02.932  2725  3702 V OplusCustomizeCacheManager: start recompute
03-14 19:09:02.933  2725  3702 V OplusCustomizeCacheManager: queryCache name: sys.cache.common_customize_cache18013 param: null
03-14 19:09:03.589  2185  2264 D OplusDisplayBrightnessBroadcastReceiver: onReceive action = android.intent.action.BATTERY_CHANGED , listeners = [com.android.server.display.OplusFeatureHDREnhanceBrightness$PhoneInfoReceiver@fef6f7d, com.android.server.display.OplusFeatureEdrEnhanceBrightness$PhoneInfoReceiver@498be72]
03-14 19:09:03.603  2185  2264 D OplusDisplayBrightnessBroadcastReceiver: onReceive action = android.intent.action.BATTERY_CHANGED , listeners = [com.android.server.display.OplusFeatureHDREnhanceBrightness$PhoneInfoReceiver@fef6f7d, com.android.server.display.OplusFeatureEdrEnhanceBrightness$PhoneInfoReceiver@498be72]
03-14 19:09:03.871  2185  2483 W ContextImpl: Calling a method in the system process without a qualified user: android.app.ContextImpl.sendBroadcast:1261 com.android.server.job.controllers.OplusCpuController.notifyHighCpuEventForApp:387 com.android.server.job.controllers.OplusCpuController.handleCpuUpdate:333 com.android.server.job.controllers.OplusCpuController.-$$Nest$mhandleCpuUpdate:0 com.android.server.job.controllers.OplusCpuController$CpuTrackerHandler.handleMessage:257 
03-14 19:09:03.878 11314 11427 E ActivityThread: Failed to find provider info for com.zhiliaoapp.musically.apm
03-14 19:09:03.879 11314 11427 E ActivityThread: Failed to find provider info for com.zhiliaoapp.musically.apm
03-14 19:09:03.883 11314 11427 E ActivityThread: Failed to find provider info for com.zhiliaoapp.musically.apm
03-14 19:09:04.325 11314 11427 E ActivityThread: Failed to find provider info for com.zhiliaoapp.musically.apm
03-14 19:09:04.353 11314 11427 E ActivityThread: Failed to find provider info for com.zhiliaoapp.musically.apm
03-14 19:09:05.382  2725  3702 V OplusCustomizeCacheManager: queryCache name: sys.cache.common_customize_cache18014 param: null
03-14 19:09:05.382  2725  3702 V OplusCustomizeCacheManager: queryCache name: sys.cache.common_customize_cache18017 param: Bundle[{SETTING=BLOCK, BUSINESS=NCT-DATA}]
03-14 19:09:05.382  2725  3702 V OplusCustomizeCacheManager: start recompute
03-14 19:09:05.383  2725  3702 V OplusCustomizeCacheManager: queryCache name: sys.cache.common_customize_cache18013 param: null
03-14 19:09:06.149  2185  2263 D PowerManagerService: userActivityNoUpdateLocked: groupId=0, eventTime=351991575, event=touch, flags=0x0, uid=1000
03-14 19:09:06.258  2185  3297 E OplusDexOptimizeManager: Start app fature is off
03-14 19:09:06.450  2185  2964 D CoreBackPreview: Window{3b9ad6a u0 NotificationShade}: Setting back callback null
03-14 19:09:06.588  2185  3297 D WindowManagerServiceExtImpl: extractConfigInfoAndRealFlags rotation=0, screenDp=708, residentWS:0, win=Window{3b9ad6a u0 NotificationShade}
03-14 19:09:06.589  2185  3297 V WindowManager: Relayout Window{3b9ad6a u0 NotificationShade}: viewVisibility=4, oldvis=0, req=1080x2400, vsysui=LIGHT_STATUS_BAR LIGHT_NAVIGATION_BAR, x=0, y=0
03-14 19:09:06.589  2185  3297 I WindowManager: Window{3b9ad6a u0 NotificationShade} state from HAS_DRAWN to NO_SURFACE; reason: destroySurface
03-14 19:09:06.589  2185  2234 I UserAwareMgr: handleFgAppChanged, pkgName: com.android.systemui, pid: 2725, isVisible: false, fgAppType: FG2
03-14 19:09:06.590  2185  2234 I UserAwareMgr: fg app status not changed, beforeVisible: true, currentVisible: true
03-14 19:09:06.593  2185  3297 D WindowManager: NFW_findFocusedWindowIfNeeded:Window{380bd71 u0 com.zhiliaoapp.musically/com.ss.android.ugc.aweme.splash.SplashActivity} mCurrentFocus:Window{3b9ad6a u0 NotificationShade}
