03-14 19:12:14.736  2185  2211 D WindowManager: request show transient bar, mShowingTransientTypes = 0 showingTransientTypes = 0
03-14 19:12:14.742  2185  2234 I UserAwareMgr: handleTopAppChanged: com.android.systemui, pid: 2725, uid: 10207
03-14 19:12:14.743  2185  4700 D CoreBackPreview: Window{3b9ad6a u0 NotificationShade}: Setting back callback OnBackInvokedCallbackInfo{mCallback=android.window.IOnBackInvokedCallback$Stub$Proxy@42ae13a, mPriority=0, mIsAnimationCallback=false}
03-14 19:12:14.768  2185  3292 I VibratorManagerServiceExtImpl: cancelVibrate uid=1000, pid=2185, usageFilter=-15, token=68846935
03-14 19:12:14.778  2185  3643 D WindowManagerServiceExtImpl: extractConfigInfoAndRealFlags rotation=0, screenDp=708, residentWS:0, win=Window{3b9ad6a u0 NotificationShade}
03-14 19:12:14.779  2185  3643 V WindowManager: Relayout Window{3b9ad6a u0 NotificationShade}: viewVisibility=0, oldvis=4, req=1080x2400, vsysui=LIGHT_STATUS_BAR LIGHT_NAVIGATION_BAR, x=0, y=0
03-14 19:12:14.779  2185  3643 I WindowManager: Window{3b9ad6a u0 NotificationShade} state from NO_SURFACE to DRAW_PENDING; reason: resetDrawState
03-14 19:12:14.784  2185  3643 D WindowManager: NFW_findFocusedWindowIfNeeded:Window{380bd71 u0 com.zhiliaoapp.musically/com.ss.android.ugc.aweme.splash.SplashActivity} mCurrentFocus:Window{380bd71 u0 com.zhiliaoapp.musically/com.ss.android.ugc.aweme.splash.SplashActivity}
03-14 19:12:14.787  2725  2725 W VRI[NotificationShade]: updateBlastSurfaceIfNeeded, surfaceSize:Point(1080, 2400), lastSurfaceSize:Point(1080, 2400), format:-3, blastBufferQueue:null
03-14 19:12:14.799  2725  3702 V OplusCustomizeCacheManager: queryCache name: sys.cache.common_customize_cache18014 param: null
03-14 19:12:14.799  2725  3702 V OplusCustomizeCacheManager: queryCache name: sys.cache.common_customize_cache18017 param: Bundle[{SETTING=BLOCK, BUSINESS=NCT-DATA}]
03-14 19:12:14.800  2725  3702 V OplusCustomizeCacheManager: start recompute
03-14 19:12:14.802  2185  2263 D PowerManagerService: userActivityNoUpdateLocked: groupId=0, eventTime=352180228, event=touch, flags=0x0, uid=1000
03-14 19:12:14.808  2725  3702 V OplusCustomizeCacheManager: queryCache name: sys.cache.common_customize_cache18013 param: null
03-14 19:12:14.828  2185  3292 I WindowManager: Window{3b9ad6a u0 NotificationShade} state from DRAW_PENDING to COMMIT_DRAW_PENDING; reason: finishDrawingLocked
03-14 19:12:14.832  2185  2214 I WindowManager: Window{3b9ad6a u0 NotificationShade} state from COMMIT_DRAW_PENDING to READY_TO_SHOW; reason: commitFinishDrawingLocked
03-14 19:12:14.832  2185  2214 I WindowManager: Window{3b9ad6a u0 NotificationShade} state from READY_TO_SHOW to HAS_DRAWN; reason: performShowLocked
03-14 19:12:14.838  2185  2234 I UserAwareMgr: handleFgAppChanged, pkgName: com.android.systemui, pid: 2725, isVisible: true, fgAppType: FG2
03-14 19:12:14.838  2185  2234 I UserAwareMgr: fg app status not changed, beforeVisible: true, currentVisible: true
03-14 19:12:14.865  2725  2725 W VRI[NotificationShade]: updateBlastSurfaceIfNeeded, surfaceSize:Point(1080, 2400), lastSurfaceSize:Point(1080, 2400), format:-3, blastBufferQueue:android.graphics.BLASTBufferQueue@e13e067
03-14 19:12:14.865  2185  3643 D WindowManagerServiceExtImpl: extractConfigInfoAndRealFlags rotation=0, screenDp=708, residentWS:0, win=Window{3b9ad6a u0 NotificationShade}
03-14 19:12:14.866  2185  3643 V WindowManager: Relayout Window{3b9ad6a u0 NotificationShade}: viewVisibility=0, oldvis=0, req=1080x2400, vsysui=LIGHT_STATUS_BAR LIGHT_NAVIGATION_BAR, x=0, y=0
03-14 19:12:14.869  2185  3643 D WindowManager: setFrameRateStart invalid typeId return!
03-14 19:12:14.871  2185  3643 D WindowManager: NFW_findFocusedWindowIfNeeded:Window{3b9ad6a u0 NotificationShade} mCurrentFocus:Window{380bd71 u0 com.zhiliaoapp.musically/com.ss.android.ugc.aweme.splash.SplashActivity}
03-14 19:12:14.872  2185  3643 V WindowManager: Changing focus from Window{380bd71 u0 com.zhiliaoapp.musically/com.ss.android.ugc.aweme.splash.SplashActivity} to Window{3b9ad6a u0 NotificationShade},diplayid=0
03-14 19:12:14.872  2185  2543 E UAH-Framework: invalid window type -1, return
03-14 19:12:14.874  2185  3643 D WindowManager: setFrameRateStart invalid typeId return!
03-14 19:12:14.876  2185  3643 D WindowManager: setFrameRateStart invalid typeId return!
03-14 19:12:14.890  2725  3702 V OplusCustomizeCacheManager: queryCache name: sys.cache.common_customize_cache18014 param: null
03-14 19:12:14.892  2725  3702 V OplusCustomizeCacheManager: queryCache name: sys.cache.common_customize_cache18017 param: Bundle[{SETTING=BLOCK, BUSINESS=NCT-DATA}]
03-14 19:12:14.892  2725  3702 V OplusCustomizeCacheManager: start recompute
03-14 19:12:14.893  2725  3702 V OplusCustomizeCacheManager: queryCache name: sys.cache.common_customize_cache18013 param: null
03-14 19:12:14.910  2185  3643 D LockSettingsService: [getStrongAuthForUser]  userId = 0
03-14 19:12:14.927  2185  2263 D PowerManagerService: userActivityNoUpdateLocked: groupId=0, eventTime=352180329, event=touch, flags=0x0, uid=1000
03-14 19:12:14.931  2725  3702 V OplusCustomizeCacheManager: queryCache name: sys.cache.common_customize_cache18014 param: null
03-14 19:12:14.931  2725  3702 V OplusCustomizeCacheManager: queryCache name: sys.cache.common_customize_cache18017 param: Bundle[{SETTING=BLOCK, BUSINESS=NCT-DATA}]
03-14 19:12:14.931  2725  3702 V OplusCustomizeCacheManager: start recompute
03-14 19:12:14.932  2725  3702 V OplusCustomizeCacheManager: queryCache name: sys.cache.common_customize_cache18013 param: null
03-14 19:12:14.936  2725  3702 V OplusCustomizeCacheManager: queryCache name: sys.cache.common_customize_cache18014 param: null
03-14 19:12:14.936  2725  3702 V OplusCustomizeCacheManager: queryCache name: sys.cache.common_customize_cache18017 param: Bundle[{SETTING=BLOCK, BUSINESS=NCT-DATA}]
03-14 19:12:14.936  2725  3702 V OplusCustomizeCacheManager: start recompute
03-14 19:12:14.938  2725  3702 V OplusCustomizeCacheManager: queryCache name: sys.cache.common_customize_cache18013 param: null
03-14 19:12:14.943  2725  3702 V OplusCustomizeCacheManager: queryCache name: sys.cache.common_customize_cache18014 param: null
03-14 19:12:14.943  2725  3702 V OplusCustomizeCacheManager: queryCache name: sys.cache.common_customize_cache18017 param: Bundle[{SETTING=BLOCK, BUSINESS=NCT-DATA}]
03-14 19:12:14.943  2725  3702 V OplusCustomizeCacheManager: start recompute
03-14 19:12:14.945  2725  3702 V OplusCustomizeCacheManager: queryCache name: sys.cache.common_customize_cache18013 param: null
03-14 19:12:15.204 22851 22999 W ContextImpl: Calling a method in the system process without a qualified user: android.app.ContextImpl.bindService:2061 android.content.ContextWrapper.bindService:873 com.heytap.mcs.biz.message.g.b:8 com.heytap.mcs.biz.message.g.b:11 com.heytap.mcs.biz.message.g.f:1 
03-14 19:12:15.212  2185  3292 D CompatChangeReporter: Compat change id reported: 151861875; UID 1000; state: ENABLED
03-14 19:12:15.223  2725  3702 V OplusCustomizeCacheManager: queryCache name: sys.cache.common_customize_cache18014 param: null
03-14 19:12:15.223  2725  3702 V OplusCustomizeCacheManager: queryCache name: sys.cache.common_customize_cache18017 param: Bundle[{SETTING=BLOCK, BUSINESS=NCT-DATA}]
03-14 19:12:15.223  2725  3702 V OplusCustomizeCacheManager: start recompute
03-14 19:12:15.224  2725  3702 V OplusCustomizeCacheManager: queryCache name: sys.cache.common_customize_cache18013 param: null
03-14 19:12:15.242  2185  2238 I ActivityManager: Start proc 14336:com.heytap.mcs.biz.message/1000 for service {com.heytap.mcs/com.heytap.mcs.biz.message.MessageDealService}
03-14 19:12:15.345  2185  3292 D ActivityTaskManagerServiceExtImpl: preBindApplication record is null
03-14 19:12:15.361  2185  3292 E OplusDexOptimizeManager: Start app fature is off
03-14 19:12:15.462  2185  3292 I ActivityManager: Flag disabled. Ignoring finishAttachApplication from uid: 1000. pid: 14336
03-14 19:12:15.745  2185  2263 D PowerManagerService: userActivityNoUpdateLocked: groupId=0, eventTime=352181171, event=touch, flags=0x0, uid=1000
03-14 19:12:16.048  2185  3292 D CoreBackPreview: Window{3b9ad6a u0 NotificationShade}: Setting back callback null
03-14 19:12:16.070  2185  3643 D WindowManagerServiceExtImpl: extractConfigInfoAndRealFlags rotation=0, screenDp=708, residentWS:0, win=Window{3b9ad6a u0 NotificationShade}
03-14 19:12:16.071  2185  3643 V WindowManager: Relayout Window{3b9ad6a u0 NotificationShade}: viewVisibility=4, oldvis=0, req=1080x2400, vsysui=LIGHT_STATUS_BAR LIGHT_NAVIGATION_BAR, x=0, y=0
03-14 19:12:16.071  2185  3643 I WindowManager: Window{3b9ad6a u0 NotificationShade} state from HAS_DRAWN to NO_SURFACE; reason: destroySurface
03-14 19:12:16.072  2185  2234 I UserAwareMgr: handleFgAppChanged, pkgName: com.android.systemui, pid: 2725, isVisible: false, fgAppType: FG2
03-14 19:12:16.072  2185  2234 I UserAwareMgr: fg app status not changed, beforeVisible: true, currentVisible: true
03-14 19:12:16.075  2185  3643 D WindowManager: NFW_findFocusedWindowIfNeeded:Window{380bd71 u0 com.zhiliaoapp.musically/com.ss.android.ugc.aweme.splash.SplashActivity} mCurrentFocus:Window{3b9ad6a u0 NotificationShade}
03-14 19:12:16.076  2185  3643 V WindowManager: Changing focus from Window{3b9ad6a u0 NotificationShade} to Window{380bd71 u0 com.zhiliaoapp.musically/com.ss.android.ugc.aweme.splash.SplashActivity},diplayid=0
03-14 19:12:16.079  2185  3643 D WindowManager: setFrameRateStart invalid typeId return!
03-14 19:12:16.080  2185  3643 D WindowManager: setFrameRateStart invalid typeId return!
03-14 19:12:16.140  2185  3292 V AutofillInlineSuggestionsRequestSession: onInputMethodFinishInput() received
03-14 19:12:16.142  2185  3643 V AutofillInlineSuggestionsRequestSession: onInputMethodStartInput() received on 0
03-14 19:12:16.145  2185  3643 W PackageConfigPersister: App-specific configuration not found for packageName: com.zhiliaoapp.musically and userId: 0
03-14 19:12:16.244  2185  2263 D PowerManagerService: userActivityNoUpdateLocked: groupId=0, eventTime=352181671, event=touch, flags=0x0, uid=1000
03-14 19:12:16.518  2185  3292 D OplusStartingWindowManager: updateRecordSurfaceViewState windowToken = android.os.BinderProxy@d21f18, surfaceState = false, attachedToWindow = true, inList = false, win = Window{380bd71 u0 com.zhiliaoapp.musically/com.ss.android.ugc.aweme.splash.SplashActivity}
03-14 19:12:16.609  2185  3299 D OplusStartingWindowManager: updateRecordSurfaceViewState windowToken = android.os.BinderProxy@d21f18, surfaceState = true, attachedToWindow = true, inList = false, win = Window{380bd71 u0 com.zhiliaoapp.musically/com.ss.android.ugc.aweme.splash.SplashActivity}
03-14 19:12:17.864  2185  2263 D PowerManagerService: userActivityNoUpdateLocked: groupId=0, eventTime=352183291, event=touch, flags=0x0, uid=1000
03-14 19:12:17.965  2185  2263 D PowerManagerService: userActivityNoUpdateLocked: groupId=0, eventTime=352183392, event=touch, flags=0x0, uid=1000
03-14 19:12:18.187  2185  3643 D OplusStartingWindowManager: updateRecordSurfaceViewState windowToken = android.os.BinderProxy@d21f18, surfaceState = false, attachedToWindow = true, inList = false, win = Window{380bd71 u0 com.zhiliaoapp.musically/com.ss.android.ugc.aweme.splash.SplashActivity}
03-14 19:12:18.285  2185  3291 D OplusStartingWindowManager: updateRecordSurfaceViewState windowToken = android.os.BinderProxy@d21f18, surfaceState = true, attachedToWindow = true, inList = false, win = Window{380bd71 u0 com.zhiliaoapp.musically/com.ss.android.ugc.aweme.splash.SplashActivity}
03-14 19:12:19.056  2185  2234 I UserAwareMgr: handleAppChangedToBg, pkgName: com.android.systemui, pid: 2725
03-14 19:12:19.061  2185  2234 I UserAwareMgr: handleAppChangedToBg, pkgName: com.android.systemui, pid: 2725
03-14 19:12:19.061  2185  2234 W UserAwareMgr: app not not found or not visible: {pkgName='com.android.systemui', processName='com.android.systemui', pid=2725, uid=10207, flags='systemui|bg', renderTid=3000, hwuiTids=[3851, 3852], glTids=null, threadInfos={wmshell.main={threadName='wmshell.main', tid=2821, extendTids=null}, ll.splashworker={threadName='ll.splashworker', tid=2938, extendTids=null}, wmshell.anim={threadName='wmshell.anim', tid=2878, extendTids=null}, VolumeDialogControllerImpl={threadName='VolumeDialogControllerImpl', tid=3542, extendTids=null}, ll.splashscreen={threadName='ll.splashscreen', tid=2937, extendTids=null}, KeyguardWorkerThread={threadName='KeyguardWorkerThread', tid=3064, extendTids=null}, OnScreenFingerprint OpticalUIUpdateThread={threadName='OnScreenFingerprint OpticalUIUpdateThread', tid=3888, extendTids=null}, ImageWallpaper={threadName='ImageWallpaper', tid=3754, extendTids=null}, KgdAnimThread={threadName='KgdAnimThread', tid=3066, extendTids=null}, GestureUI={threadName='GestureUI', tid=3422, extendTids=null}, SysUiLng={threadName='SysUiLng', tid=3750, extendTids=null}}}
03-14 19:12:19.061  2185  2234 W UserAwareMgr: handleAppChangedToBg process is empty
03-14 19:12:19.796  2185  2263 D PowerManagerService: userActivityNoUpdateLocked: groupId=0, eventTime=352185223, event=touch, flags=0x0, uid=1000
03-14 19:12:20.099  2185  3291 D OplusStartingWindowManager: updateRecordSurfaceViewState windowToken = android.os.BinderProxy@d21f18, surfaceState = false, attachedToWindow = true, inList = false, win = Window{380bd71 u0 com.zhiliaoapp.musically/com.ss.android.ugc.aweme.splash.SplashActivity}
03-14 19:12:20.185  2185  3291 D OplusStartingWindowManager: updateRecordSurfaceViewState windowToken = android.os.BinderProxy@d21f18, surfaceState = true, attachedToWindow = true, inList = false, win = Window{380bd71 u0 com.zhiliaoapp.musically/com.ss.android.ugc.aweme.splash.SplashActivity}
03-14 19:12:20.465  2185  2264 D OplusDisplayBrightnessBroadcastReceiver: onReceive action = android.intent.action.BATTERY_CHANGED , listeners = [com.android.server.display.OplusFeatureHDREnhanceBrightness$PhoneInfoReceiver@fef6f7d, com.android.server.display.OplusFeatureEdrEnhanceBrightness$PhoneInfoReceiver@498be72]
03-14 19:12:20.964  2185  2393 D OplusScreenOffTorchHelper: not handle with onVolumeKey,mFlashLightEnable = false,mFlashLightAvailable=true,mCameraId = 0 mVolumeDownPressEnabled=false
03-14 19:12:20.965  2185  2393 I OplusJoystickManager: read game pad state for game manager -> false
03-14 19:12:20.965  2185  2393 W OplusJoystickManager: mInterceptGamepadKey is false
03-14 19:12:20.965  2185  2393 D OplusCustomizeRestrictionManagerService: isLongPressVolumeUpDisabled start
03-14 19:12:20.965  2185  2393 D StrategyBlackscreenshot: notifyKeyBeforeQueueing, event=KeyEvent { action=ACTION_DOWN, keyCode=KEYCODE_VOLUME_DOWN, scanCode=114, metaState=0, flags=0x8, repeatCount=0, eventTime=352186387629000, downTime=352186387629000, deviceId=2, source=0x101, displayId=-1 }, interactive=true
03-14 19:12:20.967  2185  2393 I VibratorManagerServiceExtImpl: cancelVibrate uid=1000, pid=2185, usageFilter=-15, token=68846935
03-14 19:12:20.971  2185  2263 D PowerManagerService: userActivityNoUpdateLocked: groupId=0, eventTime=352186387, event=button, flags=0x0, uid=1000
03-14 19:12:20.971  2185  2392 D OplusCustomizeRestrictionManagerService: isLongPressVolumeUpDisabled start
03-14 19:12:21.109  2185  2392 D OplusCustomizeRestrictionManagerService: isLongPressVolumeUpDisabled start
03-14 19:12:21.173  2185  2185 D MBrainLocalService: isVendorFreezeConditionPass is false
03-14 19:12:21.175  2185  2185 D MBrainLocalService: notifyAudioRouteChange failed
03-14 19:12:21.197  2185  3291 D PowerManagerService: userActivityNoUpdateLocked: groupId=0, eventTime=352186626, event=other, flags=0x0, uid=10207
03-14 19:12:21.200  2185  3643 D PowerManagerService: userActivityNoUpdateLocked: groupId=0, eventTime=352186629, event=other, flags=0x0, uid=10207
03-14 19:12:21.200  2185  2234 I UserAwareMgr: handleTopAppChanged: com.android.systemui, pid: 2725, uid: 10207
03-14 19:12:21.227  2185  3299 I WindowManager: addWindow: New client android.os.BinderProxy@660d6dc : window=Window{20c8eba u0 OplusVolumeDialogImpl}
03-14 19:12:21.231  2185  2393 I OplusJoystickManager: read game pad state for game manager -> false
03-14 19:12:21.231  2185  2393 W OplusJoystickManager: mInterceptGamepadKey is false
03-14 19:12:21.231  2185  2393 D OplusCustomizeRestrictionManagerService: isLongPressVolumeUpDisabled start
03-14 19:12:21.231  2185  2393 D StrategyBlackscreenshot: notifyKeyBeforeQueueing, event=KeyEvent { action=ACTION_UP, keyCode=KEYCODE_VOLUME_DOWN, scanCode=114, metaState=0, flags=0x8, repeatCount=0, eventTime=352186659793000, downTime=352186387629000, deviceId=2, source=0x101, displayId=-1 }, interactive=true
03-14 19:12:21.232  2185  2392 D OplusCustomizeRestrictionManagerService: isLongPressVolumeUpDisabled start
03-14 19:12:21.233  2185  2263 D PowerManagerService: userActivityNoUpdateLocked: groupId=0, eventTime=352186659, event=button, flags=0x0, uid=1000
03-14 19:12:21.239  2185  3299 D CoreBackPreview: Window{20c8eba u0 OplusVolumeDialogImpl}: Setting back callback OnBackInvokedCallbackInfo{mCallback=android.window.IOnBackInvokedCallback$Stub$Proxy@e9284c8, mPriority=-1, mIsAnimationCallback=false}
03-14 19:12:21.244  2185  3643 D WindowManagerServiceExtImpl: extractConfigInfoAndRealFlags rotation=0, screenDp=708, residentWS:0, win=Window{20c8eba u0 OplusVolumeDialogImpl}
03-14 19:12:21.245  2185  3643 V WindowManager: Relayout Window{20c8eba u0 OplusVolumeDialogImpl}: viewVisibility=0, oldvis=0, req=1080x2400, vsysui=LAYOUT_STABLE LAYOUT_HIDE_NAVIGATION LAYOUT_FULLSCREEN, x=0, y=0
03-14 19:12:21.245  2185  3643 I WindowManager: Window{20c8eba u0 OplusVolumeDialogImpl} state from NO_SURFACE to DRAW_PENDING; reason: resetDrawState
03-14 19:12:21.252  2185  3643 D WindowManager: NFW_findFocusedWindowIfNeeded:Window{380bd71 u0 com.zhiliaoapp.musically/com.ss.android.ugc.aweme.splash.SplashActivity} mCurrentFocus:Window{380bd71 u0 com.zhiliaoapp.musically/com.ss.android.ugc.aweme.splash.SplashActivity}
03-14 19:12:21.254  2725  2725 W VRI[OplusVolumeDialogImpl]: updateBlastSurfaceIfNeeded, surfaceSize:Point(1080, 2400), lastSurfaceSize:Point(0, 0), format:-2, blastBufferQueue:null
03-14 19:12:21.285  2185  3643 I WindowManager: Window{20c8eba u0 OplusVolumeDialogImpl} state from DRAW_PENDING to COMMIT_DRAW_PENDING; reason: finishDrawingLocked
03-14 19:12:21.289  2185  2214 I WindowManager: Window{20c8eba u0 OplusVolumeDialogImpl} state from COMMIT_DRAW_PENDING to READY_TO_SHOW; reason: commitFinishDrawingLocked
03-14 19:12:21.289  2185  2214 I WindowManager: Window{20c8eba u0 OplusVolumeDialogImpl} state from READY_TO_SHOW to HAS_DRAWN; reason: performShowLocked
03-14 19:12:21.297  2725  2725 W VRI[OplusVolumeDialogImpl]: handleResized, msg:, frameChanged:false, configChanged:false, displayChanged:false, attachedFrameChanged:false, compatScaleChanged:false, pendingDragResizing=false
03-14 19:12:21.639  2185  2393 D OplusScreenOffTorchHelper: not handle with onVolumeKey,mFlashLightEnable = false,mFlashLightAvailable=true,mCameraId = 0 mVolumeDownPressEnabled=false
03-14 19:12:21.639  2185  2393 I OplusJoystickManager: read game pad state for game manager -> false
03-14 19:12:21.639  2185  2393 W OplusJoystickManager: mInterceptGamepadKey is false
03-14 19:12:21.639  2185  2393 D OplusCustomizeRestrictionManagerService: isLongPressVolumeUpDisabled start
03-14 19:12:21.639  2185  2393 D StrategyBlackscreenshot: notifyKeyBeforeQueueing, event=KeyEvent { action=ACTION_DOWN, keyCode=KEYCODE_VOLUME_DOWN, scanCode=114, metaState=0, flags=0x8, repeatCount=0, eventTime=352187067305000, downTime=352187067305000, deviceId=2, source=0x101, displayId=-1 }, interactive=true
03-14 19:12:21.643  2185  3299 D PowerManagerService: userActivityNoUpdateLocked: groupId=0, eventTime=352187072, event=other, flags=0x0, uid=10207
03-14 19:12:21.643  2185  2393 I VibratorManagerServiceExtImpl: cancelVibrate uid=1000, pid=2185, usageFilter=-15, token=68846935
03-14 19:12:21.645  2185  2392 D OplusCustomizeRestrictionManagerService: isLongPressVolumeUpDisabled start
03-14 19:12:21.650  2185  2263 D PowerManagerService: userActivityNoUpdateLocked: groupId=0, eventTime=352187067, event=button, flags=0x0, uid=1000
03-14 19:12:21.789  2185  2392 D OplusCustomizeRestrictionManagerService: isLongPressVolumeUpDisabled start
03-14 19:12:21.857  2185  2185 D MBrainLocalService: isVendorFreezeConditionPass is false
03-14 19:12:21.857  2185  2185 D MBrainLocalService: notifyAudioRouteChange failed
03-14 19:12:21.869  2185  3291 D PowerManagerService: userActivityNoUpdateLocked: groupId=0, eventTime=352187296, event=other, flags=0x0, uid=10207
03-14 19:12:21.929  2185  2393 I OplusJoystickManager: read game pad state for game manager -> false
03-14 19:12:21.929  2185  2393 W OplusJoystickManager: mInterceptGamepadKey is false
03-14 19:12:21.929  2185  2393 D OplusCustomizeRestrictionManagerService: isLongPressVolumeUpDisabled start
03-14 19:12:21.929  2185  2393 D StrategyBlackscreenshot: notifyKeyBeforeQueueing, event=KeyEvent { action=ACTION_UP, keyCode=KEYCODE_VOLUME_DOWN, scanCode=114, metaState=0, flags=0x8, repeatCount=0, eventTime=352187357895000, downTime=352187067305000, deviceId=2, source=0x101, displayId=-1 }, interactive=true
03-14 19:12:21.930  2185  2392 D OplusCustomizeRestrictionManagerService: isLongPressVolumeUpDisabled start
03-14 19:12:21.931  2185  2263 D PowerManagerService: userActivityNoUpdateLocked: groupId=0, eventTime=352187357, event=button, flags=0x0, uid=1000
03-14 19:12:25.141  2185  3291 D CoreBackPreview: Window{20c8eba u0 OplusVolumeDialogImpl}: Setting back callback null
03-14 19:12:25.151  2185  3299 I WindowManager: Window{20c8eba u0 OplusVolumeDialogImpl} state from HAS_DRAWN to NO_SURFACE; reason: destroySurface
03-14 19:12:25.155  2185  3299 D WindowManager: NFW_findFocusedWindowIfNeeded:Window{380bd71 u0 com.zhiliaoapp.musically/com.ss.android.ugc.aweme.splash.SplashActivity} mCurrentFocus:Window{380bd71 u0 com.zhiliaoapp.musically/com.ss.android.ugc.aweme.splash.SplashActivity}
03-14 19:12:25.168  2185  2234 I UserAwareMgr: handleTopAppChanged: com.android.launcher, pid: 3074, uid: 10202
03-14 19:12:25.169  2185  2234 I UserAwareMgr: handleAppChangedToBg, pkgName: com.android.systemui, pid: 2725
03-14 19:12:25.169  2185  2234 W UserAwareMgr: event can not be released, id: 3003, count: 2, releasePid: 2725
03-14 19:12:25.171  2185  2234 I UserAwareMgr: handleAppChangedToBg, pkgName: com.android.systemui, pid: 2725
03-14 19:12:25.171  2185  2234 W UserAwareMgr: app not not found or not visible: {pkgName='com.android.systemui', processName='com.android.systemui', pid=2725, uid=10207, flags='systemui|bg', renderTid=3000, hwuiTids=[3851, 3852], glTids=null, threadInfos={wmshell.main={threadName='wmshell.main', tid=2821, extendTids=null}, ll.splashworker={threadName='ll.splashworker', tid=2938, extendTids=null}, wmshell.anim={threadName='wmshell.anim', tid=2878, extendTids=null}, VolumeDialogControllerImpl={threadName='VolumeDialogControllerImpl', tid=3542, extendTids=null}, ll.splashscreen={threadName='ll.splashscreen', tid=2937, extendTids=null}, KeyguardWorkerThread={threadName='KeyguardWorkerThread', tid=3064, extendTids=null}, OnScreenFingerprint OpticalUIUpdateThread={threadName='OnScreenFingerprint OpticalUIUpdateThread', tid=3888, extendTids=null}, ImageWallpaper={threadName='ImageWallpaper', tid=3754, extendTids=null}, KgdAnimThread={threadName='KgdAnimThread', tid=3066, extendTids=null}, GestureUI={threadName='GestureUI', tid=3422, extendTids=null}, SysUiLng={threadName='SysUiLng', tid=3750, extendTids=null}}}
03-14 19:12:25.171  2185  2234 W UserAwareMgr: handleAppChangedToBg process is empty
03-14 19:12:25.576  2185  2264 D OplusDisplayBrightnessBroadcastReceiver: onReceive action = android.intent.action.BATTERY_CHANGED , listeners = [com.android.server.display.OplusFeatureHDREnhanceBrightness$PhoneInfoReceiver@fef6f7d, com.android.server.display.OplusFeatureEdrEnhanceBrightness$PhoneInfoReceiver@498be72]
03-14 19:12:25.594  2185  2264 D OplusDisplayBrightnessBroadcastReceiver: onReceive action = android.intent.action.BATTERY_CHANGED , listeners = [com.android.server.display.OplusFeatureHDREnhanceBrightness$PhoneInfoReceiver@fef6f7d, com.android.server.display.OplusFeatureEdrEnhanceBrightness$PhoneInfoReceiver@498be72]
03-14 19:12:26.973  2185  2263 D PowerManagerService: userActivityNoUpdateLocked: groupId=0, eventTime=352192399, event=touch, flags=0x0, uid=1000
03-14 19:12:27.072  2185  2263 D PowerManagerService: userActivityNoUpdateLocked: groupId=0, eventTime=352192500, event=touch, flags=0x0, uid=1000
03-14 19:12:27.275  2185  3291 D OplusStartingWindowManager: updateRecordSurfaceViewState windowToken = android.os.BinderProxy@d21f18, surfaceState = false, attachedToWindow = true, inList = false, win = Window{380bd71 u0 com.zhiliaoapp.musically/com.ss.android.ugc.aweme.splash.SplashActivity}
03-14 19:12:27.374  2185  3291 D OplusStartingWindowManager: updateRecordSurfaceViewState windowToken = android.os.BinderProxy@d21f18, surfaceState = true, attachedToWindow = true, inList = false, win = Window{380bd71 u0 com.zhiliaoapp.musically/com.ss.android.ugc.aweme.splash.SplashActivity}
03-14 19:12:29.908  2185  2483 W ContextImpl: Calling a method in the system process without a qualified user: android.app.ContextImpl.sendBroadcast:1261 com.android.server.job.controllers.OplusCpuController.notifyHighCpuEventForApp:387 com.android.server.job.controllers.OplusCpuController.handleCpuUpdate:333 com.android.server.job.controllers.OplusCpuController.-$$Nest$mhandleCpuUpdate:0 com.android.server.job.controllers.OplusCpuController$CpuTrackerHandler.handleMessage:257 
03-14 19:12:31.211  2185  2185 D MBrainLocalService: isVendorFreezeConditionPass is false
03-14 19:12:31.211  2185  2185 D MBrainLocalService: notifyNetworkChange failed
03-14 19:12:32.925  2185  2211 V WindowOrientationListener: onSensorChanged mDesiredRotation = 4
03-14 19:12:43.174  2185  3299 I OplusStatusBarManagerServiceEnhance:  getTopIsFullscreen mTopIsFullscreen: false
03-14 19:12:43.174  2185  3299 W ActivityManager: Permission Denial: getTopApplicationInfo from pid=21836, uid=10293 requires oplus.permission.OPLUS_COMPONENT_SAFE
03-14 19:12:43.176  2185  2185 D NotificationService--OplusNotificationManagerServiceExtImpl: isForwardToAssistants: true, case : Is local notification
03-14 19:12:43.176  2185  2185 D NotificationService: This application enqueue notifications is need postDelayed mcsAssistantDelayTime: 200
03-14 19:12:43.218  2185  3299 I OplusStatusBarManagerServiceEnhance:  getTopIsFullscreen mTopIsFullscreen: false
03-14 19:12:43.219  2185  3299 W ActivityManager: Permission Denial: getTopApplicationInfo from pid=21836, uid=10293 requires oplus.permission.OPLUS_COMPONENT_SAFE
03-14 19:12:43.220  2185  2185 D NotificationService--OplusNotificationManagerServiceExtImpl: isForwardToAssistants: true, case : Is local notification
03-14 19:12:43.220  2185  2185 D NotificationService: This application enqueue notifications is need postDelayed mcsAssistantDelayTime: 200
03-14 19:12:43.281  2185  3291 I OplusStatusBarManagerServiceEnhance:  getTopIsFullscreen mTopIsFullscreen: false
03-14 19:12:43.281  2185  3291 W ActivityManager: Permission Denial: getTopApplicationInfo from pid=21836, uid=10293 requires oplus.permission.OPLUS_COMPONENT_SAFE
03-14 19:12:43.282  2185  2185 D NotificationService--OplusNotificationManagerServiceExtImpl: isForwardToAssistants: true, case : Is local notification
03-14 19:12:43.282  2185  2185 D NotificationService: This application enqueue notifications is need postDelayed mcsAssistantDelayTime: 200
03-14 19:12:51.649  2185  5131 D UsageStatsService: User[0] type=0 b=1773504540746 e=1773504771649 cb=1773503688381 ce=1773504757401 disk=0 all=4
03-14 19:12:57.551  2185  2185 D MBrainLocalService: isVendorFreezeConditionPass is false
03-14 19:12:57.551  2185  2185 D MBrainLocalService: notifyNetworkChange failed
03-14 19:13:00.000  2185  2369 V AlarmManager: sending alarm Alarm{ff488e type 3 origWhen 485852286 whenElapsed 485852286 android} uid 1000 whenElapsed 485852286 windowLength 0 maxWhenElapsed 485852286 repeatInterval 0 action null component null tag TIME_TICK flags 0x9 procName system_server
03-14 19:13:00.022  2185  2264 D OplusDisplayBrightnessBroadcastReceiver: onReceive action = android.intent.action.TIME_TICK , listeners = [com.android.server.display.marvels.module.ORBrightnessMarvelsDataCollector$ScreenStateReceiver@151f752]
03-14 19:13:09.086  2185  2369 V AlarmManager: sending alarm Alarm{e3daea7 type 3 origWhen 485777237 whenElapsed 485777237 android} uid 1000 whenElapsed 485777237 windowLength 84134 maxWhenElapsed 485861371 repeatInterval 0 action null component null tag *job.delay* flags 0x0 procName system_server
03-14 19:13:09.087  2185  2369 D OplusProxyWakeLock: acquireProxyWakeLock failed, prevent uid: 1000 tag:*alar  WorkSource{10198 com.whatsapp} result: TAG_NULL
03-14 19:13:09.089  2185  2369 V AlarmManager: sending alarm Alarm{7a46f54 type 3 origWhen 485823054 whenElapsed 485823054 com.oplus.nhs} uid 1001 whenElapsed 485823054 windowLength 225000 maxWhenElapsed 486048054 repeatInterval 300000 action oplus.intent.action.INTERNAL_LOOP_UPDATE_ACTIVITYINFO_ALARM component ComponentInfo{com.oplus.nhs/com.oplus.nhs.pwr.ModemAci.ModemAciAlarmReceiver} flags 0x8 procName com.oplus.nhs
03-14 19:13:09.098  2185  2245 E OplusDexOptimizeManager: Start app fature is off
03-14 19:13:09.102  2185  2347 D CompatChangeReporter: Compat change id reported: 271850009; UID 1000; state: ENABLED
03-14 19:13:09.110  2185  2347 E OplusDexOptimizeManager: Start app fature is off
03-14 19:13:09.118  2185  2347 E OplusDexOptimizeManager: Start app fature is off
03-14 19:13:09.123  2185  2185 W ProcessStats: Tracking association SourceState{e9da41e com.oplus.exsystemservice/1000 BFgs #747168} whose proc state 4 is better than process ProcessState{e5434ff system/1000 pkg=com.android.providers.settings (sub)} proc state 9 (81 skipped)
03-14 19:13:09.159  2185  2185 D CompatChangeReporter: Compat change id reported: 311208629; UID 1000; state: ENABLED
03-14 19:13:09.447  2185  3299 E OplusDexOptimizeManager: Start app fature is off
03-14 19:13:09.687  2185  3291 E OplusDexOptimizeManager: Start app fature is off
03-14 19:13:09.733  2185  2347 E JobScheduler.Background: Couldn't determine stopped state for unknown package: com.oplus.onet
03-14 19:13:09.737  2185  2245 E OplusDexOptimizeManager: Start app fature is off
03-14 19:13:09.737  2185  3292 W PackageManager: package com.facebook.services uid 10091 pid 23322 call SetEnabledSetting(com.facebook.services component = com.facebook.oxygen.services.fbns.RegisteredMqttSystemBroadcastReceiver, 1, 0)
03-14 19:13:12.076  2185  2263 D WakeLockCheck: check
03-14 19:13:12.078  2185  2263 I WakeLockCheck: getAllTopPkgName: listTopPkg=[com.zhiliaoapp.musically], listTopPkgTmp=[OplusAppInfo{windowingMode=1, activityType=1, taskId=6297, appBounds=Rect(0, 0 - 1080, 2400), appInfo=ApplicationInfo{cdea726 com.zhiliaoapp.musically}, topActivity=ComponentInfo{com.zhiliaoapp.musically/com.ss.android.ugc.aweme.main.MainActivity}, displayId=0, orientation=1, userId=0, launchedFromPackage=com.android.launcher, isRootActivity=true, extension=Bundle[{isTaskEmbedded=false, launchScenario=0, flexible_split_support_multi_instance=false, isContainerTask=false, getRootActivity=ComponentInfo{com.zhiliaoapp.musically/com.ss.android.ugc.aweme.main.MainActivity}}]}]
03-14 19:13:13.139  2185  3292 I OplusStatusBarManagerServiceEnhance:  getTopIsFullscreen mTopIsFullscreen: false
03-14 19:13:13.140  2185  3292 W ActivityManager: Permission Denial: getTopApplicationInfo from pid=21836, uid=10293 requires oplus.permission.OPLUS_COMPONENT_SAFE
03-14 19:13:13.142  2185  2185 D NotificationService--OplusNotificationManagerServiceExtImpl: isForwardToAssistants: true, case : Is local notification
03-14 19:13:13.142  2185  2185 D NotificationService: This application enqueue notifications is need postDelayed mcsAssistantDelayTime: 200
03-14 19:13:13.176  2185  3291 I OplusStatusBarManagerServiceEnhance:  getTopIsFullscreen mTopIsFullscreen: false
03-14 19:13:13.177  2185  3291 W ActivityManager: Permission Denial: getTopApplicationInfo from pid=21836, uid=10293 requires oplus.permission.OPLUS_COMPONENT_SAFE
03-14 19:13:13.178  2185  2185 D NotificationService--OplusNotificationManagerServiceExtImpl: isForwardToAssistants: true, case : Is local notification
03-14 19:13:13.178  2185  2185 D NotificationService: This application enqueue notifications is need postDelayed mcsAssistantDelayTime: 200
03-14 19:13:13.209  2185  3292 I OplusStatusBarManagerServiceEnhance:  getTopIsFullscreen mTopIsFullscreen: false
03-14 19:13:13.209  2185  3292 W ActivityManager: Permission Denial: getTopApplicationInfo from pid=21836, uid=10293 requires oplus.permission.OPLUS_COMPONENT_SAFE
03-14 19:13:13.211  2185  2185 D NotificationService--OplusNotificationManagerServiceExtImpl: isForwardToAssistants: true, case : Is local notification
03-14 19:13:13.211  2185  2185 D NotificationService: This application enqueue notifications is need postDelayed mcsAssistantDelayTime: 200
03-14 19:13:20.099   645 14702 I keystore2: system/security/keystore2/watchdog/src/lib.rs:319 - Watchdog thread idle -> terminating. Have a great day.
03-14 19:13:23.314  2185  2185 D MBrainLocalService: isVendorFreezeConditionPass is false
03-14 19:13:23.314  2185  2185 D MBrainLocalService: notifyNetworkChange failed
03-14 19:13:24.450  2185  2237 I ActivityManager: Waited long enough for: ServiceRecord{c5c125 u0 com.whatsapp/.messageservice.messaging.MessageService c:com.whatsapp}
03-14 19:13:26.525  2185  2237 D ProcessCpuTrackerExtImpl: mContext is already set, return now! 
03-14 19:13:28.876  2185  2185 D MBrainLocalService: isVendorFreezeConditionPass is false
03-14 19:13:28.877  2185  2185 D MBrainLocalService: notifyNetworkChange failed
03-14 19:13:29.572  2185  2264 D OplusDisplayBrightnessBroadcastReceiver: onReceive action = android.intent.action.BATTERY_CHANGED , listeners = [com.android.server.display.OplusFeatureHDREnhanceBrightness$PhoneInfoReceiver@fef6f7d, com.android.server.display.OplusFeatureEdrEnhanceBrightness$PhoneInfoReceiver@498be72]
03-14 19:13:29.735  2185  2347 E JobScheduler.Background: Couldn't determine stopped state for unknown package: com.oplus.onet
03-14 19:13:30.993  2185  2185 D MBrainLocalService: isVendorFreezeConditionPass is false
03-14 19:13:30.993  2185  2185 D MBrainLocalService: notifyNetworkChange failed
03-14 19:13:34.226  2185  2211 D WindowManager: rotation(ROTATION_0) no changed  displayId = 0, lastOrientation = 1
03-14 19:13:34.684  2185  2264 D OplusDisplayBrightnessBroadcastReceiver: onReceive action = android.intent.action.BATTERY_CHANGED , listeners = [com.android.server.display.OplusFeatureHDREnhanceBrightness$PhoneInfoReceiver@fef6f7d, com.android.server.display.OplusFeatureEdrEnhanceBrightness$PhoneInfoReceiver@498be72]
03-14 19:13:34.748  2185  2392 D PowerManagerService: userActivityNoUpdateLocked: groupId=0, eventTime=352260175, event=touch, flags=0x0, uid=1000
03-14 19:13:35.056  2185  3292 D OplusStartingWindowManager: updateRecordSurfaceViewState windowToken = android.os.BinderProxy@d21f18, surfaceState = false, attachedToWindow = true, inList = false, win = Window{380bd71 u0 com.zhiliaoapp.musically/com.ss.android.ugc.aweme.splash.SplashActivity}
03-14 19:13:35.263  2185  3643 D OplusStartingWindowManager: updateRecordSurfaceViewState windowToken = android.os.BinderProxy@d21f18, surfaceState = true, attachedToWindow = true, inList = false, win = Window{380bd71 u0 com.zhiliaoapp.musically/com.ss.android.ugc.aweme.splash.SplashActivity}
03-14 19:13:35.588  2185  2263 D PowerManagerService: userActivityNoUpdateLocked: groupId=0, eventTime=352261012, event=touch, flags=0x0, uid=1000
03-14 19:13:35.685  2185  2263 D PowerManagerService: userActivityNoUpdateLocked: groupId=0, eventTime=352261113, event=touch, flags=0x0, uid=1000
03-14 19:13:35.705  2185  2369 V AlarmManager: sending alarm Alarm{ad4c471 type 3 origWhen 485876741 whenElapsed 485876741 com.whatsapp} uid 10198 whenElapsed 485876741 windowLength 11250 maxWhenElapsed 485887991 repeatInterval 0 action com.whatsapp.alarm.CLIENT_PING_PERIODIC component null flags 0x8 procName com.whatsapp
03-14 19:13:35.920  2185  4700 D OplusStartingWindowManager: updateRecordSurfaceViewState windowToken = android.os.BinderProxy@d21f18, surfaceState = false, attachedToWindow = true, inList = false, win = Window{380bd71 u0 com.zhiliaoapp.musically/com.ss.android.ugc.aweme.splash.SplashActivity}
03-14 19:13:36.091  2185  4700 D OplusStartingWindowManager: updateRecordSurfaceViewState windowToken = android.os.BinderProxy@d21f18, surfaceState = true, attachedToWindow = true, inList = false, win = Window{380bd71 u0 com.zhiliaoapp.musically/com.ss.android.ugc.aweme.splash.SplashActivity}
03-14 19:13:36.335  2185  2263 D PowerManagerService: userActivityNoUpdateLocked: groupId=0, eventTime=352261761, event=touch, flags=0x0, uid=1000
03-14 19:13:36.339  2185  2234 W UserAwareMgr: can not find match thread: GaussianBlur for process com.android.systemui
03-14 19:13:36.377  2185  2211 D WindowManager: request show transient bar, mShowingTransientTypes = 0 showingTransientTypes = 0
03-14 19:13:36.378  2185  2234 I UserAwareMgr: handleTopAppChanged: com.android.systemui, pid: 2725, uid: 10207
03-14 19:13:36.381  2185  3292 D CoreBackPreview: Window{3b9ad6a u0 NotificationShade}: Setting back callback OnBackInvokedCallbackInfo{mCallback=android.window.IOnBackInvokedCallback$Stub$Proxy@3c7a3b6, mPriority=0, mIsAnimationCallback=false}
03-14 19:13:36.399  2185  4700 I VibratorManagerServiceExtImpl: cancelVibrate uid=1000, pid=2185, usageFilter=-15, token=68846935
03-14 19:13:36.408  2725  3702 V OplusCustomizeCacheManager: queryCache name: sys.cache.common_customize_cache18014 param: null
03-14 19:13:36.408  2725  3702 V OplusCustomizeCacheManager: queryCache name: sys.cache.common_customize_cache18017 param: Bundle[{SETTING=BLOCK, BUSINESS=NCT-DATA}]
03-14 19:13:36.408  2725  3702 V OplusCustomizeCacheManager: start recompute
03-14 19:13:36.409  2725  3702 V OplusCustomizeCacheManager: queryCache name: sys.cache.common_customize_cache18013 param: null
03-14 19:13:36.409  2185  4700 D WindowManagerServiceExtImpl: extractConfigInfoAndRealFlags rotation=0, screenDp=708, residentWS:0, win=Window{3b9ad6a u0 NotificationShade}
03-14 19:13:36.410  2185  4700 V WindowManager: Relayout Window{3b9ad6a u0 NotificationShade}: viewVisibility=0, oldvis=4, req=1080x2400, vsysui=LIGHT_STATUS_BAR LIGHT_NAVIGATION_BAR, x=0, y=0
03-14 19:13:36.410  2185  4700 I WindowManager: Window{3b9ad6a u0 NotificationShade} state from NO_SURFACE to DRAW_PENDING; reason: resetDrawState
03-14 19:13:36.414  2185  4700 D WindowManager: NFW_findFocusedWindowIfNeeded:Window{380bd71 u0 com.zhiliaoapp.musically/com.ss.android.ugc.aweme.splash.SplashActivity} mCurrentFocus:Window{380bd71 u0 com.zhiliaoapp.musically/com.ss.android.ugc.aweme.splash.SplashActivity}
03-14 19:13:36.417  2725  2725 W VRI[NotificationShade]: updateBlastSurfaceIfNeeded, surfaceSize:Point(1080, 2400), lastSurfaceSize:Point(1080, 2400), format:-3, blastBufferQueue:null
03-14 19:13:36.442  2185  2263 D PowerManagerService: userActivityNoUpdateLocked: groupId=0, eventTime=352261862, event=touch, flags=0x0, uid=1000
03-14 19:13:36.466  2185  3299 I WindowManager: Window{3b9ad6a u0 NotificationShade} state from DRAW_PENDING to COMMIT_DRAW_PENDING; reason: finishDrawingLocked
03-14 19:13:36.475  2185  2214 I WindowManager: Window{3b9ad6a u0 NotificationShade} state from COMMIT_DRAW_PENDING to READY_TO_SHOW; reason: commitFinishDrawingLocked
03-14 19:13:36.475  2185  2214 I WindowManager: Window{3b9ad6a u0 NotificationShade} state from READY_TO_SHOW to HAS_DRAWN; reason: performShowLocked
03-14 19:13:36.497  2185  2234 I UserAwareMgr: handleFgAppChanged, pkgName: com.android.systemui, pid: 2725, isVisible: true, fgAppType: FG2
03-14 19:13:36.497  2185  2234 I UserAwareMgr: fg app status not changed, beforeVisible: true, currentVisible: true
03-14 19:13:36.501  2725  3702 V OplusCustomizeCacheManager: queryCache name: sys.cache.common_customize_cache18014 param: null
03-14 19:13:36.501  2725  3702 V OplusCustomizeCacheManager: queryCache name: sys.cache.common_customize_cache18017 param: Bundle[{SETTING=BLOCK, BUSINESS=NCT-DATA}]
03-14 19:13:36.501  2725  3702 V OplusCustomizeCacheManager: start recompute
03-14 19:13:36.504  2185  4700 D WindowManagerServiceExtImpl: extractConfigInfoAndRealFlags rotation=0, screenDp=708, residentWS:0, win=Window{3b9ad6a u0 NotificationShade}
03-14 19:13:36.505  2185  4700 V WindowManager: Relayout Window{3b9ad6a u0 NotificationShade}: viewVisibility=0, oldvis=0, req=1080x2400, vsysui=LIGHT_STATUS_BAR LIGHT_NAVIGATION_BAR, x=0, y=0
03-14 19:13:36.506  2725  3702 V OplusCustomizeCacheManager: queryCache name: sys.cache.common_customize_cache18013 param: null
03-14 19:13:36.507  2725  2725 W VRI[NotificationShade]: updateBlastSurfaceIfNeeded, surfaceSize:Point(1080, 2400), lastSurfaceSize:Point(1080, 2400), format:-3, blastBufferQueue:android.graphics.BLASTBufferQueue@6de3302
03-14 19:13:36.508  2185  4700 D WindowManager: setFrameRateStart invalid typeId return!
03-14 19:13:36.509  2185  4700 D WindowManager: NFW_findFocusedWindowIfNeeded:Window{3b9ad6a u0 NotificationShade} mCurrentFocus:Window{380bd71 u0 com.zhiliaoapp.musically/com.ss.android.ugc.aweme.splash.SplashActivity}
03-14 19:13:36.510  2185  4700 V WindowManager: Changing focus from Window{380bd71 u0 com.zhiliaoapp.musically/com.ss.android.ugc.aweme.splash.SplashActivity} to Window{3b9ad6a u0 NotificationShade},diplayid=0
03-14 19:13:36.511  2185  2543 E UAH-Framework: invalid window type -1, return
03-14 19:13:36.512  2185  4700 D WindowManager: setFrameRateStart invalid typeId return!
03-14 19:13:36.514  2185  4700 D WindowManager: setFrameRateStart invalid typeId return!
03-14 19:13:36.525  2725  3702 V OplusCustomizeCacheManager: queryCache name: sys.cache.common_customize_cache18014 param: null
03-14 19:13:36.526  2725  3702 V OplusCustomizeCacheManager: queryCache name: sys.cache.common_customize_cache18017 param: Bundle[{SETTING=BLOCK, BUSINESS=NCT-DATA}]
03-14 19:13:36.526  2725  3702 V OplusCustomizeCacheManager: start recompute
03-14 19:13:36.528  2725  3702 V OplusCustomizeCacheManager: queryCache name: sys.cache.common_customize_cache18013 param: null
03-14 19:13:36.535  2185  2263 D PowerManagerService: userActivityNoUpdateLocked: groupId=0, eventTime=352261963, event=touch, flags=0x0, uid=1000
03-14 19:13:36.540  2725  3702 V OplusCustomizeCacheManager: queryCache name: sys.cache.common_customize_cache18014 param: null
03-14 19:13:36.540  2725  3702 V OplusCustomizeCacheManager: queryCache name: sys.cache.common_customize_cache18017 param: Bundle[{SETTING=BLOCK, BUSINESS=NCT-DATA}]
03-14 19:13:36.540  2725  3702 V OplusCustomizeCacheManager: start recompute
03-14 19:13:36.542  2725  3702 V OplusCustomizeCacheManager: queryCache name: sys.cache.common_customize_cache18013 param: null
03-14 19:13:36.549  2725  3702 V OplusCustomizeCacheManager: queryCache name: sys.cache.common_customize_cache18014 param: null
03-14 19:13:36.549  2725  3702 V OplusCustomizeCacheManager: queryCache name: sys.cache.common_customize_cache18017 param: Bundle[{SETTING=BLOCK, BUSINESS=NCT-DATA}]
03-14 19:13:36.549  2725  3702 V OplusCustomizeCacheManager: start recompute
03-14 19:13:36.551  2725  3702 V OplusCustomizeCacheManager: queryCache name: sys.cache.common_customize_cache18013 param: null
03-14 19:13:36.561  2185  3291 D LockSettingsService: [getStrongAuthForUser]  userId = 0
03-14 19:13:37.328  2185  2263 D PowerManagerService: userActivityNoUpdateLocked: groupId=0, eventTime=352262755, event=touch, flags=0x0, uid=1000
03-14 19:13:37.625  2185  3643 D CoreBackPreview: Window{3b9ad6a u0 NotificationShade}: Setting back callback null
03-14 19:13:37.650  2185  3643 D WindowManagerServiceExtImpl: extractConfigInfoAndRealFlags rotation=0, screenDp=708, residentWS:0, win=Window{3b9ad6a u0 NotificationShade}
03-14 19:13:37.651  2185  3643 V WindowManager: Relayout Window{3b9ad6a u0 NotificationShade}: viewVisibility=4, oldvis=0, req=1080x2400, vsysui=LIGHT_STATUS_BAR LIGHT_NAVIGATION_BAR, x=0, y=0
03-14 19:13:37.652  2185  3643 I WindowManager: Window{3b9ad6a u0 NotificationShade} state from HAS_DRAWN to NO_SURFACE; reason: destroySurface
03-14 19:13:37.652  2185  2234 I UserAwareMgr: handleFgAppChanged, pkgName: com.android.systemui, pid: 2725, isVisible: false, fgAppType: FG2
03-14 19:13:37.652  2185  2234 I UserAwareMgr: fg app status not changed, beforeVisible: true, currentVisible: true
03-14 19:13:37.658  2185  3643 D WindowManager: NFW_findFocusedWindowIfNeeded:Window{380bd71 u0 com.zhiliaoapp.musically/com.ss.android.ugc.aweme.splash.SplashActivity} mCurrentFocus:Window{3b9ad6a u0 NotificationShade}
03-14 19:13:37.659  2185  3643 V WindowManager: Changing focus from Window{3b9ad6a u0 NotificationShade} to Window{380bd71 u0 com.zhiliaoapp.musically/com.ss.android.ugc.aweme.splash.SplashActivity},diplayid=0
03-14 19:13:37.662  2185  3643 D WindowManager: setFrameRateStart invalid typeId return!
03-14 19:13:37.664  2185  3643 D WindowManager: setFrameRateStart invalid typeId return!
03-14 19:13:37.716  2185  3291 V AutofillInlineSuggestionsRequestSession: onInputMethodFinishInput() received
03-14 19:13:37.726  2185  3291 V AutofillInlineSuggestionsRequestSession: onInputMethodStartInput() received on 0
03-14 19:13:37.732  2185  3291 W PackageConfigPersister: App-specific configuration not found for packageName: com.zhiliaoapp.musically and userId: 0
03-14 19:13:38.433  2185  2263 D PowerManagerService: userActivityNoUpdateLocked: groupId=0, eventTime=352263859, event=touch, flags=0x0, uid=1000
03-14 19:13:38.736  2185  2574 D OplusStartingWindowManager: updateRecordSurfaceViewState windowToken = android.os.BinderProxy@d21f18, surfaceState = false, attachedToWindow = true, inList = false, win = Window{380bd71 u0 com.zhiliaoapp.musically/com.ss.android.ugc.aweme.splash.SplashActivity}
03-14 19:13:38.842  2185  2574 D OplusStartingWindowManager: updateRecordSurfaceViewState windowToken = android.os.BinderProxy@d21f18, surfaceState = true, attachedToWindow = true, inList = false, win = Window{380bd71 u0 com.zhiliaoapp.musically/com.ss.android.ugc.aweme.splash.SplashActivity}
03-14 19:13:40.563  2185  2264 D OplusDisplayBrightnessBroadcastReceiver: onReceive action = android.intent.action.BATTERY_CHANGED , listeners = [com.android.server.display.OplusFeatureHDREnhanceBrightness$PhoneInfoReceiver@fef6f7d, com.android.server.display.OplusFeatureEdrEnhanceBrightness$PhoneInfoReceiver@498be72]
03-14 19:13:40.577  2185  2264 D OplusDisplayBrightnessBroadcastReceiver: onReceive action = android.intent.action.BATTERY_CHANGED , listeners = [com.android.server.display.OplusFeatureHDREnhanceBrightness$PhoneInfoReceiver@fef6f7d, com.android.server.display.OplusFeatureEdrEnhanceBrightness$PhoneInfoReceiver@498be72]
03-14 19:13:40.637  2185  2234 I UserAwareMgr: handleAppChangedToBg, pkgName: com.android.systemui, pid: 2725
03-14 19:13:40.639  2185  2234 I UserAwareMgr: handleAppChangedToBg, pkgName: com.android.systemui, pid: 2725
03-14 19:13:40.640  2185  2234 W UserAwareMgr: app not not found or not visible: {pkgName='com.android.systemui', processName='com.android.systemui', pid=2725, uid=10207, flags='systemui|bg', renderTid=3000, hwuiTids=[3851, 3852], glTids=null, threadInfos={wmshell.main={threadName='wmshell.main', tid=2821, extendTids=null}, ll.splashworker={threadName='ll.splashworker', tid=2938, extendTids=null}, wmshell.anim={threadName='wmshell.anim', tid=2878, extendTids=null}, VolumeDialogControllerImpl={threadName='VolumeDialogControllerImpl', tid=3542, extendTids=null}, ll.splashscreen={threadName='ll.splashscreen', tid=2937, extendTids=null}, KeyguardWorkerThread={threadName='KeyguardWorkerThread', tid=3064, extendTids=null}, OnScreenFingerprint OpticalUIUpdateThread={threadName='OnScreenFingerprint OpticalUIUpdateThread', tid=3888, extendTids=null}, ImageWallpaper={threadName='ImageWallpaper', tid=3754, extendTids=null}, KgdAnimThread={threadName='KgdAnimThread', tid=3066, extendTids=null}, GestureUI={threadName='GestureUI', tid=3422, extendTids=null}, SysUiLng={threadName='SysUiLng', tid=3750, extendTids=null}}}
03-14 19:13:40.640  2185  2234 W UserAwareMgr: handleAppChangedToBg process is empty
03-14 19:13:40.824  2185  2263 D PowerManagerService: userActivityNoUpdateLocked: groupId=0, eventTime=352266251, event=touch, flags=0x0, uid=1000
03-14 19:13:40.925  2185  2263 D PowerManagerService: userActivityNoUpdateLocked: groupId=0, eventTime=352266353, event=touch, flags=0x0, uid=1000
03-14 19:13:41.133  2185  3574 D OplusStartingWindowManager: updateRecordSurfaceViewState windowToken = android.os.BinderProxy@d21f18, surfaceState = false, attachedToWindow = true, inList = false, win = Window{380bd71 u0 com.zhiliaoapp.musically/com.ss.android.ugc.aweme.splash.SplashActivity}
03-14 19:13:41.234  2185  3299 D OplusStartingWindowManager: updateRecordSurfaceViewState windowToken = android.os.BinderProxy@d21f18, surfaceState = true, attachedToWindow = true, inList = false, win = Window{380bd71 u0 com.zhiliaoapp.musically/com.ss.android.ugc.aweme.splash.SplashActivity}
03-14 19:13:42.595  2185  2263 D PowerManagerService: userActivityNoUpdateLocked: groupId=0, eventTime=352268022, event=touch, flags=0x0, uid=1000
