03-14 19:06:37.390  2185  2393 D StrategyBlackscreenshot: notifyKeyBeforeQueueing, event=KeyEvent { action=ACTION_DOWN, keyCode=KEYCODE_VOLUME_UP, scanCode=115, metaState=0, flags=0x8, repeatCount=0, eventTime=351842816751000, downTime=351842816751000, deviceId=4, source=0x101, displayId=-1 }, interactive=true
03-14 19:06:37.392  2185  2393 I VibratorManagerServiceExtImpl: cancelVibrate uid=1000, pid=2185, usageFilter=-15, token=68846935
03-14 19:06:37.395  2185  2392 D OplusCustomizeRestrictionManagerService: isLongPressVolumeUpDisabled start
03-14 19:06:37.395  2185  2263 D PowerManagerService: userActivityNoUpdateLocked: groupId=0, eventTime=351842816, event=button, flags=0x0, uid=1000
03-14 19:06:37.441 23853 23853 D ActivityThread: Package [com.gexup] reported as REPLACED, but missing application info. Assuming REMOVED.
03-14 19:06:37.443 23853 23853 D ActivityThread: Package [com.gexup] reported as REPLACED, but missing application info. Assuming REMOVED.
03-14 19:06:37.539  2185  2392 D OplusCustomizeRestrictionManagerService: isLongPressVolumeUpDisabled start
03-14 19:06:37.589  2185  2185 D MBrainLocalService: isVendorFreezeConditionPass is false
03-14 19:06:37.589  2185  2185 D MBrainLocalService: notifyAudioRouteChange failed
03-14 19:06:37.607  2185  2705 D PowerManagerService: userActivityNoUpdateLocked: groupId=0, eventTime=351843036, event=other, flags=0x0, uid=10207
03-14 19:06:37.643  2185  2393 I OplusJoystickManager: read game pad state for game manager -> false
03-14 19:06:37.643  2185  2393 W OplusJoystickManager: mInterceptGamepadKey is false
03-14 19:06:37.643  2185  2393 D OplusCustomizeRestrictionManagerService: isLongPressVolumeUpDisabled start
03-14 19:06:37.643  2185  2393 D StrategyBlackscreenshot: notifyKeyBeforeQueueing, event=KeyEvent { action=ACTION_UP, keyCode=KEYCODE_VOLUME_UP, scanCode=115, metaState=0, flags=0x8, repeatCount=0, eventTime=351843071573000, downTime=351842816751000, deviceId=4, source=0x101, displayId=-1 }, interactive=true
03-14 19:06:37.644  2185  2211 V StrategyShutdown:  cancel Combined rule
03-14 19:06:37.644  2185  2263 D PowerManagerService: userActivityNoUpdateLocked: groupId=0, eventTime=351843071, event=button, flags=0x0, uid=1000
03-14 19:06:37.644  2185  2392 D OplusCustomizeRestrictionManagerService: isLongPressVolumeUpDisabled start
03-14 19:06:38.444  2185  3008 W ContextImpl: Calling a method in the system process without a qualified user: android.app.ContextImpl.sendBroadcastMultiplePermissions:1311 android.content.Context.sendBroadcastMultiplePermissions:2522 com.android.server.TelephonyRegistry.broadcastServiceStateChanged:3786 com.android.server.TelephonyRegistry.notifyServiceStateForPhoneId:1806 com.android.internal.telephony.ITelephonyRegistry$Stub.onTransact:546 
03-14 19:06:38.449  2185  3008 W ContextImpl: Calling a method in the system process without a qualified user: android.app.ContextImpl.sendBroadcastMultiplePermissions:1344 com.android.server.TelephonyRegistry.broadcastServiceStateChanged:3791 com.android.server.TelephonyRegistry.notifyServiceStateForPhoneId:1806 com.android.internal.telephony.ITelephonyRegistry$Stub.onTransact:546 android.os.Binder.execTransactInternal:1523 
03-14 19:06:38.459  2185  3008 W ContextImpl: Calling a method in the system process without a qualified user: android.app.ContextImpl.sendBroadcastMultiplePermissions:1344 com.android.server.TelephonyRegistry.broadcastServiceStateChanged:3800 com.android.server.TelephonyRegistry.notifyServiceStateForPhoneId:1806 com.android.internal.telephony.ITelephonyRegistry$Stub.onTransact:546 android.os.Binder.execTransactInternal:1523 
03-14 19:06:38.463  2185  3008 W ContextImpl: Calling a method in the system process without a qualified user: android.app.ContextImpl.sendBroadcastMultiplePermissions:1344 com.android.server.TelephonyRegistry.broadcastServiceStateChanged:3806 com.android.server.TelephonyRegistry.notifyServiceStateForPhoneId:1806 com.android.internal.telephony.ITelephonyRegistry$Stub.onTransact:546 android.os.Binder.execTransactInternal:1523 
03-14 19:06:38.475  2185  2245 E OplusDexOptimizeManager: Start app fature is off
03-14 19:06:38.733  2185  2234 I UserAwareMgr: handleAppChangedToBg, pkgName: com.android.systemui, pid: 2725
03-14 19:06:38.740  2185  2234 I UserAwareMgr: handleAppChangedToBg, pkgName: com.android.systemui, pid: 2725
03-14 19:06:38.741  2185  2234 W UserAwareMgr: app not not found or not visible: {pkgName='com.android.systemui', processName='com.android.systemui', pid=2725, uid=10207, flags='systemui|bg', renderTid=3000, hwuiTids=[3851, 3852], glTids=null, threadInfos={wmshell.main={threadName='wmshell.main', tid=2821, extendTids=null}, ll.splashworker={threadName='ll.splashworker', tid=2938, extendTids=null}, wmshell.anim={threadName='wmshell.anim', tid=2878, extendTids=null}, VolumeDialogControllerImpl={threadName='VolumeDialogControllerImpl', tid=3542, extendTids=null}, ll.splashscreen={threadName='ll.splashscreen', tid=2937, extendTids=null}, KeyguardWorkerThread={threadName='KeyguardWorkerThread', tid=3064, extendTids=null}, OnScreenFingerprint OpticalUIUpdateThread={threadName='OnScreenFingerprint OpticalUIUpdateThread', tid=3888, extendTids=null}, ImageWallpaper={threadName='ImageWallpaper', tid=3754, extendTids=null}, KgdAnimThread={threadName='KgdAnimThread', tid=3066, extendTids=null}, GestureUI={threadName='GestureUI', tid=3422, extendTids=null}, SysUiLng={threadName='SysUiLng', tid=3750, extendTids=null}}}
03-14 19:06:38.741  2185  2234 W UserAwareMgr: handleAppChangedToBg process is empty
03-14 19:06:40.868  2185  2705 D CoreBackPreview: Window{725e870 u0 OplusVolumeDialogImpl}: Setting back callback null
03-14 19:06:40.877  2185  3008 I WindowManager: Window{725e870 u0 OplusVolumeDialogImpl} state from HAS_DRAWN to NO_SURFACE; reason: destroySurface
03-14 19:06:40.881  2185  3008 D WindowManager: NFW_findFocusedWindowIfNeeded:Window{380bd71 u0 com.zhiliaoapp.musically/com.ss.android.ugc.aweme.splash.SplashActivity} mCurrentFocus:Window{380bd71 u0 com.zhiliaoapp.musically/com.ss.android.ugc.aweme.splash.SplashActivity}
03-14 19:06:40.908  2185  2234 W UserAwareMgr: event can not be released, id: 3003, count: 2, releasePid: 2725
03-14 19:06:41.391  2185  2185 D MBrainLocalService: isVendorFreezeConditionPass is false
03-14 19:06:41.392  2185  2185 D MBrainLocalService: notifyNetworkChange failed
03-14 19:06:41.912  2185  3292 I OplusStatusBarManagerServiceEnhance:  getTopIsFullscreen mTopIsFullscreen: false
03-14 19:06:41.912  2185  3292 W ActivityManager: Permission Denial: getTopApplicationInfo from pid=21836, uid=10293 requires oplus.permission.OPLUS_COMPONENT_SAFE
03-14 19:06:41.913  2185  2185 D NotificationService--OplusNotificationManagerServiceExtImpl: isForwardToAssistants: true, case : Is local notification
03-14 19:06:41.913  2185  2185 D NotificationService: This application enqueue notifications is need postDelayed mcsAssistantDelayTime: 200
03-14 19:06:41.932  2185  3292 I OplusStatusBarManagerServiceEnhance:  getTopIsFullscreen mTopIsFullscreen: false
03-14 19:06:41.932  2185  3292 W ActivityManager: Permission Denial: getTopApplicationInfo from pid=21836, uid=10293 requires oplus.permission.OPLUS_COMPONENT_SAFE
03-14 19:06:41.933  2185  2185 D NotificationService--OplusNotificationManagerServiceExtImpl: isForwardToAssistants: true, case : Is local notification
03-14 19:06:41.933  2185  2185 D NotificationService: This application enqueue notifications is need postDelayed mcsAssistantDelayTime: 200
03-14 19:06:41.951  2185  2705 I OplusStatusBarManagerServiceEnhance:  getTopIsFullscreen mTopIsFullscreen: false
03-14 19:06:41.952  2185  2705 W ActivityManager: Permission Denial: getTopApplicationInfo from pid=21836, uid=10293 requires oplus.permission.OPLUS_COMPONENT_SAFE
03-14 19:06:41.953  2185  2185 D NotificationService--OplusNotificationManagerServiceExtImpl: isForwardToAssistants: true, case : Is local notification
03-14 19:06:41.953  2185  2185 D NotificationService: This application enqueue notifications is need postDelayed mcsAssistantDelayTime: 200
03-14 19:06:48.274  2185  2392 D PowerManagerService: userActivityNoUpdateLocked: groupId=0, eventTime=351853700, event=touch, flags=0x0, uid=1000
03-14 19:06:48.551  2185  2705 V AutofillInlineSuggestionsRequestSession: onInputMethodFinishInput() received
03-14 19:06:48.556  2185  3008 V AutofillInlineSuggestionsRequestSession: onInputMethodStartInput() received on 0
03-14 19:06:48.556  2185  2210 D BrightnessThermalClamper: New thermal throttling status = 1
03-14 19:06:48.557  2185  2705 W PackageConfigPersister: App-specific configuration not found for packageName: com.zhiliaoapp.musically and userId: 0
03-14 19:06:49.700  2185  2264 D OplusDisplayBrightnessBroadcastReceiver: onReceive action = android.intent.action.BATTERY_CHANGED , listeners = [com.android.server.display.OplusFeatureHDREnhanceBrightness$PhoneInfoReceiver@fef6f7d, com.android.server.display.OplusFeatureEdrEnhanceBrightness$PhoneInfoReceiver@498be72]
03-14 19:06:49.737  2185  2230 D AppProfilerExtImpl: Skipped pss collection for CPU busy
03-14 19:06:49.815  2185  2185 D MBrainLocalService: isVendorFreezeConditionPass is false
03-14 19:06:49.815  2185  2185 D MBrainLocalService: notifyNetworkChange failed
03-14 19:06:51.649  2185  5131 D UsageStatsService: User[0] type=0 b=1773504287254 e=1773504411649 cb=1773503688381 ce=1773504393624 disk=0 all=39
03-14 19:06:53.568  2185  2263 D PowerManagerService: userActivityNoUpdateLocked: groupId=0, eventTime=351858994, event=touch, flags=0x0, uid=1000
03-14 19:06:53.685  2185  2263 D PowerManagerService: userActivityNoUpdateLocked: groupId=0, eventTime=351859111, event=touch, flags=0x0, uid=1000
03-14 19:07:00.001  2185  2369 V AlarmManager: sending alarm Alarm{83f7aa7 type 3 origWhen 485492287 whenElapsed 485492287 android} uid 1000 whenElapsed 485492287 windowLength 0 maxWhenElapsed 485492287 repeatInterval 0 action null component null tag TIME_TICK flags 0x9 procName system_server
03-14 19:07:00.017  2185  2264 D OplusDisplayBrightnessBroadcastReceiver: onReceive action = android.intent.action.TIME_TICK , listeners = [com.android.server.display.marvels.module.ORBrightnessMarvelsDataCollector$ScreenStateReceiver@151f752]
03-14 19:07:03.218  2185  2483 W ContextImpl: Calling a method in the system process without a qualified user: android.app.ContextImpl.sendBroadcast:1261 com.android.server.job.controllers.OplusCpuController.notifyHighCpuEventForApp:387 com.android.server.job.controllers.OplusCpuController.handleCpuUpdate:333 com.android.server.job.controllers.OplusCpuController.-$$Nest$mhandleCpuUpdate:0 com.android.server.job.controllers.OplusCpuController$CpuTrackerHandler.handleMessage:257 
03-14 19:07:04.562  2185  2392 D PowerManagerService: userActivityNoUpdateLocked: groupId=0, eventTime=351869989, event=touch, flags=0x0, uid=1000
03-14 19:07:05.547  2185  2248 D OplusThermalStats: REPORT_UPDATE_CPU  ->  phoneTemp:380  preHeatThreshold:400
03-14 19:07:05.592  2185  2264 D OplusDisplayBrightnessBroadcastReceiver: onReceive action = android.intent.action.BATTERY_CHANGED , listeners = [com.android.server.display.OplusFeatureHDREnhanceBrightness$PhoneInfoReceiver@fef6f7d, com.android.server.display.OplusFeatureEdrEnhanceBrightness$PhoneInfoReceiver@498be72]
03-14 19:07:05.731  2185  2246 D ProcessCpuTrackerExtImpl: mContext is already set, return now! 
03-14 19:07:05.862  2185  2263 D PowerManagerService: userActivityNoUpdateLocked: groupId=0, eventTime=351871288, event=touch, flags=0x0, uid=1000
03-14 19:07:05.961  2185  2263 D PowerManagerService: userActivityNoUpdateLocked: groupId=0, eventTime=351871389, event=touch, flags=0x0, uid=1000
03-14 19:07:06.063  2185  2263 D PowerManagerService: userActivityNoUpdateLocked: groupId=0, eventTime=351871490, event=touch, flags=0x0, uid=1000
03-14 19:07:06.164  2185  2263 D PowerManagerService: userActivityNoUpdateLocked: groupId=0, eventTime=351871591, event=touch, flags=0x0, uid=1000
03-14 19:07:06.264  2185  2263 D PowerManagerService: userActivityNoUpdateLocked: groupId=0, eventTime=351871692, event=touch, flags=0x0, uid=1000
03-14 19:07:06.365  2185  2263 D PowerManagerService: userActivityNoUpdateLocked: groupId=0, eventTime=351871793, event=touch, flags=0x0, uid=1000
03-14 19:07:06.468  2185  2263 D PowerManagerService: userActivityNoUpdateLocked: groupId=0, eventTime=351871894, event=touch, flags=0x0, uid=1000
03-14 19:07:06.567  2185  2263 D PowerManagerService: userActivityNoUpdateLocked: groupId=0, eventTime=351871995, event=touch, flags=0x0, uid=1000
03-14 19:07:06.669  2185  2263 D PowerManagerService: userActivityNoUpdateLocked: groupId=0, eventTime=351872096, event=touch, flags=0x0, uid=1000
03-14 19:07:07.579  2185  3008 W BatteryExternalStatsWorker: error reading Bluetooth stats: 11
03-14 19:07:08.326  2185  2248 D KernelCpuUidUserSysTimeReader: Removing uids 99589-99589
03-14 19:07:09.858  2185  2263 D PowerManagerService: userActivityNoUpdateLocked: groupId=0, eventTime=351875284, event=touch, flags=0x0, uid=1000
03-14 19:07:09.957  2185  2263 D PowerManagerService: userActivityNoUpdateLocked: groupId=0, eventTime=351875385, event=touch, flags=0x0, uid=1000
03-14 19:07:10.664  2185  2263 D PowerManagerService: userActivityNoUpdateLocked: groupId=0, eventTime=351876089, event=touch, flags=0x0, uid=1000
03-14 19:07:10.761  2185  2263 D PowerManagerService: userActivityNoUpdateLocked: groupId=0, eventTime=351876190, event=touch, flags=0x0, uid=1000
03-14 19:07:10.841  2185  2185 D MBrainLocalService: isVendorFreezeConditionPass is false
03-14 19:07:10.841  2185  2185 D MBrainLocalService: notifyNetworkChange failed
03-14 19:07:10.863  2185  2263 D PowerManagerService: userActivityNoUpdateLocked: groupId=0, eventTime=351876291, event=touch, flags=0x0, uid=1000
03-14 19:07:10.964  2185  2263 D PowerManagerService: userActivityNoUpdateLocked: groupId=0, eventTime=351876392, event=touch, flags=0x0, uid=1000
03-14 19:07:11.065  2185  2263 D PowerManagerService: userActivityNoUpdateLocked: groupId=0, eventTime=351876493, event=touch, flags=0x0, uid=1000
03-14 19:07:11.727  2185  2263 D PowerManagerService: userActivityNoUpdateLocked: groupId=0, eventTime=351877154, event=touch, flags=0x0, uid=1000
03-14 19:07:11.827  2185  2263 D PowerManagerService: userActivityNoUpdateLocked: groupId=0, eventTime=351877255, event=touch, flags=0x0, uid=1000
03-14 19:07:11.931  2185  2263 D PowerManagerService: userActivityNoUpdateLocked: groupId=0, eventTime=351877356, event=touch, flags=0x0, uid=1000
03-14 19:07:11.986  2185  2705 I OplusStatusBarManagerServiceEnhance:  getTopIsFullscreen mTopIsFullscreen: false
03-14 19:07:11.987  2185  2705 W ActivityManager: Permission Denial: getTopApplicationInfo from pid=21836, uid=10293 requires oplus.permission.OPLUS_COMPONENT_SAFE
03-14 19:07:11.988  2185  2185 D NotificationService--OplusNotificationManagerServiceExtImpl: isForwardToAssistants: true, case : Is local notification
03-14 19:07:11.988  2185  2185 D NotificationService: This application enqueue notifications is need postDelayed mcsAssistantDelayTime: 200
03-14 19:07:12.009  2185  3568 I OplusStatusBarManagerServiceEnhance:  getTopIsFullscreen mTopIsFullscreen: false
03-14 19:07:12.009  2185  3568 W ActivityManager: Permission Denial: getTopApplicationInfo from pid=21836, uid=10293 requires oplus.permission.OPLUS_COMPONENT_SAFE
03-14 19:07:12.012  2185  2185 D NotificationService--OplusNotificationManagerServiceExtImpl: isForwardToAssistants: true, case : Is local notification
03-14 19:07:12.012  2185  2185 D NotificationService: This application enqueue notifications is need postDelayed mcsAssistantDelayTime: 200
03-14 19:07:12.029  2185  2263 D PowerManagerService: userActivityNoUpdateLocked: groupId=0, eventTime=351877457, event=touch, flags=0x0, uid=1000
03-14 19:07:12.043  2185  2705 I OplusStatusBarManagerServiceEnhance:  getTopIsFullscreen mTopIsFullscreen: false
03-14 19:07:12.043  2185  2705 W ActivityManager: Permission Denial: getTopApplicationInfo from pid=21836, uid=10293 requires oplus.permission.OPLUS_COMPONENT_SAFE
03-14 19:07:12.044  2185  2185 D NotificationService--OplusNotificationManagerServiceExtImpl: isForwardToAssistants: true, case : Is local notification
03-14 19:07:12.044  2185  2185 D NotificationService: This application enqueue notifications is need postDelayed mcsAssistantDelayTime: 200
03-14 19:07:12.130  2185  2263 D PowerManagerService: userActivityNoUpdateLocked: groupId=0, eventTime=351877558, event=touch, flags=0x0, uid=1000
03-14 19:07:12.232  2185  2263 D PowerManagerService: userActivityNoUpdateLocked: groupId=0, eventTime=351877659, event=touch, flags=0x0, uid=1000
03-14 19:07:12.333  2185  2263 D PowerManagerService: userActivityNoUpdateLocked: groupId=0, eventTime=351877760, event=touch, flags=0x0, uid=1000
03-14 19:07:12.395  2185  2705 D ActivityManager: freezer override set to true
03-14 19:07:12.435  2185  2263 D PowerManagerService: userActivityNoUpdateLocked: groupId=0, eventTime=351877861, event=touch, flags=0x0, uid=1000
03-14 19:07:12.539  2185  2263 D PowerManagerService: userActivityNoUpdateLocked: groupId=0, eventTime=351877963, event=touch, flags=0x0, uid=1000
03-14 19:07:12.637  2185  2263 D PowerManagerService: userActivityNoUpdateLocked: groupId=0, eventTime=351878063, event=touch, flags=0x0, uid=1000
03-14 19:07:12.645  2185  2705 D ProcessCpuTrackerExtImpl: mContext is already set, return now! 
03-14 19:07:12.678  2185  2705 D ActivityManager: freezer override set to false
03-14 19:07:12.739  2185  2263 D PowerManagerService: userActivityNoUpdateLocked: groupId=0, eventTime=351878164, event=touch, flags=0x0, uid=1000
03-14 19:07:12.837  2185  2263 D PowerManagerService: userActivityNoUpdateLocked: groupId=0, eventTime=351878266, event=touch, flags=0x0, uid=1000
03-14 19:07:12.941  2185  2263 D PowerManagerService: userActivityNoUpdateLocked: groupId=0, eventTime=351878367, event=touch, flags=0x0, uid=1000
03-14 19:07:13.045  2185  2263 D PowerManagerService: userActivityNoUpdateLocked: groupId=0, eventTime=351878468, event=touch, flags=0x0, uid=1000
03-14 19:07:13.248  2185  2263 D PowerManagerService: userActivityNoUpdateLocked: groupId=0, eventTime=351878675, event=touch, flags=0x0, uid=1000
03-14 19:07:13.348  2185  2263 D PowerManagerService: userActivityNoUpdateLocked: groupId=0, eventTime=351878775, event=touch, flags=0x0, uid=1000
03-14 19:07:13.449  2185  2263 D PowerManagerService: userActivityNoUpdateLocked: groupId=0, eventTime=351878877, event=touch, flags=0x0, uid=1000
03-14 19:07:13.550  2185  2263 D PowerManagerService: userActivityNoUpdateLocked: groupId=0, eventTime=351878978, event=touch, flags=0x0, uid=1000
03-14 19:07:13.651  2185  2263 D PowerManagerService: userActivityNoUpdateLocked: groupId=0, eventTime=351879079, event=touch, flags=0x0, uid=1000
03-14 19:07:13.752  2185  2263 D PowerManagerService: userActivityNoUpdateLocked: groupId=0, eventTime=351879180, event=touch, flags=0x0, uid=1000
03-14 19:07:13.851  2185  2185 D MBrainLocalService: isVendorFreezeConditionPass is false
03-14 19:07:13.851  2185  2185 D MBrainLocalService: notifyNetworkChange failed
03-14 19:07:13.922  2185  2263 D PowerManagerService: userActivityNoUpdateLocked: groupId=0, eventTime=351879350, event=touch, flags=0x0, uid=1000
03-14 19:07:14.071  2185  2263 D PowerManagerService: userActivityNoUpdateLocked: groupId=0, eventTime=351879499, event=touch, flags=0x0, uid=1000
03-14 19:07:14.172  2185  2263 D PowerManagerService: userActivityNoUpdateLocked: groupId=0, eventTime=351879600, event=touch, flags=0x0, uid=1000
03-14 19:07:14.508  2185  2263 D PowerManagerService: userActivityNoUpdateLocked: groupId=0, eventTime=351879935, event=touch, flags=0x0, uid=1000
03-14 19:07:14.635  2185  2263 D PowerManagerService: userActivityNoUpdateLocked: groupId=0, eventTime=351880063, event=touch, flags=0x0, uid=1000
03-14 19:07:14.757  2185  2263 D PowerManagerService: userActivityNoUpdateLocked: groupId=0, eventTime=351880185, event=touch, flags=0x0, uid=1000
03-14 19:07:14.863  2185  2263 D PowerManagerService: userActivityNoUpdateLocked: groupId=0, eventTime=351880291, event=touch, flags=0x0, uid=1000
03-14 19:07:15.088  2185  2263 D PowerManagerService: userActivityNoUpdateLocked: groupId=0, eventTime=351880515, event=touch, flags=0x0, uid=1000
03-14 19:07:15.187  2185  2263 D PowerManagerService: userActivityNoUpdateLocked: groupId=0, eventTime=351880616, event=touch, flags=0x0, uid=1000
03-14 19:07:15.291  2185  2263 D PowerManagerService: userActivityNoUpdateLocked: groupId=0, eventTime=351880717, event=touch, flags=0x0, uid=1000
03-14 19:07:15.391  2185  2263 D PowerManagerService: userActivityNoUpdateLocked: groupId=0, eventTime=351880818, event=touch, flags=0x0, uid=1000
03-14 19:07:15.491  2185  2263 D PowerManagerService: userActivityNoUpdateLocked: groupId=0, eventTime=351880919, event=touch, flags=0x0, uid=1000
03-14 19:07:15.592  2185  2263 D PowerManagerService: userActivityNoUpdateLocked: groupId=0, eventTime=351881020, event=touch, flags=0x0, uid=1000
03-14 19:07:15.693  2185  2263 D PowerManagerService: userActivityNoUpdateLocked: groupId=0, eventTime=351881121, event=touch, flags=0x0, uid=1000
03-14 19:07:16.319  2185  2263 D PowerManagerService: userActivityNoUpdateLocked: groupId=0, eventTime=351881699, event=touch, flags=0x0, uid=1000
03-14 19:07:16.376  2185  2263 D PowerManagerService: userActivityNoUpdateLocked: groupId=0, eventTime=351881801, event=touch, flags=0x0, uid=1000
03-14 19:07:16.786  2185  3568 I OplusStatusBarManagerServiceEnhance:  getTopIsFullscreen mTopIsFullscreen: false
03-14 19:07:16.787  2185  3568 W ActivityManager: Permission Denial: getTopApplicationInfo from pid=21836, uid=10293 requires oplus.permission.OPLUS_COMPONENT_SAFE
03-14 19:07:16.788  2185  2185 D NotificationService--OplusNotificationManagerServiceExtImpl: isForwardToAssistants: true, case : Is local notification
03-14 19:07:16.788  2185  2185 D NotificationService: This application enqueue notifications is need postDelayed mcsAssistantDelayTime: 200
03-14 19:07:16.812  2185  2185 W NotificationHistory: Attempted to add notif for locked/gone/disabled user 0
03-14 19:07:17.034  2185  2964 I OplusStatusBarManagerServiceEnhance:  getTopIsFullscreen mTopIsFullscreen: false
03-14 19:07:17.034  2185  2964 W ActivityManager: Permission Denial: getTopApplicationInfo from pid=21836, uid=10293 requires oplus.permission.OPLUS_COMPONENT_SAFE
03-14 19:07:17.036  2185  2185 D NotificationService--OplusNotificationManagerServiceExtImpl: isForwardToAssistants: true, case : Is local notification
03-14 19:07:17.036  2185  2185 D NotificationService: This application enqueue notifications is need postDelayed mcsAssistantDelayTime: 200
03-14 19:07:17.398  2185  2964 D CoreBackPreview: Window{3b9ad6a u0 NotificationShade}: Setting back callback OnBackInvokedCallbackInfo{mCallback=android.window.IOnBackInvokedCallback$Stub$Proxy@46afc2b, mPriority=0, mIsAnimationCallback=false}
03-14 19:07:17.398  2185  2234 I UserAwareMgr: handleTopAppChanged: com.android.systemui, pid: 2725, uid: 10207
03-14 19:07:17.494  2185  2964 D WindowManagerServiceExtImpl: extractConfigInfoAndRealFlags rotation=0, screenDp=708, residentWS:0, win=Window{3b9ad6a u0 NotificationShade}
03-14 19:07:17.495  2185  2964 V WindowManager: Relayout Window{3b9ad6a u0 NotificationShade}: viewVisibility=4, oldvis=4, req=1080x2400, vsysui=LIGHT_STATUS_BAR LIGHT_NAVIGATION_BAR, x=0, y=0
03-14 19:07:17.523  2185  2964 V WindowManager: Relayout Window{a082a7d u0 StatusBar}: viewVisibility=0, oldvis=0, req=1080x110, vsysui=, x=0, y=0
03-14 19:07:17.526  2185  2964 D WindowManager: setFrameRateStart invalid typeId return!
03-14 19:07:17.540  2185  2964 D WindowManagerServiceExtImpl: extractConfigInfoAndRealFlags rotation=0, screenDp=708, residentWS:0, win=Window{3b9ad6a u0 NotificationShade}
03-14 19:07:17.541  2185  2964 V WindowManager: Relayout Window{3b9ad6a u0 NotificationShade}: viewVisibility=0, oldvis=4, req=1080x2400, vsysui=LIGHT_STATUS_BAR LIGHT_NAVIGATION_BAR, x=0, y=0
03-14 19:07:17.541  2185  2964 I WindowManager: Window{3b9ad6a u0 NotificationShade} state from NO_SURFACE to DRAW_PENDING; reason: resetDrawState
03-14 19:07:17.546  2185  2964 D WindowManager: NFW_findFocusedWindowIfNeeded:Window{380bd71 u0 com.zhiliaoapp.musically/com.ss.android.ugc.aweme.splash.SplashActivity} mCurrentFocus:Window{380bd71 u0 com.zhiliaoapp.musically/com.ss.android.ugc.aweme.splash.SplashActivity}
03-14 19:07:17.548  2725  2725 W VRI[NotificationShade]: updateBlastSurfaceIfNeeded, surfaceSize:Point(1080, 2400), lastSurfaceSize:Point(1080, 2400), format:-3, blastBufferQueue:null
03-14 19:07:17.571  2185  2964 I WindowManager: Window{3b9ad6a u0 NotificationShade} state from DRAW_PENDING to COMMIT_DRAW_PENDING; reason: finishDrawingLocked
03-14 19:07:17.575  2185  2214 I WindowManager: Window{3b9ad6a u0 NotificationShade} state from COMMIT_DRAW_PENDING to READY_TO_SHOW; reason: commitFinishDrawingLocked
03-14 19:07:17.575  2185  2214 I WindowManager: Window{3b9ad6a u0 NotificationShade} state from READY_TO_SHOW to HAS_DRAWN; reason: performShowLocked
03-14 19:07:17.581  2185  2234 I UserAwareMgr: handleFgAppChanged, pkgName: com.android.systemui, pid: 2725, isVisible: true, fgAppType: FG2
03-14 19:07:17.581  2185  2234 I UserAwareMgr: fg app status not changed, beforeVisible: true, currentVisible: true
03-14 19:07:17.748  2185  3292 I OplusStatusBarManagerServiceEnhance:  getTopIsFullscreen mTopIsFullscreen: false
03-14 19:07:17.749  2185  3292 W ActivityManager: Permission Denial: getTopApplicationInfo from pid=21836, uid=10293 requires oplus.permission.OPLUS_COMPONENT_SAFE
03-14 19:07:17.751  2185  2185 D NotificationService--OplusNotificationManagerServiceExtImpl: isForwardToAssistants: true, case : Is local notification
03-14 19:07:17.753  2185  2185 D NotificationService: This application enqueue notifications is need postDelayed mcsAssistantDelayTime: 200
03-14 19:07:23.090  2185  2263 D PowerManagerService: userActivityNoUpdateLocked: groupId=0, eventTime=351888515, event=touch, flags=0x0, uid=1000
03-14 19:07:23.191  2185  2263 D PowerManagerService: userActivityNoUpdateLocked: groupId=0, eventTime=351888616, event=touch, flags=0x0, uid=1000
03-14 19:07:23.336  2725  2725 W VRI[NotificationShade]: updateBlastSurfaceIfNeeded, surfaceSize:Point(1080, 2400), lastSurfaceSize:Point(1080, 2400), format:-3, blastBufferQueue:android.graphics.BLASTBufferQueue@e8f8747
03-14 19:07:23.336  2185  3292 D WindowManagerServiceExtImpl: extractConfigInfoAndRealFlags rotation=0, screenDp=708, residentWS:0, win=Window{3b9ad6a u0 NotificationShade}
03-14 19:07:23.337  2185  3292 V WindowManager: Relayout Window{3b9ad6a u0 NotificationShade}: viewVisibility=0, oldvis=0, req=1080x2400, vsysui=LIGHT_STATUS_BAR LIGHT_NAVIGATION_BAR, x=0, y=0
03-14 19:07:23.350  2185  2964 D CoreBackPreview: Window{3b9ad6a u0 NotificationShade}: Setting back callback null
03-14 19:07:23.382  2185  3292 D WindowManagerServiceExtImpl: extractConfigInfoAndRealFlags rotation=0, screenDp=708, residentWS:0, win=Window{3b9ad6a u0 NotificationShade}
03-14 19:07:23.383  2185  3292 V WindowManager: Relayout Window{3b9ad6a u0 NotificationShade}: viewVisibility=4, oldvis=0, req=1080x2400, vsysui=LIGHT_STATUS_BAR LIGHT_NAVIGATION_BAR, x=0, y=0
03-14 19:07:23.384  2185  3292 I WindowManager: Window{3b9ad6a u0 NotificationShade} state from HAS_DRAWN to NO_SURFACE; reason: destroySurface
03-14 19:07:23.384  2185  2234 I UserAwareMgr: handleFgAppChanged, pkgName: com.android.systemui, pid: 2725, isVisible: false, fgAppType: FG2
03-14 19:07:23.384  2185  2234 I UserAwareMgr: fg app status not changed, beforeVisible: true, currentVisible: true
03-14 19:07:23.387  2185  3292 D WindowManager: NFW_findFocusedWindowIfNeeded:Window{380bd71 u0 com.zhiliaoapp.musically/com.ss.android.ugc.aweme.splash.SplashActivity} mCurrentFocus:Window{380bd71 u0 com.zhiliaoapp.musically/com.ss.android.ugc.aweme.splash.SplashActivity}
03-14 19:07:23.394  2185  3292 V WindowManager: Relayout Window{a082a7d u0 StatusBar}: viewVisibility=0, oldvis=0, req=1080x110, vsysui=, x=0, y=0
03-14 19:07:23.399  2185  3292 D WindowManager: setFrameRateStart invalid typeId return!
03-14 19:07:24.304  2185  2263 D PowerManagerService: userActivityNoUpdateLocked: groupId=0, eventTime=351889730, event=touch, flags=0x0, uid=1000
03-14 19:07:24.403  2185  2263 D PowerManagerService: userActivityNoUpdateLocked: groupId=0, eventTime=351889831, event=touch, flags=0x0, uid=1000
03-14 19:07:25.243  2185  2263 D PowerManagerService: userActivityNoUpdateLocked: groupId=0, eventTime=351890669, event=touch, flags=0x0, uid=1000
03-14 19:07:25.341  2185  2263 D PowerManagerService: userActivityNoUpdateLocked: groupId=0, eventTime=351890769, event=touch, flags=0x0, uid=1000
03-14 19:07:26.361  2185  2234 I UserAwareMgr: handleAppChangedToBg, pkgName: com.android.systemui, pid: 2725
03-14 19:07:26.367  2185  2234 I UserAwareMgr: handleAppChangedToBg, pkgName: com.android.systemui, pid: 2725
03-14 19:07:26.367  2185  2234 W UserAwareMgr: app not not found or not visible: {pkgName='com.android.systemui', processName='com.android.systemui', pid=2725, uid=10207, flags='systemui|bg', renderTid=3000, hwuiTids=[3851, 3852], glTids=null, threadInfos={wmshell.main={threadName='wmshell.main', tid=2821, extendTids=null}, ll.splashworker={threadName='ll.splashworker', tid=2938, extendTids=null}, wmshell.anim={threadName='wmshell.anim', tid=2878, extendTids=null}, VolumeDialogControllerImpl={threadName='VolumeDialogControllerImpl', tid=3542, extendTids=null}, ll.splashscreen={threadName='ll.splashscreen', tid=2937, extendTids=null}, KeyguardWorkerThread={threadName='KeyguardWorkerThread', tid=3064, extendTids=null}, OnScreenFingerprint OpticalUIUpdateThread={threadName='OnScreenFingerprint OpticalUIUpdateThread', tid=3888, extendTids=null}, ImageWallpaper={threadName='ImageWallpaper', tid=3754, extendTids=null}, KgdAnimThread={threadName='KgdAnimThread', tid=3066, extendTids=null}, GestureUI={threadName='GestureUI', tid=3422, extendTids=null}, SysUiLng={threadName='SysUiLng', tid=3750, extendTids=null}}}
03-14 19:07:26.367  2185  2234 W UserAwareMgr: handleAppChangedToBg process is empty
03-14 19:07:26.541  2185  2263 D PowerManagerService: userActivityNoUpdateLocked: groupId=0, eventTime=351891967, event=touch, flags=0x0, uid=1000
03-14 19:07:26.641  2185  2263 D PowerManagerService: userActivityNoUpdateLocked: groupId=0, eventTime=351892068, event=touch, flags=0x0, uid=1000
03-14 19:07:26.988  2185  2369 V AlarmManager: sending alarm Alarm{f1361cf type 2 origWhen 485519274 whenElapsed 485519274 android} uid 1000 whenElapsed 485519274 windowLength 0 maxWhenElapsed 485519274 repeatInterval 0 action com.android.server.audio.action.CHECK_MUSIC_ACTIVE component null flags 0x9 procName system_server
03-14 19:07:27.224  2185  2263 D PowerManagerService: userActivityNoUpdateLocked: groupId=0, eventTime=351892650, event=touch, flags=0x0, uid=1000
03-14 19:07:27.587  2185  2264 D OplusDisplayBrightnessBroadcastReceiver: onReceive action = android.intent.action.BATTERY_CHANGED , listeners = [com.android.server.display.OplusFeatureHDREnhanceBrightness$PhoneInfoReceiver@fef6f7d, com.android.server.display.OplusFeatureEdrEnhanceBrightness$PhoneInfoReceiver@498be72]
03-14 19:07:27.938  2185  2263 D PowerManagerService: userActivityNoUpdateLocked: groupId=0, eventTime=351893366, event=touch, flags=0x0, uid=1000
03-14 19:07:28.832  2185  2263 D PowerManagerService: userActivityNoUpdateLocked: groupId=0, eventTime=351894259, event=touch, flags=0x0, uid=1000
03-14 19:07:29.852   645 12613 I keystore2: system/security/keystore2/watchdog/src/lib.rs:319 - Watchdog thread idle -> terminating. Have a great day.
03-14 19:07:31.632  2185  2263 D PowerManagerService: userActivityNoUpdateLocked: groupId=0, eventTime=351897056, event=touch, flags=0x0, uid=1000
03-14 19:07:31.636  2185  2234 W UserAwareMgr: can not find match thread: GaussianBlur for process com.android.systemui
03-14 19:07:31.676  2185  2211 D WindowManager: request show transient bar, mShowingTransientTypes = 0 showingTransientTypes = 0
03-14 19:07:31.691  2185  3568 D CoreBackPreview: Window{3b9ad6a u0 NotificationShade}: Setting back callback OnBackInvokedCallbackInfo{mCallback=android.window.IOnBackInvokedCallback$Stub$Proxy@fa1d48, mPriority=0, mIsAnimationCallback=false}
03-14 19:07:31.708  2185  2234 I UserAwareMgr: handleTopAppChanged: com.android.systemui, pid: 2725, uid: 10207
03-14 19:07:31.712  2185  2705 I VibratorManagerServiceExtImpl: cancelVibrate uid=1000, pid=2185, usageFilter=-15, token=68846935
03-14 19:07:31.729  2185  2263 D PowerManagerService: userActivityNoUpdateLocked: groupId=0, eventTime=351897156, event=touch, flags=0x0, uid=1000
03-14 19:07:31.731  2185  3292 D WindowManagerServiceExtImpl: extractConfigInfoAndRealFlags rotation=0, screenDp=708, residentWS:0, win=Window{3b9ad6a u0 NotificationShade}
03-14 19:07:31.732  2185  3292 V WindowManager: Relayout Window{3b9ad6a u0 NotificationShade}: viewVisibility=0, oldvis=4, req=1080x2400, vsysui=LIGHT_STATUS_BAR LIGHT_NAVIGATION_BAR, x=0, y=0
03-14 19:07:31.732  2185  3292 I WindowManager: Window{3b9ad6a u0 NotificationShade} state from NO_SURFACE to DRAW_PENDING; reason: resetDrawState
03-14 19:07:31.740  2185  3292 D WindowManager: NFW_findFocusedWindowIfNeeded:Window{380bd71 u0 com.zhiliaoapp.musically/com.ss.android.ugc.aweme.splash.SplashActivity} mCurrentFocus:Window{380bd71 u0 com.zhiliaoapp.musically/com.ss.android.ugc.aweme.splash.SplashActivity}
03-14 19:07:31.747  2725  2725 W VRI[NotificationShade]: updateBlastSurfaceIfNeeded, surfaceSize:Point(1080, 2400), lastSurfaceSize:Point(1080, 2400), format:-3, blastBufferQueue:null
03-14 19:07:31.794  2185  2705 I WindowManager: Window{3b9ad6a u0 NotificationShade} state from DRAW_PENDING to COMMIT_DRAW_PENDING; reason: finishDrawingLocked
03-14 19:07:31.804  2185  2214 I WindowManager: Window{3b9ad6a u0 NotificationShade} state from COMMIT_DRAW_PENDING to READY_TO_SHOW; reason: commitFinishDrawingLocked
03-14 19:07:31.804  2185  2214 I WindowManager: Window{3b9ad6a u0 NotificationShade} state from READY_TO_SHOW to HAS_DRAWN; reason: performShowLocked
03-14 19:07:31.807  2725  3702 V OplusCustomizeCacheManager: queryCache name: sys.cache.common_customize_cache18014 param: null
03-14 19:07:31.807  2725  3702 V OplusCustomizeCacheManager: queryCache name: sys.cache.common_customize_cache18017 param: Bundle[{SETTING=BLOCK, BUSINESS=NCT-DATA}]
03-14 19:07:31.807  2725  3702 V OplusCustomizeCacheManager: start recompute
03-14 19:07:31.810  2725  3702 V OplusCustomizeCacheManager: queryCache name: sys.cache.common_customize_cache18013 param: null
03-14 19:07:31.816  2185  2234 I UserAwareMgr: handleFgAppChanged, pkgName: com.android.systemui, pid: 2725, isVisible: true, fgAppType: FG2
03-14 19:07:31.817  2185  2234 I UserAwareMgr: fg app status not changed, beforeVisible: true, currentVisible: true
03-14 19:07:31.832  2185  2263 D PowerManagerService: userActivityNoUpdateLocked: groupId=0, eventTime=351897258, event=touch, flags=0x0, uid=1000
03-14 19:07:31.844  2725  2725 W VRI[NotificationShade]: updateBlastSurfaceIfNeeded, surfaceSize:Point(1080, 2400), lastSurfaceSize:Point(1080, 2400), format:-3, blastBufferQueue:android.graphics.BLASTBufferQueue@8c56bf0
03-14 19:07:31.846  2185  3568 D WindowManagerServiceExtImpl: extractConfigInfoAndRealFlags rotation=0, screenDp=708, residentWS:0, win=Window{3b9ad6a u0 NotificationShade}
03-14 19:07:31.846  2725  3702 V OplusCustomizeCacheManager: queryCache name: sys.cache.common_customize_cache18014 param: null
03-14 19:07:31.846  2725  3702 V OplusCustomizeCacheManager: queryCache name: sys.cache.common_customize_cache18017 param: Bundle[{SETTING=BLOCK, BUSINESS=NCT-DATA}]
03-14 19:07:31.847  2725  3702 V OplusCustomizeCacheManager: start recompute
03-14 19:07:31.847  2185  3568 V WindowManager: Relayout Window{3b9ad6a u0 NotificationShade}: viewVisibility=0, oldvis=0, req=1080x2400, vsysui=LIGHT_STATUS_BAR LIGHT_NAVIGATION_BAR, x=0, y=0
03-14 19:07:31.851  2185  3568 D WindowManager: setFrameRateStart invalid typeId return!
03-14 19:07:31.851  2725  3702 V OplusCustomizeCacheManager: queryCache name: sys.cache.common_customize_cache18013 param: null
03-14 19:07:31.853  2185  3568 D WindowManager: NFW_findFocusedWindowIfNeeded:Window{3b9ad6a u0 NotificationShade} mCurrentFocus:Window{380bd71 u0 com.zhiliaoapp.musically/com.ss.android.ugc.aweme.splash.SplashActivity}
03-14 19:07:31.854  2185  3568 V WindowManager: Changing focus from Window{380bd71 u0 com.zhiliaoapp.musically/com.ss.android.ugc.aweme.splash.SplashActivity} to Window{3b9ad6a u0 NotificationShade},diplayid=0
03-14 19:07:31.854  2185  2543 E UAH-Framework: invalid window type -1, return
03-14 19:07:31.856  2185  3568 D WindowManager: setFrameRateStart invalid typeId return!
03-14 19:07:31.858  2185  3568 D WindowManager: setFrameRateStart invalid typeId return!
03-14 19:07:31.906  2725  3702 V OplusCustomizeCacheManager: queryCache name: sys.cache.common_customize_cache18014 param: null
03-14 19:07:31.906  2725  3702 V OplusCustomizeCacheManager: queryCache name: sys.cache.common_customize_cache18017 param: Bundle[{SETTING=BLOCK, BUSINESS=NCT-DATA}]
03-14 19:07:31.906  2725  3702 V OplusCustomizeCacheManager: start recompute
03-14 19:07:31.908  2725  3702 V OplusCustomizeCacheManager: queryCache name: sys.cache.common_customize_cache18013 param: null
03-14 19:07:31.915  2725  3702 V OplusCustomizeCacheManager: queryCache name: sys.cache.common_customize_cache18014 param: null
03-14 19:07:31.915  2725  3702 V OplusCustomizeCacheManager: queryCache name: sys.cache.common_customize_cache18017 param: Bundle[{SETTING=BLOCK, BUSINESS=NCT-DATA}]
03-14 19:07:31.915  2725  3702 V OplusCustomizeCacheManager: start recompute
03-14 19:07:31.917  2725  3702 V OplusCustomizeCacheManager: queryCache name: sys.cache.common_customize_cache18013 param: null
03-14 19:07:31.918  2185  2705 D LockSettingsService: [getStrongAuthForUser]  userId = 0
03-14 19:07:31.932  2725  3702 V OplusCustomizeCacheManager: queryCache name: sys.cache.common_customize_cache18014 param: null
03-14 19:07:31.932  2725  3702 V OplusCustomizeCacheManager: queryCache name: sys.cache.common_customize_cache18017 param: Bundle[{SETTING=BLOCK, BUSINESS=NCT-DATA}]
03-14 19:07:31.932  2725  3702 V OplusCustomizeCacheManager: start recompute
03-14 19:07:31.934  2725  3702 V OplusCustomizeCacheManager: queryCache name: sys.cache.common_customize_cache18013 param: null
03-14 19:07:32.523  2185  2263 D PowerManagerService: userActivityNoUpdateLocked: groupId=0, eventTime=351897950, event=touch, flags=0x0, uid=1000
03-14 19:07:32.824  2185  3008 D CoreBackPreview: Window{3b9ad6a u0 NotificationShade}: Setting back callback null
03-14 19:07:32.846  2185  3008 D WindowManagerServiceExtImpl: extractConfigInfoAndRealFlags rotation=0, screenDp=708, residentWS:0, win=Window{3b9ad6a u0 NotificationShade}
03-14 19:07:32.847  2185  3008 V WindowManager: Relayout Window{3b9ad6a u0 NotificationShade}: viewVisibility=4, oldvis=0, req=1080x2400, vsysui=LIGHT_STATUS_BAR LIGHT_NAVIGATION_BAR, x=0, y=0
03-14 19:07:32.848  2185  3008 I WindowManager: Window{3b9ad6a u0 NotificationShade} state from HAS_DRAWN to NO_SURFACE; reason: destroySurface
03-14 19:07:32.848  2185  2234 I UserAwareMgr: handleFgAppChanged, pkgName: com.android.systemui, pid: 2725, isVisible: false, fgAppType: FG2
03-14 19:07:32.848  2185  2234 I UserAwareMgr: fg app status not changed, beforeVisible: true, currentVisible: true
03-14 19:07:32.854  2185  3008 D WindowManager: NFW_findFocusedWindowIfNeeded:Window{380bd71 u0 com.zhiliaoapp.musically/com.ss.android.ugc.aweme.splash.SplashActivity} mCurrentFocus:Window{3b9ad6a u0 NotificationShade}
03-14 19:07:32.855  2185  3008 V WindowManager: Changing focus from Window{3b9ad6a u0 NotificationShade} to Window{380bd71 u0 com.zhiliaoapp.musically/com.ss.android.ugc.aweme.splash.SplashActivity},diplayid=0
03-14 19:07:32.857  2185  3008 D WindowManager: setFrameRateStart invalid typeId return!
03-14 19:07:32.859  2185  3008 D WindowManager: setFrameRateStart invalid typeId return!
03-14 19:07:32.929  2185  2705 V AutofillInlineSuggestionsRequestSession: onInputMethodFinishInput() received
03-14 19:07:32.932  2185  3568 V AutofillInlineSuggestionsRequestSession: onInputMethodStartInput() received on 0
03-14 19:07:32.937  2185  3292 W PackageConfigPersister: App-specific configuration not found for packageName: com.zhiliaoapp.musically and userId: 0
03-14 19:07:35.836  2185  2234 I UserAwareMgr: handleAppChangedToBg, pkgName: com.android.systemui, pid: 2725
03-14 19:07:35.843  2185  2234 I UserAwareMgr: handleAppChangedToBg, pkgName: com.android.systemui, pid: 2725
03-14 19:07:35.844  2185  2234 W UserAwareMgr: app not not found or not visible: {pkgName='com.android.systemui', processName='com.android.systemui', pid=2725, uid=10207, flags='systemui|bg', renderTid=3000, hwuiTids=[3851, 3852], glTids=null, threadInfos={wmshell.main={threadName='wmshell.main', tid=2821, extendTids=null}, ll.splashworker={threadName='ll.splashworker', tid=2938, extendTids=null}, wmshell.anim={threadName='wmshell.anim', tid=2878, extendTids=null}, VolumeDialogControllerImpl={threadName='VolumeDialogControllerImpl', tid=3542, extendTids=null}, ll.splashscreen={threadName='ll.splashscreen', tid=2937, extendTids=null}, KeyguardWorkerThread={threadName='KeyguardWorkerThread', tid=3064, extendTids=null}, OnScreenFingerprint OpticalUIUpdateThread={threadName='OnScreenFingerprint OpticalUIUpdateThread', tid=3888, extendTids=null}, ImageWallpaper={threadName='ImageWallpaper', tid=3754, extendTids=null}, KgdAnimThread={threadName='KgdAnimThread', tid=3066, extendTids=null}, GestureUI={threadName='GestureUI', tid=3422, extendTids=null}, SysUiLng={threadName='SysUiLng', tid=3750, extendTids=null}}}
03-14 19:07:35.844  2185  2234 W UserAwareMgr: handleAppChangedToBg process is empty
03-14 19:07:36.240  2185  2211 V WindowOrientationListener: onSensorChanged mDesiredRotation = 4
03-14 19:07:36.241  2185  2185 D MBrainLocalService: isVendorFreezeConditionPass is false
03-14 19:07:36.242  2185  2185 D MBrainLocalService: notifyNetworkChange failed
03-14 19:07:39.617  2185  2392 D PowerManagerService: userActivityNoUpdateLocked: groupId=0, eventTime=351905042, event=touch, flags=0x0, uid=1000
03-14 19:07:39.619  2185  2234 W UserAwareMgr: can not find match thread: GaussianBlur for process com.android.systemui
03-14 19:07:39.679  2185  2211 D WindowManager: request show transient bar, mShowingTransientTypes = 0 showingTransientTypes = 0
03-14 19:07:39.680  2185  3568 D CoreBackPreview: Window{3b9ad6a u0 NotificationShade}: Setting back callback OnBackInvokedCallbackInfo{mCallback=android.window.IOnBackInvokedCallback$Stub$Proxy@4a60389, mPriority=0, mIsAnimationCallback=false}
03-14 19:07:39.682  2185  2234 I UserAwareMgr: handleTopAppChanged: com.android.systemui, pid: 2725, uid: 10207
03-14 19:07:39.700  2185  2705 I VibratorManagerServiceExtImpl: cancelVibrate uid=1000, pid=2185, usageFilter=-15, token=68846935
03-14 19:07:39.708  2185  3008 D WindowManagerServiceExtImpl: extractConfigInfoAndRealFlags rotation=0, screenDp=708, residentWS:0, win=Window{3b9ad6a u0 NotificationShade}
03-14 19:07:39.709  2185  3008 V WindowManager: Relayout Window{3b9ad6a u0 NotificationShade}: viewVisibility=0, oldvis=4, req=1080x2400, vsysui=LIGHT_STATUS_BAR LIGHT_NAVIGATION_BAR, x=0, y=0
03-14 19:07:39.709  2185  3008 I WindowManager: Window{3b9ad6a u0 NotificationShade} state from NO_SURFACE to DRAW_PENDING; reason: resetDrawState
03-14 19:07:39.713  2725  3702 V OplusCustomizeCacheManager: queryCache name: sys.cache.common_customize_cache18014 param: null
03-14 19:07:39.713  2725  3702 V OplusCustomizeCacheManager: queryCache name: sys.cache.common_customize_cache18017 param: Bundle[{SETTING=BLOCK, BUSINESS=NCT-DATA}]
03-14 19:07:39.713  2725  3702 V OplusCustomizeCacheManager: start recompute
03-14 19:07:39.715  2185  3008 D WindowManager: NFW_findFocusedWindowIfNeeded:Window{380bd71 u0 com.zhiliaoapp.musically/com.ss.android.ugc.aweme.splash.SplashActivity} mCurrentFocus:Window{380bd71 u0 com.zhiliaoapp.musically/com.ss.android.ugc.aweme.splash.SplashActivity}
03-14 19:07:39.715  2725  3702 V OplusCustomizeCacheManager: queryCache name: sys.cache.common_customize_cache18013 param: null
03-14 19:07:39.716  2185  2263 D PowerManagerService: userActivityNoUpdateLocked: groupId=0, eventTime=351905143, event=touch, flags=0x0, uid=1000
03-14 19:07:39.717  2725  2725 W VRI[NotificationShade]: updateBlastSurfaceIfNeeded, surfaceSize:Point(1080, 2400), lastSurfaceSize:Point(1080, 2400), format:-3, blastBufferQueue:null
03-14 19:07:39.755  2185  3292 I WindowManager: Window{3b9ad6a u0 NotificationShade} state from DRAW_PENDING to COMMIT_DRAW_PENDING; reason: finishDrawingLocked
03-14 19:07:39.759  2185  2214 I WindowManager: Window{3b9ad6a u0 NotificationShade} state from COMMIT_DRAW_PENDING to READY_TO_SHOW; reason: commitFinishDrawingLocked
03-14 19:07:39.759  2185  2214 I WindowManager: Window{3b9ad6a u0 NotificationShade} state from READY_TO_SHOW to HAS_DRAWN; reason: performShowLocked
03-14 19:07:39.766  2185  2234 I UserAwareMgr: handleFgAppChanged, pkgName: com.android.systemui, pid: 2725, isVisible: true, fgAppType: FG2
03-14 19:07:39.766  2185  2234 I UserAwareMgr: fg app status not changed, beforeVisible: true, currentVisible: true
03-14 19:07:39.799  2725  2725 W VRI[NotificationShade]: updateBlastSurfaceIfNeeded, surfaceSize:Point(1080, 2400), lastSurfaceSize:Point(1080, 2400), format:-3, blastBufferQueue:android.graphics.BLASTBufferQueue@5313ac3
03-14 19:07:39.799  2185  3297 D WindowManagerServiceExtImpl: extractConfigInfoAndRealFlags rotation=0, screenDp=708, residentWS:0, win=Window{3b9ad6a u0 NotificationShade}
03-14 19:07:39.800  2185  3297 V WindowManager: Relayout Window{3b9ad6a u0 NotificationShade}: viewVisibility=0, oldvis=0, req=1080x2400, vsysui=LIGHT_STATUS_BAR LIGHT_NAVIGATION_BAR, x=0, y=0
03-14 19:07:39.803  2185  3297 D WindowManager: setFrameRateStart invalid typeId return!
03-14 19:07:39.804  2185  3297 D WindowManager: NFW_findFocusedWindowIfNeeded:Window{3b9ad6a u0 NotificationShade} mCurrentFocus:Window{380bd71 u0 com.zhiliaoapp.musically/com.ss.android.ugc.aweme.splash.SplashActivity}
03-14 19:07:39.805  2185  3297 V WindowManager: Changing focus from Window{380bd71 u0 com.zhiliaoapp.musically/com.ss.android.ugc.aweme.splash.SplashActivity} to Window{3b9ad6a u0 NotificationShade},diplayid=0
03-14 19:07:39.806  2185  2543 E UAH-Framework: invalid window type -1, return
03-14 19:07:39.807  2185  3297 D WindowManager: setFrameRateStart invalid typeId return!
03-14 19:07:39.809  2185  3297 D WindowManager: setFrameRateStart invalid typeId return!
03-14 19:07:39.821  2725  3702 V OplusCustomizeCacheManager: queryCache name: sys.cache.common_customize_cache18014 param: null
03-14 19:07:39.821  2185  2263 D PowerManagerService: userActivityNoUpdateLocked: groupId=0, eventTime=351905244, event=touch, flags=0x0, uid=1000
03-14 19:07:39.821  2725  3702 V OplusCustomizeCacheManager: queryCache name: sys.cache.common_customize_cache18017 param: Bundle[{SETTING=BLOCK, BUSINESS=NCT-DATA}]
03-14 19:07:39.821  2725  3702 V OplusCustomizeCacheManager: start recompute
03-14 19:07:39.823  2725  3702 V OplusCustomizeCacheManager: queryCache name: sys.cache.common_customize_cache18013 param: null
03-14 19:07:39.830  2185  2705 D LockSettingsService: [getStrongAuthForUser]  userId = 0
03-14 19:07:39.839  2725  3702 V OplusCustomizeCacheManager: queryCache name: sys.cache.common_customize_cache18014 param: null
03-14 19:07:39.839  2725  3702 V OplusCustomizeCacheManager: queryCache name: sys.cache.common_customize_cache18017 param: Bundle[{SETTING=BLOCK, BUSINESS=NCT-DATA}]
03-14 19:07:39.839  2725  3702 V OplusCustomizeCacheManager: start recompute
03-14 19:07:39.842  2725  3702 V OplusCustomizeCacheManager: queryCache name: sys.cache.common_customize_cache18013 param: null
03-14 19:07:39.854  2725  3702 V OplusCustomizeCacheManager: queryCache name: sys.cache.common_customize_cache18014 param: null
03-14 19:07:39.855  2725  3702 V OplusCustomizeCacheManager: queryCache name: sys.cache.common_customize_cache18017 param: Bundle[{SETTING=BLOCK, BUSINESS=NCT-DATA}]
03-14 19:07:39.855  2725  3702 V OplusCustomizeCacheManager: start recompute
03-14 19:07:39.857  2725  3702 V OplusCustomizeCacheManager: queryCache name: sys.cache.common_customize_cache18013 param: null
03-14 19:07:39.861  2725  3702 V OplusCustomizeCacheManager: queryCache name: sys.cache.common_customize_cache18014 param: null
03-14 19:07:39.861  2725  3702 V OplusCustomizeCacheManager: queryCache name: sys.cache.common_customize_cache18017 param: Bundle[{SETTING=BLOCK, BUSINESS=NCT-DATA}]
03-14 19:07:39.861  2725  3702 V OplusCustomizeCacheManager: start recompute
03-14 19:07:39.862  2725  3702 V OplusCustomizeCacheManager: queryCache name: sys.cache.common_customize_cache18013 param: null
03-14 19:07:39.919  2185  2705 D ShortcutService: rescanPackageIfNeeded 0@com.zhiliaoapp.musically, forceRescan=false , isNewApp=false
03-14 19:07:40.039  2185  2501 D ShortcutService: Saving package item com.zhiliaoapp.musically to /data/system_ce/0/shortcut_service/packages/com.zhiliaoapp.musically.xml
03-14 19:07:40.039  2185  2210 D ShortcutService: Getting shortcuts for launcher= com.android.systemuiuser=0 pkg=com.zhiliaoapp.musically
03-14 19:07:40.052  2185  2210 D ShortcutService: Getting shortcuts for launcher= com.android.launcheruser=0 pkg=com.zhiliaoapp.musically
03-14 19:07:40.670  2185  2263 D PowerManagerService: userActivityNoUpdateLocked: groupId=0, eventTime=351906097, event=touch, flags=0x0, uid=1000
