03-14 19:15:32.271  2185  2803 D CoreBackPreview: Window{97a996f u0 com.gexup/com.gexup.MainActivity}: Setting back callback OnBackInvokedCallbackInfo{mCallback=android.window.IOnBackInvokedCallback$Stub$Proxy@ed75e68, mPriority=0, mIsAnimationCallback=false}
03-14 19:15:32.273 17387 17387 D nativeloader: Load /data/app/~~U-6ZcO5PNGf6Xn43B7VWig==/com.gexup-wR-uSDUGYz_lZqt-HIW0QA==/base.apk!/lib/arm64-v8a/libyoga.so using class loader ns clns-7 (caller=/data/app/~~U-6ZcO5PNGf6Xn43B7VWig==/com.gexup-wR-uSDUGYz_lZqt-HIW0QA==/base.apk): ok
03-14 19:15:32.282 17387 17387 D ViewRootImplExtImpl: wrapConfigInfoIntoFlags rotation=0, smallestScreenWidthDp=708, relayoutAsync=false, flags=0, newFlags=46399488, residentWS=false, title=com.gexup/com.gexup.MainActivity
03-14 19:15:32.283  2185  2574 D WindowManagerServiceExtImpl: extractConfigInfoAndRealFlags rotation=0, screenDp=708, residentWS:0, win=Window{97a996f u0 com.gexup/com.gexup.MainActivity}
03-14 19:15:32.283  2185  2574 V WindowManager: Relayout Window{97a996f u0 com.gexup/com.gexup.MainActivity}: viewVisibility=0, oldvis=4, req=1080x2400, vsysui=, x=0, y=0
03-14 19:15:32.284  2185  2574 I WindowManager: Window{97a996f u0 com.gexup/com.gexup.MainActivity} state from NO_SURFACE to DRAW_PENDING; reason: resetDrawState
03-14 19:15:32.290  1352  1577 D OplusLayer: setProcInfo (102787,com.gexup/com.gexup.MainActivity#102787,com.gexup,0x6EB888E8)
03-14 19:15:32.307  3128  3547 D ActivityAdapter: notifyActivityQuery: [com.gexup; com.gexup; 1; COMMON; 10375]
03-14 19:15:32.308  3128  3547 D OPlusFrontAppManager: decide -->> [com.gexup; com.gexup; 1; COMMON; 10375]
03-14 19:15:32.311  2185  2574 D WindowManager: NFW_findFocusedWindowIfNeeded:Window{97a996f u0 com.gexup/com.gexup.MainActivity} mCurrentFocus:null
03-14 19:15:32.312  2185  2574 V WindowManager: Changing focus from null to Window{97a996f u0 com.gexup/com.gexup.MainActivity},diplayid=0
03-14 19:15:32.330  2185  3641 D ConnectivityService: requestNetwork for uid/pid:10375/17387 activeRequest: null callbackRequest: 46408 [NetworkRequest [ REQUEST id=46409, [ Capabilities: INTERNET&NOT_RESTRICTED&TRUSTED&NOT_VCN_MANAGED&NOT_BANDWIDTH_CONSTRAINED Uid: 10375 RequestorUid: 10375 RequestorPkg: com.gexup UnderlyingNetworks: Null] ]] callback flags: 0 order: 2147483647 isUidTracked: false declaredMethods: AVAIL|LOSING|LOST|UNAVAIL|NC|LP
03-14 19:15:32.338  2185  2214 D SurfaceComposerClient: Transaction::apply InputWindowCommands.focusRequests timestamp=352377751274541, windowName=97a996f com.gexup/com.gexup.MainActivity
03-14 19:15:32.342  2185  2448 D OemPaidWifiNetworkFactory: got request NetworkRequest [ REQUEST id=46409, [ Capabilities: INTERNET&NOT_RESTRICTED&TRUSTED&NOT_VCN_MANAGED&NOT_BANDWIDTH_CONSTRAINED Uid: 10375 RequestorUid: 10375 RequestorPkg: com.gexup UnderlyingNetworks: Null] ]
03-14 19:15:32.342  2185  2448 D MultiInternetWifiNetworkFactory: got request NetworkRequest [ REQUEST id=46409, [ Capabilities: INTERNET&NOT_RESTRICTED&TRUSTED&NOT_VCN_MANAGED&NOT_BANDWIDTH_CONSTRAINED Uid: 10375 RequestorUid: 10375 RequestorPkg: com.gexup UnderlyingNetworks: Null] ]
03-14 19:15:32.343  2185  2448 D WifiNetworkFactory: got request NetworkRequest [ REQUEST id=46409, [ Capabilities: INTERNET&NOT_RESTRICTED&TRUSTED&NOT_VCN_MANAGED&NOT_BANDWIDTH_CONSTRAINED Uid: 10375 RequestorUid: 10375 RequestorPkg: com.gexup UnderlyingNetworks: Null] ]
03-14 19:15:32.344  2185  2448 D UntrustedWifiNetworkFactory: got request NetworkRequest [ REQUEST id=46409, [ Capabilities: INTERNET&NOT_RESTRICTED&TRUSTED&NOT_VCN_MANAGED&NOT_BANDWIDTH_CONSTRAINED Uid: 10375 RequestorUid: 10375 RequestorPkg: com.gexup UnderlyingNetworks: Null] ]
03-14 19:15:32.354  1352  1352 D SurfaceFlinger: Focus addInputWindowCommands timestamp=352377751274541, windowName=97a996f com.gexup/com.gexup.MainActivity
03-14 19:15:32.359  1352  1988 D SurfaceFlinger: updateWinowInfo=1, setFocusedWindow timestamp=352377751274541, windowName=97a996f com.gexup/com.gexup.MainActivity
03-14 19:15:32.360  2185  2574 I InputDispatcher: NFW_setFocusedWindow, 97a996f com.gexup/com.gexup.MainActivity on display 0, same as the previous:0
03-14 19:15:32.375 17387 17387 I SurfaceControl:  setExtendedRangeBrightness sc=Surface(name=com.gexup/com.gexup.MainActivity)/@0xd16c457,currentBufferRatio=1.0,desiredRatio=1.0
03-14 19:15:32.379  2185  2234 I UserAwareMgr: filter app: com.gexup
03-14 19:15:32.381  2185  2234 I UserAwareMgr: filter app: com.gexup
03-14 19:15:32.408 17387 17423 E AndroidRuntime: Process: com.gexup, PID: 17387
03-14 19:15:32.410 17387 17405 D com.gexup: Can't load libmbrainSDK
03-14 19:15:32.413  2185  3641 I mtkpower_client: [PowerHal_Wrap_notifyAppState] com.gexup/com.gexup pid=17387 activityId:17387 state:3
03-14 19:15:32.413  1280  1280 I vendor.mediatek.hardware.mtkpower_applist-service.mediatek: packName: com.gexup actName: com.gexup pid: 17387 activityId: 17387 uid: 10375 state: 3
03-14 19:15:32.413  1280  1280 I MTK_APPList: [notifyAPPstate] com.gexup/com.gexup, pid=17387, activityId=17387, uid=10375, state:DEAD, fps:-1, win:0
03-14 19:15:32.413  1280  1280 I MTK_APPList: [notifyAPPstate] pack:com.gexup, pid:17387, STATE_DEAD
03-14 19:15:32.416  2185  3641 W OplusEapManager handleErrorInfo sendEvent: : com.gexup happenedcrash
03-14 19:15:32.416  2185  3188 D OplusAppStartupMonitor: , exceptionClass=com.facebook.react.common.JavascriptException, app_channel_type=unstable, packageName=com.gexup, unstable_restrict_switch=true}]
03-14 19:15:32.427  2185  3641 W ActivityTaskManager:   Force finishing activity com.gexup/.MainActivity
03-14 19:15:32.430  2185  2543 I [UAH_CLIENT]: UahEventAcquire, cmdid:0, pkg:com.gexup, identity:com.android.server.wm
03-14 19:15:32.432  2185  3641 D ActivityTaskManager: setAppVisibility(Token{5b74f24 ActivityRecord{bf5c5d5 u0 com.gexup/.MainActivity t6298 f}}}, visible=false): mNextAppTransitionRequests=[], mNextAppTransitionFlags=,mAppTransitionState=APP_STATE_IDLE visible=true mVisibleRequested=true
03-14 19:15:32.433  2185  3641 D ActivityTaskManager: setVisibility(Token{5b74f24 ActivityRecord{bf5c5d5 u0 com.gexup/.MainActivity t6298 f}}}, visible=false) defer commitVisibility for transition collecting
03-14 19:15:32.434  2185  3641 I PowerHalWrapper: amsBoostNotify pid:17387,activity:com.gexup.MainActivity, package:com.gexup, mProcessCreatePackcom.gexup 
03-14 19:15:32.434  2185  3641 I mtkpower_client: [PowerHal_Wrap_notifyAppState] com.gexup/com.gexup.MainActivity pid=17387 activityId:200656341 state:0
03-14 19:15:32.434  1280  1280 I vendor.mediatek.hardware.mtkpower_applist-service.mediatek: packName: com.gexup actName: com.gexup.MainActivity pid: 17387 activityId: 200656341 uid: 10375 state: 0
03-14 19:15:32.434  1280  1280 I MTK_APPList: [notifyAPPstate] com.gexup/com.gexup.MainActivity, pid=17387, activityId=200656341, uid=10375, state:PAUSED, fps:-1, win:0
03-14 19:15:32.438  2185  2210 D OplusAppQuickStart_OplusAppQuickStart: writeBuffer success: capBitmapFile=com.gexup_0_33.webp cost: 755 ms
03-14 19:15:32.440  2185  3641 I OplusHansManager : front pkg: com.android.launcher, uid: 10202, prev pkg: com.gexup, prev uid: 10375
03-14 19:15:32.442  2185  3234 I OplusHansManager : uid=10375, pkg=com.gexup enter SM
03-14 19:15:32.442  2185  3234 I OplusHansManager : uid=10375, pkg=com.gexup R enter(), D stay=0
03-14 19:15:32.443  2185  2784 I Osense-BaseDecisionMaker: notifySceneToAthenaPolicy: SCENE_LAUNCHER, bundle: Bundle[{prevPkgName=com.gexup, curUid=10202, curPkgName=com.android.launcher, prevUid=10375}]
03-14 19:15:32.443  2185  3641 D ActivityTaskManager: NFW_setLastResumedActivityUncheckLocked:true r:ActivityRecord{42ce2f4 u0 com.android.launcher/.Launcher t5} currentFocus:Window{97a996f u0 com.gexup/com.gexup.MainActivity}
03-14 19:15:32.443  2185  3641 D WindowManager: NFW_findFocusedWindowIfNeeded:Window{921a635 u0 com.android.launcher/com.android.launcher.Launcher} mCurrentFocus:Window{97a996f u0 com.gexup/com.gexup.MainActivity}
03-14 19:15:32.444  2185  3641 V WindowManager: Changing focus from Window{97a996f u0 com.gexup/com.gexup.MainActivity} to Window{921a635 u0 com.android.launcher/com.android.launcher.Launcher},diplayid=0
03-14 19:15:32.451  2185  3641 D FlexibleTaskController: onTaskFocusChanged prevTask:Task{c73ebb7 #6298 type=standard A=10375:com.gexup} ,currentTask:Task{5367fd5 #5 type=home I=com.android.launcher/.Launcher}, reason: resumeTopActivity - onActivityStateChanged
03-14 19:15:32.466  2185  3641 D OplusFlexibleWindowMinimizedManagerHelper: onTaskInfoChanged taskInfo:TaskInfo{userId=0 taskId=6298 displayId=0 isRunning=false baseIntent=Intent { act=android.intent.action.MAIN cat=[android.intent.category.LAUNCHER] flg=0x10200000 cmp=com.gexup/.MainActivity mCallingUid=10202 } baseActivity=null topActivity=null origActivity=null realActivity=ComponentInfo{com.gexup/com.gexup.MainActivity} numActivities=0 lastActiveTime=486004720 supportsSplitScreenMultiWindow=true supportsMultiWindow=true supportsPocketStudioMultiWindow=true isInFlexibleEmbedded = false uid = -1 pid = -1 resizeMode=1 isResizeable=true minWidth=-1 minHeight=-1 defaultMinSize=220 token=WCT{RemoteToken{c74ce45 Task{c73ebb7 #6298 type=standard A=10375:com.gexup}}} topActivityType=1 pictureInPictureParams=null shouldDockBigOverlays=false launchIntoPipHostTaskId=-1 lastParentTaskIdBeforePip=-1 displayCutoutSafeInsets=Rect(0, 110 - 0, 0) topActivityInfo=null launchCookies=[android.os.BinderProxy@67113dc] positionInParent=Point(0, 0) parentTaskId=-1 isFocused=false isVisible=true isVisibleRequested=false isSleeping=false locusId=null displayAreaFeatureId=1 isTopActivityTransparent=false appCompatTaskInfo=AppCompatTaskInfo { topActivityInSizeCompat=false topActivityInOplusCompatMode=false topActivityEligibleForLetterboxEducation= falseisLetterboxEducationEnabled= false isLetterboxDoubleTapEnabled= false topActivityEligibleForUserAspectRatioButton= false topActivityBoundsLetterboxed= false isFromLetterboxDoubleTap= false topActivityLetterboxVerticalPosition= -1 topActivityLetterboxHorizontalPosition= -1 topActivityLetterboxWidth=-1 topActivityLetterboxHeight=-1 isUserFullscreenOverrideEnabled=false isSystemFullscreenOverrideEnabled=false cameraCompatTaskInfo=CameraCompatTaskInfo { cameraCompatControlState=hidden freeformCameraCompatMode=inactive}} topActivityLetterboxInsets=Rect(0, 0 - 0, 0) mOplusExtraBundle = Bundle[{androidx.flexible.taskFrame=Rect(0, 0 - 0, 0), key_flexible_task_state=0, androidx.activity.LaunchScenario=0, androidx.activity.LaunchScale=1.0}]} task:Task{c73ebb7 #6298 type=standard A=10375:com.gexup}
03-14 19:15:32.472 17387 17405 D com.gexup: Can't load libmbrainSDK
03-14 19:15:32.478  2185  2574 D VRR [OPlusExternalRefreshRateManager]: isPkgTfcEnable: pkgName = com.gexup, enable = false
03-14 19:15:32.478  2185  2574 D VRR [OPlusExternalRefreshRateManager]: getTfcMinFramerate: pkgName = com.gexup, min framerate = 0
03-14 19:15:32.478 17387 17387 I DynamicFramerate [FRTCConfigManager]: FRTCConfigManager: FRTC_CAPABILITY = 120, package name = com.gexup, WINDOW_ANIMATION_SPEED_RATE = 10, SCROLL_ANIMATION_SPEED_RATE = 20, PACKAGE_ENABLE = false
03-14 19:15:32.478 17387 17387 I DynamicFramerate [DynamicFrameRateController]: init info: mPackageName = com.gexup, mIsEnabled = false
03-14 19:15:32.480  2185  2214 D Transition: collectOrderChanges onTopTasksEnd: [Task{ec2feb3 #1 type=home}, Task{5367fd5 #5 type=home I=com.android.launcher/.Launcher}], reportedOnTop:null, mOnTopTasksStart: [Task{c73ebb7 #6298 type=standard A=10375:com.gexup}], TDA child: [Task{82fde8c #6032 type=standard A=10444:com.blaze.sportzfy}, Task{6a18ca3 #2 type=undefined}, Task{c5c630b #6240 type=standard A=10434:com.activision.callofduty.shooter}, Task{8bb86ff #6239 type=standard A=10263:com.ea.gp.fifamobile}, Task{6d89e9d #6271 type=standard A=10280:eu.livesport.FlashScore_com}, Task{5d1bab5 #6272 type=standard A=10118:com.oppo.quicksearchbox}, Task{981d9ec #6274 type=standard A=1001:android.task.stk}, Task{cf07f54 #6270 type=standard A=10309:com.truecaller}, Task{94557eb #6296 type=standard A=10312:com.whatsapp.w4b}, Task{293910d #6278 type=standard A=10406:com.facebook.katana}, Task{c73ebb7 #6298 type=standard A=10375:com.gexup}, Task{ec2feb3 #1 type=home}]
03-14 19:15:32.480  2185  2214 D OplusFlexibleActivityTransitionManager: fixTransitType type result:2, targets: [Task{ec2feb3 #1 type=home}, Task{c73ebb7 #6298 type=standard A=10375:com.gexup}, WallpaperWindowToken{cb8362f token=android.os.Binder@ac216b9 showWhenLocked=false}]
03-14 19:15:32.481  2185  2800 E OsenseKillAction: KillAction: find invalid process: com.gexup:17387:2
03-14 19:15:32.491  2185  2214 D OplusTransitionController:  info: {id=5197 t=CLOSE f=0x10 trk=0 r=[0@Point(0, 0)] c=[{WCT{RemoteToken{cab921f Task{ec2feb3 #1 type=home}}} m=TO_FRONT f=SHOW_WALLPAPER|MOVE_TO_TOP leash=Surface(name=Task=1)/@0x64439b5 sb=Rect(0, 0 - 1080, 2400) eb=Rect(0, 0 - 1080, 2400) d=0 taskParent=-1},{WCT{RemoteToken{c74ce45 Task{c73ebb7 #6298 type=standard A=10375:com.gexup}}} m=CLOSE f=NONE leash=Surface(name=Task=6298)/@0xa3e9289 sb=Rect(0, 0 - 1080, 2400) eb=Rect(0, 0 - 1080, 2400) d=0 taskParent=-1},{null m=TO_FRONT f=IS_WALLPAPER leash=Surface(name=WallpaperWindowToken{cb8362f token=android.os.Binder@ac216b9 showWhenLocked=false})/@0x1343eef sb=Rect(0, 0 - 1080, 2400) eb=Rect(0, 0 - 1080, 2400) d=0}] extendInfo=[OplusTransitionExtendedInfo{mTmpFinishT=null, mInOplusCompatMode=false, mIsProcessRunning=false, mHasMismatchBoundsTarget=false, mRecentsController=null, mIsTranslucentActivityToHome=false, mAvoidInterceptKeyEventToHome=false, mIsFromHome=false, mParentLeash=null, mIsOplusAnimRes=false, mIsFromOverlay=false, mIsBalAllow=false, mTaskNotInRecent=false, mIsLaunchFromSpruce=false, mIsLaunchFromDrive=false, mAssistScreenShowing=false, mUserIdTransition=0, mInRemoteScene=false, mInPreReady=false, mPreStart=false, mToken=null, mShellApplyToken=null, mRequestTransitionTaskId=-1, mAbortTransitionOnShell=0, mTransitionId=5197, mAnimStartingPosition=[0, 0, 0, 0], mIsOpeningStkDialogActivity=false}]}, 
03-14 19:15:32.491  2185  2214 D OplusTransitionController:  targets : [Task{ec2feb3 #1 type=home}, Task{c73ebb7 #6298 type=standard A=10375:com.gexup}, WallpaperWindowToken{cb8362f token=android.os.Binder@ac216b9 showWhenLocked=false}], 
03-14 19:15:32.491  2185  2214 D OplusTransitionController:  participants: {ActivityRecord{42ce2f4 u0 com.android.launcher/.Launcher t5}, Task{5367fd5 #5 type=home I=com.android.launcher/.Launcher}, ActivityRecord{bf5c5d5 u0 com.gexup/.MainActivity t6298 f}}, Task{c73ebb7 #6298 type=standard A=10375:com.gexup}, WallpaperWindowToken{cb8362f token=android.os.Binder@ac216b9 showWhenLocked=false}, Task{ec2feb3 #1 type=home}}, 
03-14 19:15:32.493  2185  2214 W WindowManager: captureTaskSnapshot mSnapshotMode= 0 source=Task{c73ebb7 #6298 type=standard A=10375:com.gexup}
03-14 19:15:32.509  2185  2214 D TaskSnapshotCache: putSnapshot mRunningCache top= ActivityRecord{bf5c5d5 u0 com.gexup/.MainActivity t6298 f}}, mTaskId=6298, snapshot=TaskSnapshot{ mId=1773504932493 mCaptureTime=486004796437549 mTopActivityComponent=com.gexup/.MainActivity mSnapshot=android.hardware.HardwareBuffer@96a0071 (756x1680) mColorSpace=sRGB IEC61966-2.1 (id=0, model=RGB) mOrientation=1 mRotation=0 mTaskSize=Point(1080, 2400) mOplusCompatMode=false mTopActivityBounds=[0,110][1080,2333] mContentInsets=[0,110][0,67] mLetterboxInsets=[0,0][0,0] mIsLowResolution=false mIsRealSnapshot=true mWindowingMode=1 mAppearance=0 mIsTranslucent=true mHasImeSurface=false mInternalReferences=2 mUiMode=21, mAppIdMap size= 9
03-14 19:15:32.530  2185  4700 D OplusAppStartupConfigExt: ActivityChangedListener prePkg = com.gexup  nextPkg = com.android.launcher
03-14 19:15:32.532  2185  4700 I PowerHalWrapper: amsBoostNotify pid:3074,activity:com.android.launcher.Launcher, package:com.android.launcher, mProcessCreatePackcom.gexup 
03-14 19:15:32.532  2185  3317 D OplusAppSwitchListener: Detect com.gexup switch to background
03-14 19:15:32.532  2185  3317 D OplusFeatureReduceBrightness: onAppExit , info = com.gexup
03-14 19:15:32.538  2185  2705 I WindowManager: Window{97a996f u0 com.gexup/com.gexup.MainActivity} state from DRAW_PENDING to COMMIT_DRAW_PENDING; reason: finishDrawingLocked
03-14 19:15:32.533  2670  5366 V DCSEX-AppSwitchManager: OnAppSwitchObserver: onAppExit, resuming = com.android.launcher, target = com.gexup, is ResumingFirstStart =  false, is ResumingMultiApp =  false, extensionInfo =  Bundle[mParcelledData.dataSize=128]
03-14 19:15:32.539  2185  3317 D OplusEapManager: mTargetExitName :com.gexup
03-14 19:15:32.540  1280  1280 I MTK_APPList: [notifyAPPstate] pc:0, com.gexup => com.android.launcher
03-14 19:15:32.541  2185  2705 D OplusTransitionAnimationManager: skipFinishDrawingIfNeed clientRotation=0, currentRotation=0, hasFixedRotationApp=false, requestedOrientation=-1, win=Window{97a996f u0 com.gexup/com.gexup.MainActivity}, activity=ActivityRecord{bf5c5d5 u0 com.gexup/.MainActivity t6298 f}}, currentConfig={0.9 ??mcc??mnc [en_US] ldltr sw708dp w708dp h1458dp 244dpi lrg long port night finger -keyb/v/h -nav/h winConfig={ mBounds=Rect(0, 0 - 1080, 2400) mAppBounds=Rect(0, 110 - 1080, 2333) mMaxBounds=Rect(0, 0 - 1080, 2400) mDisplayRotation=ROTATION_0 mWindowingMode=fullscreen mActivityType=standard mAlwaysOnTop=undefined mRotation=ROTATION_0} s.2 fontWeightAdjustment=0mThemeChanged= 1, mThemeChangedFlags= fd400000011, mFlipFont= 0, mScenario= 0, mAccessibleChanged= -1, mUxIconConfig= 3468921665087356993, mMaterialColor= 0, mUserId= 0, mFontUserId= 0, mFontVariationSettings= 226, mFoldingAngle = -1.0, mIconPackName= , mDarkModeBackgroundMaxL= 0.0, mDarkModeDialogBgMaxL= 27.0, mDarkModeForegroundMinL= 100.0, mOplusConfigType= 1, mOplusChangedConfigs= 0, OpSans= -1, mBurmeseFontFlag= 2, mFlag= 0, mFlexibleActivitySuitable= -1, mPuttDisplayFlag= -1}
03-14 19:15:32.543  2670  2867 D DCSEX-AppLaunchEventRecorder: onAppSwitch from = com.gexup to = com.android.launcher
03-14 19:15:32.543  2185  2214 I WindowManager: Window{97a996f u0 com.gexup/com.gexup.MainActivity} state from COMMIT_DRAW_PENDING to READY_TO_SHOW; reason: commitFinishDrawingLocked
03-14 19:15:32.543  2185  2214 D ActivityTaskManager: Finish StartingWindow: ActivityRecord{bf5c5d5 u0 com.gexup/.MainActivity t6298 f}}first real window is shown
03-14 19:15:32.543  2185  2214 D ActivityTaskManager: removeStartingWindowAnimation starting ActivityRecord{bf5c5d5 u0 com.gexup/.MainActivity t6298 f}} startingWindow=null ,startingView=com.android.server.wm.StartingSurfaceController$StartingSurface@13fdb8b,Callers=com.android.server.wm.ActivityRecord.removeStartingWindow:3563 com.android.server.wm.ActivityRecord.onFirstWindowDrawn:8581 com.android.server.wm.WindowState.performShowLocked:5071 com.android.server.wm.WindowStateAnimator.commitFinishDrawingLocked:342 com.android.server.wm.DisplayContent.lambda$new$8:1141 
03-14 19:15:32.543  2185  2214 D OplusStartingWindowManager: interceptRemoveStartingWindow: packageName=com.gexup,  componentName=com.gexup/.MainActivity, isSnapshot=false, startingSurfaceRunnable=null, isDrawCompleted=true, hasSurfaceView=false, inTransition=true
03-14 19:15:32.543  2185  2214 D OplusStartingWindowManager: interceptRemoveStartingWindow: hasSplashWindowFlag() return false for activity=ActivityRecord{bf5c5d5 u0 com.gexup/.MainActivity t6298 f}}
03-14 19:15:32.545  2185  2214 D adaptiveSmoothAnim_Main: updateStartingWindowRemovalInfo, quickSurface=OplusAppQuickStartingSurface{mSurfaceControl=null, mActivityRecord=ActivityRecord{bf5c5d5 u0 com.gexup/.MainActivity t6298 f}}, mTask=Task{c73ebb7 #6298 type=standard A=10375:com.gexup}, mStartFromRecents=false, mStartFromSlide=false, mIsMovingToBack=true}, task=Task{c73ebb7 #6298 type=standard A=10375:com.gexup}
03-14 19:15:32.546  2185  2214 I Quality : LaunchTime2.0: com.gexup/.MainActivity 1 1030 com.android.launcher 196 277
03-14 19:15:32.546  5414 15146 W Battery : AppSwitchDetectorV2: OnAppSwitchObserver: onAppExit , info = OplusAppExitInfo = {  targetName = com.gexup hasResumingActivity = true resumingPackageName = com.android.launcher resumingActivityName = com.android.launcher.Launcher resumingWindowMode = 1 isResumingMultiApp = false isResumingFirstStart = false extension = Bundle[mParcelledData.dataSize=128]}
03-14 19:15:32.546  2185  2214 D QuickBackInputPolicy: setAppLaunchEndTime update timePair=Pair{ActivityRecord{bf5c5d5 u0 com.gexup/.MainActivity t6298 f}} 352377975}
03-14 19:15:32.546  2185  2214 I WindowManager: Window{97a996f u0 com.gexup/com.gexup.MainActivity} state from READY_TO_SHOW to HAS_DRAWN; reason: performShowLocked
03-14 19:15:32.549  2185  2800 I OsenseKillAction: KillAction: 0mb more anonRss to reclaim, 0mb more swapMb to reclaim, <skip> mem guard, cur avail=2005mb, bundle: Bundle[{appcareThreshold=0, prevPkgName=com.gexup, triggerMemory=2200, curUid=10202, curPkgName=com.android.launcher, qbmode=false, prevUid=10375, type=cached, level=1, scene=SCENE_LAUNCHER, requestId=2528, purposeMemory=2400}]
03-14 19:15:32.550  3128  3551 D OplusLinkBoostSceneManager: onAppExit:com.gexup
03-14 19:15:32.558  3128  3547 D ActivityAdapter: onCommonAppExit: OplusAppExitInfo = {  targetName = com.gexup hasResumingActivity = true resumingPackageName = com.android.launcher resumingActivityName = com.android.launcher.Launcher resumingWindowMode = 1 isResumingMultiApp = false isResumingFirstStart = false extension = Bundle[mParcelledData.dataSize=128]}
03-14 19:15:32.563  2185  2210 V WindowManager:         {WCT{RemoteToken{c74ce45 Task{c73ebb7 #6298 type=standard A=10375:com.gexup}}} m=CLOSE f=NONE leash=Surface(name=Task=6298)/@0xa3e9289 sb=Rect(0, 0 - 1080, 2400) eb=Rect(0, 0 - 1080, 2400) d=0 taskParent=-1},
03-14 19:15:32.576  3166  6163 I Athena  : AthenaDynamicReceiver: pre_app:com.gexup, next_app:com.android.launcher(10202|3074)
03-14 19:15:32.581  2185  2705 D VRR [OPlusRefreshRateService]:  setFrameRateTargetControl [ 0.0 , com.gexup , false , com.oplus.battery ]
03-14 19:15:32.581  2185  2705 D VRR [OPlusExternalRefreshRateManager]:  [FRTC] FrameRate : 0 com.gexup false com.oplus.battery 0 1000
03-14 19:15:32.582  1352  1596 I VRR [FRTC]: setFrameRateTarget with [0, com.gexup, 0, com.oplus.battery, 1, 0, 1000, 0]
03-14 19:15:32.599  2725  2937 D OplusScrollToTopManager: Splash Screen com.gexup,window dying
03-14 19:15:32.599  2725  2937 D OplusScrollToTopManager: Splash Screen com.gexup,unregisterSystemUIBroadcastReceiver 
03-14 19:15:32.600  2725  2937 D OplusScrollToTopManager: Splash Screen com.gexup, unregisterSystemUIBroadcastReceiver failed java.lang.IllegalArgumentException: Receiver not registered: android.view.OplusScrollToTopManager$2@6046fd3
03-14 19:15:32.607  2185  2210 I ActivityTaskManager: Displayed com.gexup/.MainActivity for user 0: +1s134ms
03-14 19:15:32.608  2185  4700 D CoreBackPreview: Window{f11cc99 u0 Splash Screen com.gexup}: Setting back callback null
03-14 19:15:32.609  2185  3298 I InputDispatcher: channel 'f11cc99 Splash Screen com.gexup (server)'~ abortBrokenDispatchCycleLocked - notify=false
03-14 19:15:32.609  2185  3298 W InputManager-JNI: Input channel object 'f11cc99 Splash Screen com.gexup (client)' was disposed without first being removed with the input manager!
03-14 19:15:32.610  2185  3298 D adaptiveSmoothAnim_Main: skip StartingWindow exit animation, win=Window{f11cc99 u0 Splash Screen com.gexup}
03-14 19:15:32.625  2185  2216 D SurfaceAnimationRunner: onAnimationStart:Surface(name=Surface(name=f11cc99 Splash Screen com.gexup)/@0xc96bbe9 - animation-leash of window_animation)/@0xd201cac
03-14 19:15:32.625  2185  2216 D SurfaceAnimationRunner: onAnimationEnd:Surface(name=Surface(name=f11cc99 Splash Screen com.gexup)/@0xc96bbe9 - animation-leash of window_animation)/@0xd201cac
03-14 19:15:32.645  2185  2214 I WindowStateExtImpl: onSurfaceShowChange show = false mPackageName = com.gexup parentPkgName = com.gexup
03-14 19:15:32.645  2185  2214 I WindowManager: Window{f11cc99 u0 Splash Screen com.gexup EXITING} state from HAS_DRAWN to NO_SURFACE; reason: destroySurface
03-14 19:15:32.659  1352  1352 I SurfaceFlinger: onHandleDestroyed: name=Splash Screen com.gexup#102780, layerId=102780, parentId=0
03-14 19:15:32.659  1352  1352 I SurfaceFlinger: onHandleDestroyed: name=Surface(name=f11cc99 Splash Screen com.gexup)/@0xc96bbe9 - animation-leash of window_animation#102800, layerId=102800, parentId=0
03-14 19:15:32.677  1352  1352 I BufferQueueDebug: [Splash Screen com.gexup#102780](this:0xb400007d423e19e0,id:-1,api:0,p:-1,c:1352) onDestructor()
03-14 19:15:32.677  1352  1352 I BufferQueueDebug: [Surface(name=f11cc99 Splash Screen com.gexup)/@0xc96bbe9 - animation-leash of window_animation#102800](this:0xb400007d5d6159e0,id:-1,api:0,p:-1,c:1352) onDestructor()
03-14 19:15:32.740  1352  1610 I SurfaceFlinger: [SF client] REMOVE (0xb400007d6c1fed80) for (17387:com.gexup)
03-14 19:15:32.741  2185  3297 I WindowManager: WIN DEATH: Window{97a996f u0 com.gexup/com.gexup.MainActivity}
03-14 19:15:32.742  2185  3297 I InputDispatcher: channel '97a996f com.gexup/com.gexup.MainActivity (server)'~ abortBrokenDispatchCycleLocked - notify=false
03-14 19:15:32.742  2185  3297 W InputManager-JNI: Input channel object '97a996f com.gexup/com.gexup.MainActivity (client)' was disposed without first being removed with the input manager!
03-14 19:15:32.743  2185  2455 D ConnectivityService: releasing NetworkRequest [ REQUEST id=46409, [ Capabilities: INTERNET&NOT_RESTRICTED&TRUSTED&NOT_VCN_MANAGED&NOT_BANDWIDTH_CONSTRAINED Uid: 10375 RequestorUid: 10375 RequestorPkg: com.gexup UnderlyingNetworks: Null] ] (release request)
03-14 19:15:32.746  2185  3299 I ActivityManager: Death received, pid = 17387, processName = com.gexup for thread android.os.BinderProxy@5b1f9c
03-14 19:15:32.763  2185  2928 I ActivityManager: Process com.gexup (pid 17387) has died: prcp TOP 
03-14 19:15:32.765  2185  2928 D OplusAppStartupConfigExt: RestartService prevent pkg com.gexup result = false
03-14 19:15:32.771  2725  2747 I PluginSeedling--Base: SeedlingPluginService-->onStateChange: Bundle[{pkgName=com.gexup, pid=17387, uid=10375, state=onProcessDied}]
03-14 19:15:32.771  2725  2747 D StateMonitor: isCapsuleProcessStateChanged. state:Bundle[{pkgName=com.gexup, pid=17387, uid=10375, state=onProcessDied}]
03-14 19:15:32.771  2725  2747 D PluginSeedling--Engine: NoUMSStatusBarDataManager-->removeCardForProcessDied: com.gexup
03-14 19:15:32.771  2185  2234 I UserAwareMgr: process killed: {pkgName='com.gexup', processName='com.gexup', pid=17387, uid=10375, flags='fg1', renderTid=17405, hwuiTids=[17439, 17440], glTids=null, threadInfos=null}
03-14 19:15:32.772  2185  2234 I UserAwareMgr: handleProcessKilled, pkgName: com.gexup, pid: 17387
03-14 19:15:32.772  2185  2928 I mtkpower_client: [PowerHal_Wrap_notifyAppState] com.gexup/com.gexup pid=17387 activityId:17387 state:3
03-14 19:15:32.772  3128  3543 I DispatcherPolicy: onBaseEvent EventId=22	INPUT_PROCESS_DIED	TimeStamp =1773504932772	Intent =null	Content =null	Pid =17387	PkgName =com.gexup
03-14 19:15:32.774  1339  2735 D AudioFlingerExtImpl: AudioFlingerExtImpl oplusSetParameters: keyvalue onForegroundActivitiesChanged=com.gexup:foreground:0
03-14 19:15:32.777  1280  1280 I vendor.mediatek.hardware.mtkpower_applist-service.mediatek: packName: com.gexup actName: com.gexup pid: 17387 activityId: 17387 uid: 10375 state: 3
03-14 19:15:32.777  1280  1280 I MTK_APPList: [notifyAPPstate] com.gexup/com.gexup, pid=17387, activityId=17387, uid=10375, state:DEAD, fps:-1, win:0
03-14 19:15:32.777  1280  1280 I MTK_APPList: [notifyAPPstate] pack:com.gexup, pid:17387, STATE_DEAD
03-14 19:15:32.782  2185  3234 I OplusHansManager : uid=10375, pkg=com.gexup R exit SM
03-14 19:15:32.782  2185  3234 I OplusHansManager : uid=10375, pkg=com.gexup R exit(), R stay=0
03-14 19:15:32.784  2185  2928 D ActivityTaskManager: removeAppToken: ActivityRecord{bf5c5d5 u0 com.gexup/.MainActivity t6298 f}} delayed=true parent=Task{c73ebb7 #6298 type=standard A=10375:com.gexup} animating=true Callers=com.android.server.wm.DisplayContent.removeAppToken:1734 com.android.server.wm.ActivityRecord.removeFromHistory:5062 com.android.server.wm.ActivityRecord.handleAppDied:5405 com.android.server.wm.WindowProcessController.handleAppDied:1622 
03-14 19:15:32.785  2185  3683 I OplusHansManager : onUidGone(), 10375 com.gexup exit SM
03-14 19:15:32.785  2185  3683 I OplusHansManager : onUidGone(),  keep: 10375 com.gexup alarm
03-14 19:15:32.800  2185  3008 D Transition: finishTransition ar ActivityRecord{bf5c5d5 u0 com.gexup/.MainActivity t6298 f} isExiting}, isVisibleRequested=false, state=DESTROYED, visibleAtTransitionEndTokens={ActivityRecord{42ce2f4 u0 com.android.launcher/.Launcher t5}, WallpaperWindowToken{cb8362f token=android.os.Binder@ac216b9 showWhenLocked=false}}, this=TransitionRecord{25ff26c id=5197 track=0 type=CLOSE flags=0x10 state=2}
03-14 19:15:32.800  2185  3008 D ActivityTaskManager: commitVisibility: ActivityRecord{bf5c5d5 u0 com.gexup/.MainActivity t6298 f} isExiting}: visible=false visibleRequested=false, isInTransition=false, runningAnimation=false 
03-14 19:15:32.800  2185  3008 D WindowManager: NFW_setClientVisible:ActivityRecord{bf5c5d5 u0 com.gexup/.MainActivity t6298 f} isExiting} clientVisible:false
03-14 19:15:32.802  2185  3008 W WindowManager: Exception thrown during dispatchAppVisibility Window{97a996f u0 com.gexup/com.gexup.MainActivity EXITING}
03-14 19:15:32.805  2185  3008 D OplusFlexibleWindowMinimizedManagerHelper: onTaskInfoChanged taskInfo:TaskInfo{userId=0 taskId=6298 displayId=0 isRunning=false baseIntent=Intent { act=android.intent.action.MAIN cat=[android.intent.category.LAUNCHER] flg=0x10200000 cmp=com.gexup/.MainActivity mCallingUid=10202 } baseActivity=null topActivity=null origActivity=null realActivity=ComponentInfo{com.gexup/com.gexup.MainActivity} numActivities=0 lastActiveTime=486004720 supportsSplitScreenMultiWindow=true supportsMultiWindow=true supportsPocketStudioMultiWindow=true isInFlexibleEmbedded = false uid = -1 pid = -1 resizeMode=1 isResizeable=true minWidth=-1 minHeight=-1 defaultMinSize=220 token=WCT{RemoteToken{c74ce45 Task{c73ebb7 #6298 type=standard A=10375:com.gexup}}} topActivityType=1 pictureInPictureParams=null shouldDockBigOverlays=false launchIntoPipHostTaskId=-1 lastParentTaskIdBeforePip=-1 displayCutoutSafeInsets=Rect(0, 110 - 0, 0) topActivityInfo=null launchCookies=[android.os.BinderProxy@67113dc] positionInParent=Point(0, 0) parentTaskId=-1 isFocused=false isVisible=false isVisibleRequested=false isSleeping=false locusId=null displayAreaFeatureId=1 isTopActivityTransparent=false appCompatTaskInfo=AppCompatTaskInfo { topActivityInSizeCompat=false topActivityInOplusCompatMode=false topActivityEligibleForLetterboxEducation= falseisLetterboxEducationEnabled= false isLetterboxDoubleTapEnabled= false topActivityEligibleForUserAspectRatioButton= false topActivityBoundsLetterboxed= false isFromLetterboxDoubleTap= false topActivityLetterboxVerticalPosition= -1 topActivityLetterboxHorizontalPosition= -1 topActivityLetterboxWidth=-1 topActivityLetterboxHeight=-1 isUserFullscreenOverrideEnabled=false isSystemFullscreenOverrideEnabled=false cameraCompatTaskInfo=CameraCompatTaskInfo { cameraCompatControlState=hidden freeformCameraCompatMode=inactive}} topActivityLetterboxInsets=Rect(0, 0 - 0, 0) mOplusExtraBundle = Bundle[{androidx.flexible.taskFrame=Rect(0, 0 - 0, 0), key_flexible_task_state=0, androidx.activity.LaunchScenario=0, androidx.activity.LaunchScale=1.0}]} task:Task{c73ebb7 #6298 type=standard A=10375:com.gexup}
03-14 19:15:32.806  2185  3008 D ActivityTaskManager: removeAppToken: ActivityRecord{bf5c5d5 u0 com.gexup/.MainActivity t6298 f}} delayed=false parent=Task{c73ebb7 #6298 type=standard A=10375:com.gexup} animating=false Callers=com.android.server.wm.ActivityRecord.removeImmediately:5420 com.android.server.wm.ActivityRecord.removeIfPossible:5435 com.android.server.wm.ActivityRecord.handleCompleteDeferredRemoval:5441 com.android.server.wm.WindowContainer.handleCompleteDeferredRemoval:1623 
03-14 19:15:32.809  1352  1352 I SurfaceFlinger: onHandleDestroyed: name=f11cc99 Splash Screen com.gexup#102779, layerId=102779, parentId=0
03-14 19:15:32.811  1352  1577 I SurfaceFlinger: onHandleDestroyed: name=1aa51ea ActivityRecordInputSink com.gexup/.MainActivity#102778, layerId=102778, parentId=0
03-14 19:15:32.811  2185  3008 I WindowManager: Window{97a996f u0 com.gexup/com.gexup.MainActivity EXITING} state from HAS_DRAWN to NO_SURFACE; reason: destroySurface
03-14 19:15:32.817  2185  3008 I OplusScreenSecurityMask: onStackRemoved task = Task{c73ebb7 #6298 type=standard A=10375:com.gexup} record = null displayId = 0
03-14 19:15:32.818  2185  3008 D OplusAlwaysAliveManager: removing: 6298, ComponentInfo{com.gexup/com.gexup.MainActivity}
03-14 19:15:32.825  1352  1352 I BufferQueueDebug: [f11cc99 Splash Screen com.gexup#102779](this:0xb400007d567de9e0,id:-1,api:0,p:-1,c:1352) onDestructor()
03-14 19:15:32.828  2185  2214 D OplusFlexibleWindowMinimizedManagerHelper: onTaskVanished taskInfo:6298 task:Task{c73ebb7 #6298 type=standard A=10375:com.gexup}
03-14 19:15:32.828  2185  2214 D FlexibleTaskController: no need releaseFlexibleCaptionView or destroyFlexibleDragLeash when non-caption-view-task vanished, task=Task{c73ebb7 #6298 type=standard A=10375:com.gexup}
03-14 19:15:32.829  2185  2214 D OplusFlexibleWindowMinimizedManagerHelper: onTaskVanished taskInfo:6298 task:Task{c73ebb7 #6298 type=standard A=10375:com.gexup}
03-14 19:15:32.829  2185  2214 D FlexibleTaskController: no need releaseFlexibleCaptionView or destroyFlexibleDragLeash when non-caption-view-task vanished, task=Task{c73ebb7 #6298 type=standard A=10375:com.gexup}
03-14 19:15:32.844  1352  1352 I SurfaceFlinger: onHandleDestroyed: name=ActivityRecord{bf5c5d5 u0 com.gexup/.MainActivity t6298}#102771, layerId=102771, parentId=0
03-14 19:15:32.844  1352  1352 I SurfaceFlinger: onHandleDestroyed: name=97a996f com.gexup/com.gexup.MainActivity#102786, layerId=102786, parentId=0
03-14 19:15:32.844  1352  1352 I SurfaceFlinger: onHandleDestroyed: name=com.gexup/com.gexup.MainActivity#102787, layerId=102787, parentId=0
03-14 19:15:32.858  1352  1352 I BufferQueueDebug: [1aa51ea ActivityRecordInputSink com.gexup/.MainActivity#102778](this:0xb400007d5d92d9e0,id:-1,api:0,p:-1,c:1352) onDestructor()
03-14 19:15:32.858  1352  1352 I BufferQueueDebug: [97a996f com.gexup/com.gexup.MainActivity#102786](this:0xb400007d5d90d9e0,id:-1,api:0,p:-1,c:1352) onDestructor()
03-14 19:15:32.859  1352  1352 I BufferQueueDebug: [com.gexup/com.gexup.MainActivity#102787](this:0xb400007d5d9279e0,id:-1,api:0,p:-1,c:1352) onDestructor()
03-14 19:15:32.859  1352  1352 I BufferQueueDebug: [ActivityRecord{bf5c5d5 u0 com.gexup/.MainActivity t6298}#102771](this:0xb400007d6c0799e0,id:-1,api:0,p:-1,c:1352) onDestructor()
03-14 19:15:32.859  2185  3008 D ActivityTaskManager: pre-Filtered:com.gexup # com.facebook.katana # com.whatsapp.w4b # com.truecaller # com.android.stk # com.oppo.quicksearchbox # eu.livesport.FlashScore_com # com.ea.gp.fifamobile # com.activision.callofduty.shooter # 
03-14 19:15:35.240 31323 31323 D ActivityThread: Package [com.gexup] reported as REPLACED, but missing application info. Assuming REMOVED.
03-14 19:15:35.252 31323 31323 D ActivityThread: Package [com.gexup] reported as REPLACED, but missing application info. Assuming REMOVED.
03-14 19:15:37.550  5414  5959 D AppSwitchObserverHelper: packageName: com.gexup,com.gexup
03-14 19:15:37.641 16980 16986 W os.phonemanager: ApkAssets: Deleting an ApkAssets object '<empty> and /data/app/~~U-6ZcO5PNGf6Xn43B7VWig==/com.gexup-wR-uSDUGYz_lZqt-HIW0QA==/base.apk' with 1 weak references
03-14 19:15:44.285 11314 11314 D ActivityThread: Package [com.gexup] reported as REPLACED, but missing application info. Assuming REMOVED.
03-14 19:15:44.345 11314 11314 D ActivityThread: Package [com.gexup] reported as REPLACED, but missing application info. Assuming REMOVED.
