03-14 15:21:10.570  4030  4030 E AndroidRuntime: Process: com.gexup, PID: 4030
03-14 15:21:27.456  4204  4204 E AndroidRuntime: Process: com.gexup, PID: 4204
03-14 15:43:40.925  4350  4350 E AndroidRuntime: Process: com.gexup, PID: 4350
03-14 15:45:25.192  9478  9478 E AndroidRuntime: Process: com.gexup, PID: 9478
03-14 16:56:01.709  9851  9851 E AndroidRuntime: Process: com.gexup, PID: 9851
03-14 16:56:15.164 10634 10634 E AndroidRuntime: Process: com.gexup, PID: 10634
03-14 18:56:20.160  8376  8511 E AndroidRuntime: Process: com.gexup, PID: 8376
03-14 18:56:22.991  8706  8747 E AndroidRuntime: Process: com.gexup, PID: 8706
03-14 18:56:29.038  8826  8870 E AndroidRuntime: Process: com.gexup, PID: 8826
03-14 18:56:45.325  8922  8961 E AndroidRuntime: Process: com.gexup, PID: 8922
03-14 18:56:47.414  8992  9030 E AndroidRuntime: Process: com.gexup, PID: 8992
03-14 18:56:49.549  9060  9103 E AndroidRuntime: Process: com.gexup, PID: 9060
03-14 18:56:51.751  9130  9165 E AndroidRuntime: Process: com.gexup, PID: 9130
03-14 18:58:53.755  9520  9561 E AndroidRuntime: Process: com.gexup, PID: 9520
03-14 18:59:09.608  9625  9664 E AndroidRuntime: Process: com.gexup, PID: 9625
03-14 18:59:34.122  9787  9829 E AndroidRuntime: Process: com.gexup, PID: 9787
03-14 19:01:06.038  9986 10026 E AndroidRuntime: Process: com.gexup, PID: 9986
03-14 19:01:18.592 10077 10115 E AndroidRuntime: Process: com.gexup, PID: 10077
03-14 19:01:22.720 10160 10194 E AndroidRuntime: Process: com.gexup, PID: 10160
03-14 19:01:54.252 10380 10419 E AndroidRuntime: Process: com.gexup, PID: 10380
03-14 19:01:56.930 10447 10487 E AndroidRuntime: Process: com.gexup, PID: 10447
03-14 19:02:01.977 10511 10547 E AndroidRuntime: Process: com.gexup, PID: 10511
03-14 19:06:37.441 23853 23853 D ActivityThread: Package [com.gexup] reported as REPLACED, but missing application info. Assuming REMOVED.
03-14 19:06:37.443 23853 23853 D ActivityThread: Package [com.gexup] reported as REPLACED, but missing application info. Assuming REMOVED.
03-14 19:14:43.035  2185  3299 D ActivityTaskManager: pre-Filtered:com.zhiliaoapp.musically # com.whatsapp.w4b # com.gexup # com.facebook.katana # com.truecaller # com.android.stk # com.oppo.quicksearchbox # eu.livesport.FlashScore_com # com.ea.gp.fifamobile # com.activision.callofduty.shooter # 
03-14 19:14:43.514  2185  3299 D ActivityTaskManager: pre-Filtered:com.zhiliaoapp.musically # com.whatsapp.w4b # com.gexup # com.facebook.katana # com.truecaller # com.android.stk # com.oppo.quicksearchbox # eu.livesport.FlashScore_com # com.ea.gp.fifamobile # com.activision.callofduty.shooter # 
03-14 19:14:44.700  2185  3360 D ActivityTaskManager: pre-Filtered:com.zhiliaoapp.musically # com.whatsapp.w4b # com.gexup # com.facebook.katana # com.truecaller # com.android.stk # com.oppo.quicksearchbox # eu.livesport.FlashScore_com # com.ea.gp.fifamobile # com.activision.callofduty.shooter # 
03-14 19:14:44.762  2185  3360 D ActivityTaskManager: pre-Filtered:com.zhiliaoapp.musically # com.whatsapp.w4b # com.gexup # com.facebook.katana # com.truecaller # com.android.stk # com.oppo.quicksearchbox # eu.livesport.FlashScore_com # com.ea.gp.fifamobile # com.activision.callofduty.shooter # 
03-14 19:14:44.895  2185  2705 D ActivityTaskManager: pre-Filtered:com.whatsapp.w4b # com.gexup # com.facebook.katana # com.truecaller # com.android.stk # com.oppo.quicksearchbox # eu.livesport.FlashScore_com # com.ea.gp.fifamobile # com.activision.callofduty.shooter # 
03-14 19:14:46.249  2185  2803 D ActivityTaskManager: pre-Filtered:com.facebook.katana # com.whatsapp.w4b # com.gexup # com.truecaller # com.android.stk # com.oppo.quicksearchbox # eu.livesport.FlashScore_com # com.ea.gp.fifamobile # com.activision.callofduty.shooter # 
03-14 19:14:46.836  2185  4811 D ActivityTaskManager: pre-Filtered:com.facebook.katana # com.whatsapp.w4b # com.gexup # com.truecaller # com.android.stk # com.oppo.quicksearchbox # eu.livesport.FlashScore_com # com.ea.gp.fifamobile # com.activision.callofduty.shooter # 
03-14 19:15:21.679  2185  2396 D ParsingPackageUtilsExtImpl: adjustXmlValidator skip verify tag packageName: com.gexup , bootCompleted: true
03-14 19:15:21.843 23915 16927 D ParsingPackageUtilsExtImpl: adjustXmlValidator skip verify tag packageName: com.gexup , bootCompleted: true
03-14 19:15:22.920  2185  2320 D OplusPackageInstallInterceptManager: installStage send adb install pkg:com.gexup   path: /data/app/vmdl2113557865.tmp/base.apk installFlags:4194418
03-14 19:15:22.923  2185  2320 D PackageManager: installStage com.gexup, dir=/data/app/vmdl2113557865.tmp, installerPackageName=null, installerUid=2000, full=false
03-14 19:15:22.927  2185  2320 D PackageManager: installStage com.gexup0
03-14 19:15:22.947  2185  2278 D ParsingPackageUtilsExtImpl: adjustXmlValidator skip verify tag packageName: com.gexup , bootCompleted: true
03-14 19:15:22.965  2185  2237 I ActivityManager: Force stopping com.gexup appid=10375 user=-1: installPackageLI
03-14 19:15:22.971  2185  2278 I PackageManager: Update package com.gexup code path from /data/app/~~eRSW2UAegL57wMGb_ZJzhA==/com.gexup-QnuYA92GqCnuFAUvucERCg== to /data/app/~~U-6ZcO5PNGf6Xn43B7VWig==/com.gexup-wR-uSDUGYz_lZqt-HIW0QA==; Retain data and using new
03-14 19:15:22.973  2185  2278 I AppsFilter: interaction: PackageSetting{db0cef1 com.android.microdroid.empty_payload/10345} -> PackageSetting{c143d83 com.gexup/10375} BLOCKED
03-14 19:15:22.973  2185  2278 I AppsFilter: interaction: PackageSetting{5aed1ac com.eduai/10063} -> PackageSetting{c143d83 com.gexup/10375} BLOCKED
03-14 19:15:22.973  2185  2278 I AppsFilter: interaction: PackageSetting{e6df90f com.oplus.locationproxy/10179} -> PackageSetting{c143d83 com.gexup/10375} BLOCKED
03-14 19:15:22.974  2185  2278 I AppsFilter: interaction: PackageSetting{4fe59be com.android.certinstaller/10209} -> PackageSetting{c143d83 com.gexup/10375} BLOCKED
03-14 19:15:22.974  2185  2278 I AppsFilter: interaction: PackageSetting{a8497b com.timmy.alarm.timmyalarmpro/10422} -> PackageSetting{c143d83 com.gexup/10375} BLOCKED
03-14 19:15:22.974  2185  2278 I AppsFilter: interaction: PackageSetting{1b27efe com.oplus.location/10216} -> PackageSetting{c143d83 com.gexup/10375} BLOCKED
03-14 19:15:22.975  2185  2278 I AppsFilter: interaction: PackageSetting{db0cef1 com.android.microdroid.empty_payload/10345} -> PackageSetting{391d0dd com.gexup/10375} BLOCKED
03-14 19:15:22.975  2185  2278 I AppsFilter: interaction: PackageSetting{5aed1ac com.eduai/10063} -> PackageSetting{391d0dd com.gexup/10375} BLOCKED
03-14 19:15:22.976  2185  2278 I AppsFilter: interaction: PackageSetting{e6df90f com.oplus.locationproxy/10179} -> PackageSetting{391d0dd com.gexup/10375} BLOCKED
03-14 19:15:22.976  2185  2278 I AppsFilter: interaction: PackageSetting{4fe59be com.android.certinstaller/10209} -> PackageSetting{391d0dd com.gexup/10375} BLOCKED
03-14 19:15:22.976  2185  2278 I AppsFilter: interaction: PackageSetting{a8497b com.timmy.alarm.timmyalarmpro/10422} -> PackageSetting{391d0dd com.gexup/10375} BLOCKED
03-14 19:15:22.976  2185  2278 I AppsFilter: interaction: PackageSetting{1b27efe com.oplus.location/10216} -> PackageSetting{391d0dd com.gexup/10375} BLOCKED
03-14 19:15:23.497  2185  2278 D OplusPackageAbiHelper: notifyPackageAddOrChange :com.gexup primaryabi = arm64-v8a secondabi = null
03-14 19:15:23.569  2185  2278 D OplusDexSceneManager:  High temp 408 with highTemperatureThreshold 380 pkg:com.gexup reason: install
03-14 19:15:23.569  2185  2278 D OplusDexSceneManager: High temp for : com.gexup install
03-14 19:15:23.576  2185  2278 W OplusSingleDexoptContainerImpl: oplus checkAndSetBeforeStart success: packageName= com.gexup priority= 60 compilerFilter= speed-profile
03-14 19:15:25.567  2185  3568 D ActivityTaskManager: pre-Filtered:com.facebook.katana # com.whatsapp.w4b # com.gexup # com.truecaller # com.android.stk # com.oppo.quicksearchbox # eu.livesport.FlashScore_com # com.ea.gp.fifamobile # com.activision.callofduty.shooter # 
03-14 19:15:25.928  2185  2278 I ArtService: Dexopt result: [packageName = com.gexup] DexContainerFileDexoptResult{dexContainerFile=/data/app/~~U-6ZcO5PNGf6Xn43B7VWig==/com.gexup-wR-uSDUGYz_lZqt-HIW0QA==/base.apk, primaryAbi=true, abi=arm64-v8a, actualCompilerFilter=verify, status=PERFORMED, dex2oatWallTimeMillis=1799, dex2oatCpuTimeMillis=2540, sizeBytes=15294772, sizeBeforeBytes=0, extendedStatusFlags=[]}
03-14 19:15:25.935  2185  2278 D OplusDexoptStatisticHelper: dexopt notify to athena: com.gexup
03-14 19:15:25.973  2185  2278 W OplusDexoptStatisticHelper: recordDex2oatInfo: time:1773504925973,pid:0,alt:1799,cpt:2540,rea:install,flt:verify,rlt:20,path:/data/app/~~U-6ZcO5PNGf6Xn43B7VWig==/com.gexup-wR-uSDUGYz_lZqt-HIW0QA==/base.apk
03-14 19:15:25.998  2185  2278 D OidtPackageManagerHelper: PackageName = com.gexup, installerPackageName = pc
03-14 19:15:26.016  2185  2278 I AppsFilter: interaction: PackageSetting{6993272 com.android.microdroid.empty_payload/10345} -> PackageSetting{95abd85 com.gexup/10375} BLOCKED
03-14 19:15:26.016  2185  2278 I AppsFilter: interaction: PackageSetting{12e5b40 com.eduai/10063} -> PackageSetting{95abd85 com.gexup/10375} BLOCKED
03-14 19:15:26.017  2185  2278 I AppsFilter: interaction: PackageSetting{40a8a79 com.oplus.locationproxy/10179} -> PackageSetting{95abd85 com.gexup/10375} BLOCKED
03-14 19:15:26.017  2185  2278 I AppsFilter: interaction: PackageSetting{14403be com.android.certinstaller/10209} -> PackageSetting{95abd85 com.gexup/10375} BLOCKED
03-14 19:15:26.017  2185  2278 I AppsFilter: interaction: PackageSetting{60dac1f com.timmy.alarm.timmyalarmpro/10422} -> PackageSetting{95abd85 com.gexup/10375} BLOCKED
03-14 19:15:26.017  2185  2278 I AppsFilter: interaction: PackageSetting{d3deb6c com.oplus.location/10216} -> PackageSetting{95abd85 com.gexup/10375} BLOCKED
03-14 19:15:26.045  2185  2278 D UserUninstallRecorder: not care com.gexup installed.
03-14 19:15:26.062  2185  2278 I ActivityManager: Force stopping com.gexup appid=10375 user=0: pkg removed
03-14 19:15:26.170  2185  2230 V AutofillManagerService: onPackageUpdateStarted(): com.gexup
03-14 19:15:26.241  4020  4020 D OplusAtlasService_ListHelper: ACTION_PACKAGE_REMOVED packageName:com.gexup, uid:10375
03-14 19:15:26.241  4020  4284 D OplusAtlas.OplusMessageHandler: handleMessage: Msg { when=-1ms what=3 obj=com.gexup target=com.oplus.atlas.OplusMessageHandler$MyHandler }
03-14 19:15:26.246  5414  6160 W Battery : AppInfoManager: affairType:1102 replace:truepkg:com.gexup
03-14 19:15:26.265  4020  4284 D OplusAtlasService_ListHelper: removeUidMap uid:10375 packageName:com.gexup
03-14 19:15:26.275  2185  2557 D OplusLBSMainClass: update: com.gexup
03-14 19:15:26.280  2185  2230 V AutofillManagerService: onPackageUpdateFinished(): com.gexup
03-14 19:15:26.281  2185  2230 V AutofillManagerService: onPackageModified(): com.gexup
03-14 19:15:26.286  1659  7408 D MMListService: removeUidPackageMap uid:10375 packageName com.gexup mapSize 392
03-14 19:15:26.288  2185  2501 D ShortcutService: replacing package: com.gexup userId0
03-14 19:15:26.288  2185  2501 D ShortcutService: handlePackageUpdateFinished: com.gexup user=0
03-14 19:15:26.288  2185  2501 D ShortcutService: rescanPackageIfNeeded 0@com.gexup, forceRescan=true , isNewApp=true
03-14 19:15:26.296  5414  6160 W System.err: android.content.pm.PackageManager$NameNotFoundException: package:com.gexup
03-14 19:15:26.315  2185  2501 D ShortcutService: Package com.gexup has 0 manifest shortcut(s), and 0 share target(s)
03-14 19:15:26.323  2185  2410 W PackageConfigPersister: App-specific configuration not found for packageName: com.gexup and userId: 0
03-14 19:15:26.333  2185  2516 I SdkSandboxManager: No SDKs used. Skipping SDK data reconcilation for CallingInfo{mUid=10375, mPackageName='com.gexup, mAppProcessToken='null'}
03-14 19:15:26.342  4020  4284 D OplusAtlas.OplusMessageHandler: handleMessage: Msg { when=-2ms what=2 obj=com.gexup target=com.oplus.atlas.OplusMessageHandler$MyHandler }
03-14 19:15:26.347  1339  2735 D AudioFlingerExtImpl: AudioFlingerExtImpl oplusSetParameters: keyvalue add_uidmap=10375:com.gexup
03-14 19:15:26.347  1659  7408 D MMListService: addUidPackageMap uid:10375 packageName com.gexup mapSize 392
03-14 19:15:26.348  1339  2735 D DeviceHalAidl: setParameters: parameters: "add_uidmap=10375:com.gexup"
03-14 19:15:26.349  1253  1253 D AudioALSAHardware: +setParameters(): add_uidmap=10375:com.gexup
03-14 19:15:26.350  1253  1253 D AudioALSAHardware: -setParameters(): add_uidmap=10375:com.gexup
03-14 19:15:26.351  1339  2735 D DeviceHalAidl: setParameters: parameters: "add_uidmap=10375:com.gexup"
03-14 19:15:26.352  1339  2735 D DeviceHalAidl: setParameters: parameters: "add_uidmap=10375:com.gexup"
03-14 19:15:26.355  3102  3102 D CarrierSvcBindHelper: onPackageUpdateFinished: com.gexup
03-14 19:15:26.356  3102  3102 D CarrierSvcBindHelper: onPackageModified: com.gexup
03-14 19:15:26.358  1339  2735 D DeviceHalAidl: setParameters: parameters: "add_uidmap=10375:com.gexup"
03-14 19:15:26.358  2185  2185 D DeviceIdleHelper: pacakge removed: name=com.gexup not in PowerSaveWhitelist
03-14 19:15:26.358  2185  2185 D MultiApp-DataService: handlePackageChange: android.intent.action.PACKAGE_REMOVED for: com.gexup
03-14 19:15:26.381  3102  3856 D ImsResolver: maybeAddedImsService, packageName: com.gexup
03-14 19:15:26.394  2185  2278 E OplusAppQuickStart_OplusAppQuickStart: success to delete file: com.gexup_0_33.webp
03-14 19:15:26.395  5414  6580 W Battery : AppInfoManager: affairType:1101 replace:truepkg:com.gexup
03-14 19:15:26.399  3074  3074 D ActivityThread: Package [com.gexup] reported as REPLACED, but missing application info. Assuming REMOVED.
03-14 19:15:26.402 28744 28744 D ActivityThread: Package [com.gexup] reported as REPLACED, but missing application info. Assuming REMOVED.
03-14 19:15:26.403 30455 30455 D ActivityThread: Package [com.gexup] reported as REPLACED, but missing application info. Assuming REMOVED.
03-14 19:15:26.408 28500 28500 D ActivityThread: Package [com.gexup] reported as REPLACED, but missing application info. Assuming REMOVED.
03-14 19:15:26.409  6116  6116 D ActivityThread: Package [com.gexup] reported as REPLACED, but missing application info. Assuming REMOVED.
03-14 19:15:26.411 21807 21807 D ActivityThread: Package [com.gexup] reported as REPLACED, but missing application info. Assuming REMOVED.
03-14 19:15:26.417 23915 23915 D ActivityThread: Package [com.gexup] reported as REPLACED, but missing application info. Assuming REMOVED.
03-14 19:15:26.433 13915 13915 D ActivityThread: Package [com.gexup] reported as REPLACED, but missing application info. Assuming REMOVED.
03-14 19:15:26.433 22851 22851 D ActivityThread: Package [com.gexup] reported as REPLACED, but missing application info. Assuming REMOVED.
03-14 19:15:26.434 32316 32316 D ActivityThread: Package [com.gexup] reported as REPLACED, but missing application info. Assuming REMOVED.
03-14 19:15:26.436 11852 11852 D ActivityThread: Package [com.gexup] reported as REPLACED, but missing application info. Assuming REMOVED.
03-14 19:15:26.436 26135 26135 D ActivityThread: Package [com.gexup] reported as REPLACED, but missing application info. Assuming REMOVED.
03-14 19:15:26.440 26270 26270 D ActivityThread: Package [com.gexup] reported as REPLACED, but missing application info. Assuming REMOVED.
03-14 19:15:26.441 32453 32453 D ActivityThread: Package [com.gexup] reported as REPLACED, but missing application info. Assuming REMOVED.
03-14 19:15:26.442 11074 11074 D ActivityThread: Package [com.gexup] reported as REPLACED, but missing application info. Assuming REMOVED.
03-14 19:15:26.444 11162 11162 D ActivityThread: Package [com.gexup] reported as REPLACED, but missing application info. Assuming REMOVED.
03-14 19:15:26.445  3074  3084 W ndroid.launcher: ApkAssets: Deleting an ApkAssets object '<empty> and /data/app/~~eRSW2UAegL57wMGb_ZJzhA==/com.gexup-QnuYA92GqCnuFAUvucERCg==/base.apk' with 1 weak references
03-14 19:15:26.449 13495 13495 D ActivityThread: Package [com.gexup] reported as REPLACED, but missing application info. Assuming REMOVED.
03-14 19:15:26.449  5414  5414 D ActivityThread: Package [com.gexup] reported as REPLACED, but missing application info. Assuming REMOVED.
03-14 19:15:26.450  9760  9760 D ActivityThread: Package [com.gexup] reported as REPLACED, but missing application info. Assuming REMOVED.
03-14 19:15:26.454 23322 23322 D ActivityThread: Package [com.gexup] reported as REPLACED, but missing application info. Assuming REMOVED.
03-14 19:15:26.456 10305 10305 D ActivityThread: Package [com.gexup] reported as REPLACED, but missing application info. Assuming REMOVED.
03-14 19:15:26.457  7790  7790 D ActivityThread: Package [com.gexup] reported as REPLACED, but missing application info. Assuming REMOVED.
03-14 19:15:26.458 14128 14128 D ActivityThread: Package [com.gexup] reported as REPLACED, but missing application info. Assuming REMOVED.
03-14 19:15:26.458  4918  4918 D ActivityThread: Package [com.gexup] reported as REPLACED, but missing application info. Assuming REMOVED.
03-14 19:15:26.459 10216 10216 D ActivityThread: Package [com.gexup] reported as REPLACED, but missing application info. Assuming REMOVED.
03-14 19:15:26.460 11123 11123 D ActivityThread: Package [com.gexup] reported as REPLACED, but missing application info. Assuming REMOVED.
03-14 19:15:26.462 13657 13657 D ActivityThread: Package [com.gexup] reported as REPLACED, but missing application info. Assuming REMOVED.
03-14 19:15:26.463 22112 22112 D ActivityThread: Package [com.gexup] reported as REPLACED, but missing application info. Assuming REMOVED.
03-14 19:15:26.466 26328 26328 D ActivityThread: Package [com.gexup] reported as REPLACED, but missing application info. Assuming REMOVED.
03-14 19:15:26.469 31750 31750 D ActivityThread: Package [com.gexup] reported as REPLACED, but missing application info. Assuming REMOVED.
03-14 19:15:26.469 27908 27908 D ActivityThread: Package [com.gexup] reported as REPLACED, but missing application info. Assuming REMOVED.
03-14 19:15:26.471 31709 31709 D ActivityThread: Package [com.gexup] reported as REPLACED, but missing application info. Assuming REMOVED.
03-14 19:15:26.471  6431  6431 D ActivityThread: Package [com.gexup] reported as REPLACED, but missing application info. Assuming REMOVED.
03-14 19:15:26.471  4422  4422 D ActivityThread: Package [com.gexup] reported as REPLACED, but missing application info. Assuming REMOVED.
03-14 19:15:26.472  8548  8548 D ActivityThread: Package [com.gexup] reported as REPLACED, but missing application info. Assuming REMOVED.
03-14 19:15:26.475 14336 14336 D ActivityThread: Package [com.gexup] reported as REPLACED, but missing application info. Assuming REMOVED.
03-14 19:15:26.479 29784 29784 D ActivityThread: Package [com.gexup] reported as REPLACED, but missing application info. Assuming REMOVED.
03-14 19:15:26.479 15389 15389 D ActivityThread: Package [com.gexup] reported as REPLACED, but missing application info. Assuming REMOVED.
03-14 19:15:26.481 20285 20285 D ActivityThread: Package [com.gexup] reported as REPLACED, but missing application info. Assuming REMOVED.
03-14 19:15:26.481  5017  5017 D ActivityThread: Package [com.gexup] reported as REPLACED, but missing application info. Assuming REMOVED.
03-14 19:15:26.482 20978 20978 D ActivityThread: Package [com.gexup] reported as REPLACED, but missing application info. Assuming REMOVED.
03-14 19:15:26.483  3429  3429 D ActivityThread: Package [com.gexup] reported as REPLACED, but missing application info. Assuming REMOVED.
03-14 19:15:26.483 30751 30751 D ActivityThread: Package [com.gexup] reported as REPLACED, but missing application info. Assuming REMOVED.
03-14 19:15:26.484 24165 24165 D ActivityThread: Package [com.gexup] reported as REPLACED, but missing application info. Assuming REMOVED.
03-14 19:15:26.487 13586 13586 D ActivityThread: Package [com.gexup] reported as REPLACED, but missing application info. Assuming REMOVED.
03-14 19:15:26.485 17892 17892 D ActivityThread: Package [com.gexup] reported as REPLACED, but missing application info. Assuming REMOVED.
03-14 19:15:26.486  3128  3128 D ActivityThread: Package [com.gexup] reported as REPLACED, but missing application info. Assuming REMOVED.
03-14 19:15:26.488 27637 27637 D ActivityThread: Package [com.gexup] reported as REPLACED, but missing application info. Assuming REMOVED.
03-14 19:15:26.488   822   822 D ActivityThread: Package [com.gexup] reported as REPLACED, but missing application info. Assuming REMOVED.
03-14 19:15:26.488  2725  2725 D ActivityThread: Package [com.gexup] reported as REPLACED, but missing application info. Assuming REMOVED.
03-14 19:15:26.490  9602  9602 D ActivityThread: Package [com.gexup] reported as REPLACED, but missing application info. Assuming REMOVED.
03-14 19:15:26.492  3184  3184 D ActivityThread: Package [com.gexup] reported as REPLACED, but missing application info. Assuming REMOVED.
03-14 19:15:26.495 25107 25107 D ActivityThread: Package [com.gexup] reported as REPLACED, but missing application info. Assuming REMOVED.
03-14 19:15:26.483  4590  4590 D ActivityThread: Package [com.gexup] reported as REPLACED, but missing application info. Assuming REMOVED.
03-14 19:15:26.497 22833 22833 D ActivityThread: Package [com.gexup] reported as REPLACED, but missing application info. Assuming REMOVED.
03-14 19:15:26.498  3018  3018 D ActivityThread: Package [com.gexup] reported as REPLACED, but missing application info. Assuming REMOVED.
03-14 19:15:26.499  2670  2670 D ActivityThread: Package [com.gexup] reported as REPLACED, but missing application info. Assuming REMOVED.
03-14 19:15:26.499 22774 22774 D ActivityThread: Package [com.gexup] reported as REPLACED, but missing application info. Assuming REMOVED.
03-14 19:15:26.503 16707 16707 D ActivityThread: Package [com.gexup] reported as REPLACED, but missing application info. Assuming REMOVED.
03-14 19:15:26.505  3119  3119 D ActivityThread: Package [com.gexup] reported as REPLACED, but missing application info. Assuming REMOVED.
03-14 19:15:26.505  3074  3074 D ActivityThread: Package [com.gexup] reported as REPLACED, but missing application info. Assuming REMOVED.
03-14 19:15:26.506 30879 30879 D ActivityThread: Package [com.gexup] reported as REPLACED, but missing application info. Assuming REMOVED.
03-14 19:15:26.508  5253  5253 D ActivityThread: Package [com.gexup] reported as REPLACED, but missing application info. Assuming REMOVED.
03-14 19:15:26.509 21981 21981 D ActivityThread: Package [com.gexup] reported as REPLACED, but missing application info. Assuming REMOVED.
03-14 19:15:26.510 29153 29153 D ActivityThread: Package [com.gexup] reported as REPLACED, but missing application info. Assuming REMOVED.
03-14 19:15:26.510  6116  6116 D ActivityThread: Package [com.gexup] reported as REPLACED, but missing application info. Assuming REMOVED.
03-14 19:15:26.511 30455 30455 D ActivityThread: Package [com.gexup] reported as REPLACED, but missing application info. Assuming REMOVED.
03-14 19:15:26.512 28500 28500 D ActivityThread: Package [com.gexup] reported as REPLACED, but missing application info. Assuming REMOVED.
03-14 19:15:26.514 28744 28744 D ActivityThread: Package [com.gexup] reported as REPLACED, but missing application info. Assuming REMOVED.
03-14 19:15:26.514 21836 21836 D ActivityThread: Package [com.gexup] reported as REPLACED, but missing application info. Assuming REMOVED.
03-14 19:15:26.515 21807 21807 D ActivityThread: Package [com.gexup] reported as REPLACED, but missing application info. Assuming REMOVED.
03-14 19:15:26.517 11852 11852 D ActivityThread: Package [com.gexup] reported as REPLACED, but missing application info. Assuming REMOVED.
03-14 19:15:26.516  4020  4020 D ActivityThread: Package [com.gexup] reported as REPLACED, but missing application info. Assuming REMOVED.
03-14 19:15:26.525 23915 23915 D ActivityThread: Package [com.gexup] reported as REPLACED, but missing application info. Assuming REMOVED.
03-14 19:15:26.525  4194  4194 D ActivityThread: Package [com.gexup] reported as REPLACED, but missing application info. Assuming REMOVED.
03-14 19:15:26.526  3148  3148 D ActivityThread: Package [com.gexup] reported as REPLACED, but missing application info. Assuming REMOVED.
03-14 19:15:26.532   822   822 D ActivityThread: Package [com.gexup] reported as REPLACED, but missing application info. Assuming REMOVED.
03-14 19:15:26.533 23629 23629 D ActivityThread: Package [com.gexup] reported as REPLACED, but missing application info. Assuming REMOVED.
03-14 19:15:26.537  3166  3166 D ActivityThread: Package [com.gexup] reported as REPLACED, but missing application info. Assuming REMOVED.
03-14 19:15:26.542  3141  3141 D ActivityThread: Package [com.gexup] reported as REPLACED, but missing application info. Assuming REMOVED.
03-14 19:15:26.543  3363  3363 D ActivityThread: Package [com.gexup] reported as REPLACED, but missing application info. Assuming REMOVED.
03-14 19:15:26.552 26135 26135 D ActivityThread: Package [com.gexup] reported as REPLACED, but missing application info. Assuming REMOVED.
03-14 19:15:26.553  3139  3139 D ActivityThread: Package [com.gexup] reported as REPLACED, but missing application info. Assuming REMOVED.
03-14 19:15:26.553 13915 13915 D ActivityThread: Package [com.gexup] reported as REPLACED, but missing application info. Assuming REMOVED.
03-14 19:15:26.553 32316 32316 D ActivityThread: Package [com.gexup] reported as REPLACED, but missing application info. Assuming REMOVED.
03-14 19:15:26.559 32453 32453 D ActivityThread: Package [com.gexup] reported as REPLACED, but missing application info. Assuming REMOVED.
03-14 19:15:26.560 11074 11074 D ActivityThread: Package [com.gexup] reported as REPLACED, but missing application info. Assuming REMOVED.
03-14 19:15:26.560  5253  5253 D ActivityThread: Package [com.gexup] reported as REPLACED, but missing application info. Assuming REMOVED.
03-14 19:15:26.560 23322 23322 D ActivityThread: Package [com.gexup] reported as REPLACED, but missing application info. Assuming REMOVED.
03-14 19:15:26.561 20285 20285 D ActivityThread: Package [com.gexup] reported as REPLACED, but missing application info. Assuming REMOVED.
03-14 19:15:26.561  4422  4422 D ActivityThread: Package [com.gexup] reported as REPLACED, but missing application info. Assuming REMOVED.
03-14 19:15:26.562 14128 14128 D ActivityThread: Package [com.gexup] reported as REPLACED, but missing application info. Assuming REMOVED.
03-14 19:15:26.563 11123 11123 D ActivityThread: Package [com.gexup] reported as REPLACED, but missing application info. Assuming REMOVED.
03-14 19:15:26.563 22851 22851 D ActivityThread: Package [com.gexup] reported as REPLACED, but missing application info. Assuming REMOVED.
03-14 19:15:26.564 13657 13657 D ActivityThread: Package [com.gexup] reported as REPLACED, but missing application info. Assuming REMOVED.
03-14 19:15:26.566 22112 22112 D ActivityThread: Package [com.gexup] reported as REPLACED, but missing application info. Assuming REMOVED.
03-14 19:15:26.567 13495 13495 D ActivityThread: Package [com.gexup] reported as REPLACED, but missing application info. Assuming REMOVED.
03-14 19:15:26.567  4918  4918 D ActivityThread: Package [com.gexup] reported as REPLACED, but missing application info. Assuming REMOVED.
03-14 19:15:26.568 14336 14336 D ActivityThread: Package [com.gexup] reported as REPLACED, but missing application info. Assuming REMOVED.
03-14 19:15:26.568 29784 29784 D ActivityThread: Package [com.gexup] reported as REPLACED, but missing application info. Assuming REMOVED.
03-14 19:15:26.568 17892 17892 D ActivityThread: Package [com.gexup] reported as REPLACED, but missing application info. Assuming REMOVED.
03-14 19:15:26.569 21836 21836 D ActivityThread: Package [com.gexup] reported as REPLACED, but missing application info. Assuming REMOVED.
03-14 19:15:26.569 25107 25107 D ActivityThread: Package [com.gexup] reported as REPLACED, but missing application info. Assuming REMOVED.
03-14 19:15:26.569  5414  5414 D ActivityThread: Package [com.gexup] reported as REPLACED, but missing application info. Assuming REMOVED.
03-14 19:15:26.569 20978 20978 D ActivityThread: Package [com.gexup] reported as REPLACED, but missing application info. Assuming REMOVED.
03-14 19:15:26.570 16707 16707 D ActivityThread: Package [com.gexup] reported as REPLACED, but missing application info. Assuming REMOVED.
03-14 19:15:26.570 21981 21981 D ActivityThread: Package [com.gexup] reported as REPLACED, but missing application info. Assuming REMOVED.
03-14 19:15:26.571 10216 10216 D ActivityThread: Package [com.gexup] reported as REPLACED, but missing application info. Assuming REMOVED.
03-14 19:15:26.570 22833 22833 D ActivityThread: Package [com.gexup] reported as REPLACED, but missing application info. Assuming REMOVED.
03-14 19:15:26.573 26328 26328 D ActivityThread: Package [com.gexup] reported as REPLACED, but missing application info. Assuming REMOVED.
03-14 19:15:26.574 10305 10305 D ActivityThread: Package [com.gexup] reported as REPLACED, but missing application info. Assuming REMOVED.
03-14 19:15:26.575 15389 15389 D ActivityThread: Package [com.gexup] reported as REPLACED, but missing application info. Assuming REMOVED.
03-14 19:15:26.575  3429  3429 D ActivityThread: Package [com.gexup] reported as REPLACED, but missing application info. Assuming REMOVED.
03-14 19:15:26.576 31750 31750 D ActivityThread: Package [com.gexup] reported as REPLACED, but missing application info. Assuming REMOVED.
03-14 19:15:26.577  9602  9602 D ActivityThread: Package [com.gexup] reported as REPLACED, but missing application info. Assuming REMOVED.
03-14 19:15:26.578 27908 27908 D ActivityThread: Package [com.gexup] reported as REPLACED, but missing application info. Assuming REMOVED.
03-14 19:15:26.579 27637 27637 D ActivityThread: Package [com.gexup] reported as REPLACED, but missing application info. Assuming REMOVED.
03-14 19:15:26.579 22774 22774 D ActivityThread: Package [com.gexup] reported as REPLACED, but missing application info. Assuming REMOVED.
03-14 19:15:26.579 26270 26270 D ActivityThread: Package [com.gexup] reported as REPLACED, but missing application info. Assuming REMOVED.
03-14 19:15:26.579  5017  5017 D ActivityThread: Package [com.gexup] reported as REPLACED, but missing application info. Assuming REMOVED.
03-14 19:15:26.580  3139  3139 D ActivityThread: Package [com.gexup] reported as REPLACED, but missing application info. Assuming REMOVED.
03-14 19:15:26.580  6431  6431 D ActivityThread: Package [com.gexup] reported as REPLACED, but missing application info. Assuming REMOVED.
03-14 19:15:26.580  3102  3102 D ActivityThread: Package [com.gexup] reported as REPLACED, but missing application info. Assuming REMOVED.
03-14 19:15:26.580  3128  3128 D ActivityThread: Package [com.gexup] reported as REPLACED, but missing application info. Assuming REMOVED.
03-14 19:15:26.581  8548  8548 D ActivityThread: Package [com.gexup] reported as REPLACED, but missing application info. Assuming REMOVED.
03-14 19:15:26.582  9760  9760 D ActivityThread: Package [com.gexup] reported as REPLACED, but missing application info. Assuming REMOVED.
03-14 19:15:26.582  8548  8562 W .oplus.crashbox: ApkAssets: Deleting an ApkAssets object '<empty> and /data/app/~~eRSW2UAegL57wMGb_ZJzhA==/com.gexup-QnuYA92GqCnuFAUvucERCg==/base.apk' with 1 weak references
03-14 19:15:26.582 30751 30751 D ActivityThread: Package [com.gexup] reported as REPLACED, but missing application info. Assuming REMOVED.
03-14 19:15:26.583 13586 13586 D ActivityThread: Package [com.gexup] reported as REPLACED, but missing application info. Assuming REMOVED.
03-14 19:15:26.583  4194  4194 D ActivityThread: Package [com.gexup] reported as REPLACED, but missing application info. Assuming REMOVED.
03-14 19:15:26.583 11162 11162 D ActivityThread: Package [com.gexup] reported as REPLACED, but missing application info. Assuming REMOVED.
03-14 19:15:26.584 24165 24165 D ActivityThread: Package [com.gexup] reported as REPLACED, but missing application info. Assuming REMOVED.
03-14 19:15:26.584 31709 31709 D ActivityThread: Package [com.gexup] reported as REPLACED, but missing application info. Assuming REMOVED.
03-14 19:15:26.585 30879 30879 D ActivityThread: Package [com.gexup] reported as REPLACED, but missing application info. Assuming REMOVED.
03-14 19:15:26.585  7790  7790 D ActivityThread: Package [com.gexup] reported as REPLACED, but missing application info. Assuming REMOVED.
03-14 19:15:26.588  4020  4020 D ActivityThread: Package [com.gexup] reported as REPLACED, but missing application info. Assuming REMOVED.
03-14 19:15:26.589  3166  3166 D ActivityThread: Package [com.gexup] reported as REPLACED, but missing application info. Assuming REMOVED.
03-14 19:15:26.589 29153 29153 D ActivityThread: Package [com.gexup] reported as REPLACED, but missing application info. Assuming REMOVED.
03-14 19:15:26.589  3184  3184 D ActivityThread: Package [com.gexup] reported as REPLACED, but missing application info. Assuming REMOVED.
03-14 19:15:26.590  3363  3363 D ActivityThread: Package [com.gexup] reported as REPLACED, but missing application info. Assuming REMOVED.
03-14 19:15:26.590 23629 23629 D ActivityThread: Package [com.gexup] reported as REPLACED, but missing application info. Assuming REMOVED.
03-14 19:15:26.591  2725  2725 D ActivityThread: Package [com.gexup] reported as REPLACED, but missing application info. Assuming REMOVED.
03-14 19:15:26.591  3141  3141 D ActivityThread: Package [com.gexup] reported as REPLACED, but missing application info. Assuming REMOVED.
03-14 19:15:26.592  3119  3119 D ActivityThread: Package [com.gexup] reported as REPLACED, but missing application info. Assuming REMOVED.
03-14 19:15:26.592  4590  4590 D ActivityThread: Package [com.gexup] reported as REPLACED, but missing application info. Assuming REMOVED.
03-14 19:15:26.592  3148  3148 D ActivityThread: Package [com.gexup] reported as REPLACED, but missing application info. Assuming REMOVED.
03-14 19:15:26.593  2670  2670 D ActivityThread: Package [com.gexup] reported as REPLACED, but missing application info. Assuming REMOVED.
03-14 19:15:26.597  3102  3102 D ActivityThread: Package [com.gexup] reported as REPLACED, but missing application info. Assuming REMOVED.
03-14 19:15:26.599  2185  2516 I SdkSandboxManager: No SDKs used. Skipping SDK data reconcilation for CallingInfo{mUid=10375, mPackageName='com.gexup, mAppProcessToken='null'}
03-14 19:15:26.613  3018  3018 D ActivityThread: Package [com.gexup] reported as REPLACED, but missing application info. Assuming REMOVED.
03-14 19:15:26.846  2185  2185 D OplusCustomizeService: pkgName = com.gexup
03-14 19:15:26.846  2185  2185 D OplusCustomizeService: Add packages name is :com.gexup;dir:/data/app/~~U-6ZcO5PNGf6Xn43B7VWig==/com.gexup-wR-uSDUGYz_lZqt-HIW0QA==/base.apk
03-14 19:15:26.891  2185  2185 D MultiApp-DataService: handlePackageChange: android.intent.action.PACKAGE_ADDED for: com.gexup
03-14 19:15:26.893 16707 16713 W hbox:interactor: ApkAssets: Deleting an ApkAssets object '<empty> and /data/app/~~eRSW2UAegL57wMGb_ZJzhA==/com.gexup-QnuYA92GqCnuFAUvucERCg==/base.apk' with 1 weak references
03-14 19:15:26.946  2185 16979 D OplusOsPackageManager: uploadInstallAppInfos:{installerPkg=null, code=1, abi1=arm64-v8a, abi2=null, update=1, cert=E28DF6AEC1;, targetSdkVersion=34, source=com.android.shell, app_pkg=com.gexup, version=1.0, initiatingPkg=com.android.shell, md5=6cda87c0225cac9095773cb3cb241d27}
03-14 19:15:26.974  2185  2185 D ActivityThread: Package [com.gexup] reported as REPLACED, but missing application info. Assuming REMOVED.
03-14 19:15:26.975  2185  2185 D ActivityThread: Package [com.gexup] reported as REPLACED, but missing application info. Assuming REMOVED.
03-14 19:15:27.008  2185  2185 W AlarmManager: Package com.gexup, uid 10375 lost permission to set exact alarms!
03-14 19:15:28.061 17022 17022 I SafetyLabelChangedBroadcastReceiver: received broadcast packageName: com.gexup, current user: UserHandle{0}, packageChangeEvent: UPDATE, intent user: UserHandle{0}
03-14 19:15:28.639  3128  3543 D SystemState: com.gexupis removed.
03-14 19:15:28.649  3128  3551 I TcpCongestControl: onPackageChange:pkgname:com.gexup, uid:10375,action:android.intent.action.PACKAGE_REMOVED
03-14 19:15:28.655  3128  3551 I TcpCongestControl: onPackageChange:pkgname:com.gexup, uid:10375,action:android.intent.action.PACKAGE_ADDED
03-14 19:15:28.655  3128  3551 I TcpCongestControl: onPackageChange:pkgname:com.gexup, uid:10375,action:android.intent.action.PACKAGE_REPLACED
03-14 19:15:28.655  3128  3543 D SystemState: com.gexupis added.
03-14 19:15:28.682 11074 11074 D Weather_WeatherServiceDataChangedReceiver: onReceive action: android.intent.action.PACKAGE_REPLACED , pkgName: com.gexup
03-14 19:15:28.682 11074 11074 D Weather_WeatherServiceDataChangedReceiver: onReceive pkgName com.gexup app not is weather service skip
03-14 19:15:28.699  3074  3074 I PluginManagerImpl: actionManager.reloadPackage, pkg: com.gexup
03-14 19:15:28.700  3074  3074 I PluginManagerImpl: actionManager.reloadPackage, pkg: com.gexup
03-14 19:15:28.700  3074  3074 I PluginManagerImpl: actionManager.reloadPackage, pkg: com.gexup
03-14 19:15:28.700  3074  3074 I PluginManagerImpl: actionManager.reloadPackage, pkg: com.gexup
03-14 19:15:28.700  3074  3074 I PluginManagerImpl: actionManager.reloadPackage, pkg: com.gexup
03-14 19:15:28.700  3074  3074 I PluginManagerImpl: actionManager.reloadPackage, pkg: com.gexup
03-14 19:15:28.700  3074  3074 I PluginManagerImpl: actionManager.reloadPackage, pkg: com.gexup
03-14 19:15:28.700  3074  3074 I PluginManagerImpl: actionManager.reloadPackage, pkg: com.gexup
03-14 19:15:28.706  4918  4918 W MediaProvider: WorkProfileOwnerApps cache miss for package com.gexup
03-14 19:15:28.755  2725  2999 W PluginActionManager: handleQueryPlugins, not in mPrivilegedPlugins, pkgName=com.gexup
03-14 19:15:28.755  2725  2999 W PluginActionManager: handleQueryPlugins, not in mPrivilegedPlugins, pkgName=com.gexup
03-14 19:15:28.755  2725  2999 W PluginActionManager: handleQueryPlugins, not in mPrivilegedPlugins, pkgName=com.gexup
03-14 19:15:28.755  2725  2999 W PluginActionManager: handleQueryPlugins, not in mPrivilegedPlugins, pkgName=com.gexup
03-14 19:15:28.755  2725  2999 W PluginActionManager: handleQueryPlugins, not in mPrivilegedPlugins, pkgName=com.gexup
03-14 19:15:28.755  2725  2999 W PluginActionManager: handleQueryPlugins, not in mPrivilegedPlugins, pkgName=com.gexup
03-14 19:15:28.755  2725  2999 W PluginActionManager: handleQueryPlugins, not in mPrivilegedPlugins, pkgName=com.gexup
03-14 19:15:28.755  2725  2999 W PluginActionManager: handleQueryPlugins, not in mPrivilegedPlugins, pkgName=com.gexup
03-14 19:15:28.755  2725  2999 W PluginActionManager: handleQueryPlugins, not in mPrivilegedPlugins, pkgName=com.gexup
03-14 19:15:28.755  2725  2999 W PluginActionManager: handleQueryPlugins, not in mPrivilegedPlugins, pkgName=com.gexup
03-14 19:15:28.755  2725  2999 W PluginActionManager: handleQueryPlugins, not in mPrivilegedPlugins, pkgName=com.gexup
03-14 19:15:28.755  2725  2999 W PluginActionManager: handleQueryPlugins, not in mPrivilegedPlugins, pkgName=com.gexup
03-14 19:15:28.755  2725  2999 W PluginActionManager: handleQueryPlugins, not in mPrivilegedPlugins, pkgName=com.gexup
03-14 19:15:28.755  2725  2999 W PluginActionManager: handleQueryPlugins, not in mPrivilegedPlugins, pkgName=com.gexup
03-14 19:15:28.755  2725  2999 W PluginActionManager: handleQueryPlugins, not in mPrivilegedPlugins, pkgName=com.gexup
03-14 19:15:28.755  2725  2999 W PluginActionManager: handleQueryPlugins, not in mPrivilegedPlugins, pkgName=com.gexup
03-14 19:15:28.755  2725  2999 W PluginActionManager: handleQueryPlugins, not in mPrivilegedPlugins, pkgName=com.gexup
03-14 19:15:28.755  2725  2999 W PluginActionManager: handleQueryPlugins, not in mPrivilegedPlugins, pkgName=com.gexup
03-14 19:15:28.755  2725  2999 W PluginActionManager: handleQueryPlugins, not in mPrivilegedPlugins, pkgName=com.gexup
03-14 19:15:28.755  2725  2999 W PluginActionManager: handleQueryPlugins, not in mPrivilegedPlugins, pkgName=com.gexup
03-14 19:15:28.755  2725  2999 W PluginActionManager: handleQueryPlugins, not in mPrivilegedPlugins, pkgName=com.gexup
03-14 19:15:28.755  2725  2999 W PluginActionManager: handleQueryPlugins, not in mPrivilegedPlugins, pkgName=com.gexup
03-14 19:15:28.755  2725  2999 W PluginActionManager: handleQueryPlugins, not in mPrivilegedPlugins, pkgName=com.gexup
03-14 19:15:28.755  2725  2999 W PluginActionManager: handleQueryPlugins, not in mPrivilegedPlugins, pkgName=com.gexup
03-14 19:15:28.755  2725  2999 W PluginActionManager: handleQueryPlugins, not in mPrivilegedPlugins, pkgName=com.gexup
03-14 19:15:28.756  2725  2999 W PluginActionManager: handleQueryPlugins, not in mPrivilegedPlugins, pkgName=com.gexup
03-14 19:15:28.756  2725  2999 W PluginActionManager: handleQueryPlugins, not in mPrivilegedPlugins, pkgName=com.gexup
03-14 19:15:28.756  2725  2999 W PluginActionManager: handleQueryPlugins, not in mPrivilegedPlugins, pkgName=com.gexup
03-14 19:15:28.756  2725  2999 W PluginActionManager: handleQueryPlugins, not in mPrivilegedPlugins, pkgName=com.gexup
03-14 19:15:28.756  2725  2999 W PluginActionManager: handleQueryPlugins, not in mPrivilegedPlugins, pkgName=com.gexup
03-14 19:15:28.756  2725  2999 W PluginActionManager: handleQueryPlugins, not in mPrivilegedPlugins, pkgName=com.gexup
03-14 19:15:28.756  2725  2999 W PluginActionManager: handleQueryPlugins, not in mPrivilegedPlugins, pkgName=com.gexup
03-14 19:15:28.756  2725  2999 W PluginActionManager: handleQueryPlugins, not in mPrivilegedPlugins, pkgName=com.gexup
03-14 19:15:28.756  2725  2999 W PluginActionManager: handleQueryPlugins, not in mPrivilegedPlugins, pkgName=com.gexup
03-14 19:15:28.756  2725  2999 W PluginActionManager: handleQueryPlugins, not in mPrivilegedPlugins, pkgName=com.gexup
03-14 19:15:28.756  2725  2999 W PluginActionManager: handleQueryPlugins, not in mPrivilegedPlugins, pkgName=com.gexup
03-14 19:15:28.756  2725  2999 W PluginActionManager: handleQueryPlugins, not in mPrivilegedPlugins, pkgName=com.gexup
03-14 19:15:28.756  2725  2999 W PluginActionManager: handleQueryPlugins, not in mPrivilegedPlugins, pkgName=com.gexup
03-14 19:15:28.756  2725  2999 W PluginActionManager: handleQueryPlugins, not in mPrivilegedPlugins, pkgName=com.gexup
03-14 19:15:28.756  2725  2999 W PluginActionManager: handleQueryPlugins, not in mPrivilegedPlugins, pkgName=com.gexup
03-14 19:15:28.756  2725  2999 W PluginActionManager: handleQueryPlugins, not in mPrivilegedPlugins, pkgName=com.gexup
03-14 19:15:28.756  2725  2999 W PluginActionManager: handleQueryPlugins, not in mPrivilegedPlugins, pkgName=com.gexup
03-14 19:15:28.756  2725  2999 W PluginActionManager: handleQueryPlugins, not in mPrivilegedPlugins, pkgName=com.gexup
03-14 19:15:28.756  2725  2999 W PluginActionManager: handleQueryPlugins, not in mPrivilegedPlugins, pkgName=com.gexup
03-14 19:15:28.756  2725  2999 W PluginActionManager: handleQueryPlugins, not in mPrivilegedPlugins, pkgName=com.gexup
03-14 19:15:28.756  2725  2999 W PluginActionManager: handleQueryPlugins, not in mPrivilegedPlugins, pkgName=com.gexup
03-14 19:15:28.756  2725  2999 W PluginActionManager: handleQueryPlugins, not in mPrivilegedPlugins, pkgName=com.gexup
03-14 19:15:28.756  2725  2999 W PluginActionManager: handleQueryPlugins, not in mPrivilegedPlugins, pkgName=com.gexup
03-14 19:15:28.756  2725  2999 W PluginActionManager: handleQueryPlugins, not in mPrivilegedPlugins, pkgName=com.gexup
03-14 19:15:28.756  2725  2999 W PluginActionManager: handleQueryPlugins, not in mPrivilegedPlugins, pkgName=com.gexup
03-14 19:15:28.756  2725  2999 W PluginActionManager: handleQueryPlugins, not in mPrivilegedPlugins, pkgName=com.gexup
03-14 19:15:28.776  2725  2725 I SystemUi--QuickSettings: QSTileHostHelper-->PACKAGE changed pkgName=com.gexup,isMultiAppfalse ,replaceDataBundle[{android.intent.extra.REMOVED_FOR_ALL_USERS=true, android.intent.extra.DONT_KILL_APP=false, android.intent.extra.UID=10375, android.intent.extra.SYSTEM_UPDATE_UNINSTALL=false, android.intent.extra.USER_INITIATED=true, android.intent.extra.DATA_REMOVED=false, android.intent.extra.REPLACING=true, android.intent.extra.user_handle=0}]
03-14 19:15:28.820  2725  2999 W PluginActionManager: handleQueryPlugins, not in mPrivilegedPlugins, pkgName=com.gexup
03-14 19:15:28.820  2725  2999 W PluginActionManager: handleQueryPlugins, not in mPrivilegedPlugins, pkgName=com.gexup
03-14 19:15:28.820  2725  2999 W PluginActionManager: handleQueryPlugins, not in mPrivilegedPlugins, pkgName=com.gexup
03-14 19:15:28.821  2725  2999 W PluginActionManager: handleQueryPlugins, not in mPrivilegedPlugins, pkgName=com.gexup
03-14 19:15:28.821  2725  2999 W PluginActionManager: handleQueryPlugins, not in mPrivilegedPlugins, pkgName=com.gexup
03-14 19:15:28.821  2725  2999 W PluginActionManager: handleQueryPlugins, not in mPrivilegedPlugins, pkgName=com.gexup
03-14 19:15:28.821  2725  2999 W PluginActionManager: handleQueryPlugins, not in mPrivilegedPlugins, pkgName=com.gexup
03-14 19:15:28.821  2725  2999 W PluginActionManager: handleQueryPlugins, not in mPrivilegedPlugins, pkgName=com.gexup
03-14 19:15:28.821  2725  2999 W PluginActionManager: handleQueryPlugins, not in mPrivilegedPlugins, pkgName=com.gexup
03-14 19:15:28.822  2725  2999 W PluginActionManager: handleQueryPlugins, not in mPrivilegedPlugins, pkgName=com.gexup
03-14 19:15:28.822  2725  2999 W PluginActionManager: handleQueryPlugins, not in mPrivilegedPlugins, pkgName=com.gexup
03-14 19:15:28.822  2725  2999 W PluginActionManager: handleQueryPlugins, not in mPrivilegedPlugins, pkgName=com.gexup
03-14 19:15:28.822  2725  2999 W PluginActionManager: handleQueryPlugins, not in mPrivilegedPlugins, pkgName=com.gexup
03-14 19:15:28.822  2725  2999 W PluginActionManager: handleQueryPlugins, not in mPrivilegedPlugins, pkgName=com.gexup
03-14 19:15:28.822  2725  2999 W PluginActionManager: handleQueryPlugins, not in mPrivilegedPlugins, pkgName=com.gexup
03-14 19:15:28.822  2725  2999 W PluginActionManager: handleQueryPlugins, not in mPrivilegedPlugins, pkgName=com.gexup
03-14 19:15:28.822  2725  2999 W PluginActionManager: handleQueryPlugins, not in mPrivilegedPlugins, pkgName=com.gexup
03-14 19:15:28.822  2725  2999 W PluginActionManager: handleQueryPlugins, not in mPrivilegedPlugins, pkgName=com.gexup
03-14 19:15:28.822  2725  2999 W PluginActionManager: handleQueryPlugins, not in mPrivilegedPlugins, pkgName=com.gexup
03-14 19:15:28.822  2725  2999 W PluginActionManager: handleQueryPlugins, not in mPrivilegedPlugins, pkgName=com.gexup
03-14 19:15:28.822  2725  2999 W PluginActionManager: handleQueryPlugins, not in mPrivilegedPlugins, pkgName=com.gexup
03-14 19:15:28.822  2725  2999 W PluginActionManager: handleQueryPlugins, not in mPrivilegedPlugins, pkgName=com.gexup
03-14 19:15:28.823  2725  2999 W PluginActionManager: handleQueryPlugins, not in mPrivilegedPlugins, pkgName=com.gexup
03-14 19:15:28.823  2725  2999 W PluginActionManager: handleQueryPlugins, not in mPrivilegedPlugins, pkgName=com.gexup
03-14 19:15:28.823  2725  2999 W PluginActionManager: handleQueryPlugins, not in mPrivilegedPlugins, pkgName=com.gexup
03-14 19:15:28.823  2725  2999 W PluginActionManager: handleQueryPlugins, not in mPrivilegedPlugins, pkgName=com.gexup
03-14 19:15:28.823  2725  2999 W PluginActionManager: handleQueryPlugins, not in mPrivilegedPlugins, pkgName=com.gexup
03-14 19:15:28.823  2725  2999 W PluginActionManager: handleQueryPlugins, not in mPrivilegedPlugins, pkgName=com.gexup
03-14 19:15:28.823  2725  2999 W PluginActionManager: handleQueryPlugins, not in mPrivilegedPlugins, pkgName=com.gexup
03-14 19:15:28.823  2725  2999 W PluginActionManager: handleQueryPlugins, not in mPrivilegedPlugins, pkgName=com.gexup
03-14 19:15:28.823  2725  2999 W PluginActionManager: handleQueryPlugins, not in mPrivilegedPlugins, pkgName=com.gexup
03-14 19:15:28.823  2725  2999 W PluginActionManager: handleQueryPlugins, not in mPrivilegedPlugins, pkgName=com.gexup
03-14 19:15:28.823  2725  2999 W PluginActionManager: handleQueryPlugins, not in mPrivilegedPlugins, pkgName=com.gexup
03-14 19:15:28.823  2725  2999 W PluginActionManager: handleQueryPlugins, not in mPrivilegedPlugins, pkgName=com.gexup
03-14 19:15:28.823  2725  2999 W PluginActionManager: handleQueryPlugins, not in mPrivilegedPlugins, pkgName=com.gexup
03-14 19:15:28.823  2725  2999 W PluginActionManager: handleQueryPlugins, not in mPrivilegedPlugins, pkgName=com.gexup
03-14 19:15:28.823  2725  2999 W PluginActionManager: handleQueryPlugins, not in mPrivilegedPlugins, pkgName=com.gexup
03-14 19:15:28.823  2725  2999 W PluginActionManager: handleQueryPlugins, not in mPrivilegedPlugins, pkgName=com.gexup
03-14 19:15:28.823  2725  2999 W PluginActionManager: handleQueryPlugins, not in mPrivilegedPlugins, pkgName=com.gexup
03-14 19:15:28.823  2725  2999 W PluginActionManager: handleQueryPlugins, not in mPrivilegedPlugins, pkgName=com.gexup
03-14 19:15:28.823  2725  2999 W PluginActionManager: handleQueryPlugins, not in mPrivilegedPlugins, pkgName=com.gexup
03-14 19:15:28.823  2725  2999 W PluginActionManager: handleQueryPlugins, not in mPrivilegedPlugins, pkgName=com.gexup
03-14 19:15:28.823  2725  2999 W PluginActionManager: handleQueryPlugins, not in mPrivilegedPlugins, pkgName=com.gexup
03-14 19:15:28.823  2725  2999 W PluginActionManager: handleQueryPlugins, not in mPrivilegedPlugins, pkgName=com.gexup
03-14 19:15:28.823  2725  2999 W PluginActionManager: handleQueryPlugins, not in mPrivilegedPlugins, pkgName=com.gexup
03-14 19:15:28.823  2725  2999 W PluginActionManager: handleQueryPlugins, not in mPrivilegedPlugins, pkgName=com.gexup
